Archive member included to satisfy reference by file (symbol)

/Applications/ArmGNUToolchain/12.3.rel1/arm-none-eabi/bin/../lib/gcc/arm-none-eabi/12.3.1/thumb/v6-m/nofp/libgcc.a(_dvmd_tls.o)
                              CMakeFiles/lab5_sys.dir/Users/KuangYi/Desktop/EmbeddedSystems/pico/pico-sdk/src/rp2_common/pico_divider/divider.S.obj (__aeabi_idiv0)
/Applications/ArmGNUToolchain/12.3.rel1/arm-none-eabi/bin/../lib/gcc/arm-none-eabi/12.3.1/../../../../arm-none-eabi/lib/thumb/v6-m/nofp/libc.a(libc_a-atoi.o)
                              CMakeFiles/lab5_sys.dir/Users/KuangYi/Desktop/EmbeddedSystems/pico/pico-sdk/lib/lwip/src/core/netif.c.obj (atoi)
/Applications/ArmGNUToolchain/12.3.rel1/arm-none-eabi/bin/../lib/gcc/arm-none-eabi/12.3.1/../../../../arm-none-eabi/lib/thumb/v6-m/nofp/libc.a(libc_a-calloc.o)
                              CMakeFiles/lab5_sys.dir/Users/KuangYi/Desktop/EmbeddedSystems/pico/pico-sdk/src/rp2_common/pico_malloc/pico_malloc.c.obj (calloc)
/Applications/ArmGNUToolchain/12.3.rel1/arm-none-eabi/bin/../lib/gcc/arm-none-eabi/12.3.1/../../../../arm-none-eabi/lib/thumb/v6-m/nofp/libc.a(libc_a-callocr.o)
                              /Applications/ArmGNUToolchain/12.3.rel1/arm-none-eabi/bin/../lib/gcc/arm-none-eabi/12.3.1/../../../../arm-none-eabi/lib/thumb/v6-m/nofp/libc.a(libc_a-calloc.o) (_calloc_r)
/Applications/ArmGNUToolchain/12.3.rel1/arm-none-eabi/bin/../lib/gcc/arm-none-eabi/12.3.1/../../../../arm-none-eabi/lib/thumb/v6-m/nofp/libc.a(libc_a-malloc.o)
                              CMakeFiles/lab5_sys.dir/Users/KuangYi/Desktop/EmbeddedSystems/pico/pico-sdk/src/rp2_common/pico_malloc/pico_malloc.c.obj (malloc)
/Applications/ArmGNUToolchain/12.3.rel1/arm-none-eabi/bin/../lib/gcc/arm-none-eabi/12.3.1/../../../../arm-none-eabi/lib/thumb/v6-m/nofp/libc.a(libc_a-mallocr.o)
                              /Applications/ArmGNUToolchain/12.3.rel1/arm-none-eabi/bin/../lib/gcc/arm-none-eabi/12.3.1/../../../../arm-none-eabi/lib/thumb/v6-m/nofp/libc.a(libc_a-callocr.o) (_malloc_r)
/Applications/ArmGNUToolchain/12.3.rel1/arm-none-eabi/bin/../lib/gcc/arm-none-eabi/12.3.1/../../../../arm-none-eabi/lib/thumb/v6-m/nofp/libc.a(libc_a-mlock.o)
                              /Applications/ArmGNUToolchain/12.3.rel1/arm-none-eabi/bin/../lib/gcc/arm-none-eabi/12.3.1/../../../../arm-none-eabi/lib/thumb/v6-m/nofp/libc.a(libc_a-mallocr.o) (__malloc_lock)
/Applications/ArmGNUToolchain/12.3.rel1/arm-none-eabi/bin/../lib/gcc/arm-none-eabi/12.3.1/../../../../arm-none-eabi/lib/thumb/v6-m/nofp/libc.a(libc_a-realloc.o)
                              CMakeFiles/lab5_sys.dir/Users/KuangYi/Desktop/EmbeddedSystems/pico/pico-sdk/src/rp2_common/pico_malloc/pico_malloc.c.obj (realloc)
/Applications/ArmGNUToolchain/12.3.rel1/arm-none-eabi/bin/../lib/gcc/arm-none-eabi/12.3.1/../../../../arm-none-eabi/lib/thumb/v6-m/nofp/libc.a(libc_a-reallocr.o)
                              /Applications/ArmGNUToolchain/12.3.rel1/arm-none-eabi/bin/../lib/gcc/arm-none-eabi/12.3.1/../../../../arm-none-eabi/lib/thumb/v6-m/nofp/libc.a(libc_a-realloc.o) (_realloc_r)
/Applications/ArmGNUToolchain/12.3.rel1/arm-none-eabi/bin/../lib/gcc/arm-none-eabi/12.3.1/../../../../arm-none-eabi/lib/thumb/v6-m/nofp/libc.a(libc_a-strtol.o)
                              /Applications/ArmGNUToolchain/12.3.rel1/arm-none-eabi/bin/../lib/gcc/arm-none-eabi/12.3.1/../../../../arm-none-eabi/lib/thumb/v6-m/nofp/libc.a(libc_a-atoi.o) (_strtol_r)
/Applications/ArmGNUToolchain/12.3.rel1/arm-none-eabi/bin/../lib/gcc/arm-none-eabi/12.3.1/../../../../arm-none-eabi/lib/thumb/v6-m/nofp/libc.a(libc_a-memcmp.o)
                              CMakeFiles/lab5_sys.dir/Users/KuangYi/Desktop/EmbeddedSystems/pico/pico-sdk/lib/lwip/src/netif/ethernet.c.obj (memcmp)
/Applications/ArmGNUToolchain/12.3.rel1/arm-none-eabi/bin/../lib/gcc/arm-none-eabi/12.3.1/../../../../arm-none-eabi/lib/thumb/v6-m/nofp/libc.a(libc_a-memmove.o)
                              CMakeFiles/lab5_sys.dir/Users/KuangYi/Desktop/EmbeddedSystems/pico/pico-sdk/lib/lwip/src/core/def.c.obj (memmove)
/Applications/ArmGNUToolchain/12.3.rel1/arm-none-eabi/bin/../lib/gcc/arm-none-eabi/12.3.1/../../../../arm-none-eabi/lib/thumb/v6-m/nofp/libc.a(libc_a-strncmp.o)
                              CMakeFiles/lab5_sys.dir/Users/KuangYi/Desktop/EmbeddedSystems/pico/pico-sdk/lib/lwip/src/core/def.c.obj (strncmp)
/Applications/ArmGNUToolchain/12.3.rel1/arm-none-eabi/bin/../lib/gcc/arm-none-eabi/12.3.1/../../../../arm-none-eabi/lib/thumb/v6-m/nofp/libc.a(libc_a-strncpy.o)
                              CMakeFiles/lab5_sys.dir/Users/KuangYi/Desktop/EmbeddedSystems/pico/pico-sdk/lib/lwip/src/api/netdb.c.obj (strncpy)
/Applications/ArmGNUToolchain/12.3.rel1/arm-none-eabi/bin/../lib/gcc/arm-none-eabi/12.3.1/../../../../arm-none-eabi/lib/thumb/v6-m/nofp/libc.a(libc_a-reent.o)
                              CMakeFiles/lab5_sys.dir/Users/KuangYi/Desktop/EmbeddedSystems/pico/pico-sdk/lib/lwip/src/api/if_api.c.obj (errno)
[...]
Memory Configuration

Name             Origin             Length             Attributes
FLASH            0x10000000         0x00200000         xr
RAM              0x20000000         0x00040000         xrw
SCRATCH_X        0x20040000         0x00001000         xrw
SCRATCH_Y        0x20041000         0x00001000         xrw
*default*        0x00000000         0xffffffff

Linker script and memory map

LOAD /Applications/ArmGNUToolchain/12.3.rel1/arm-none-eabi/bin/../lib/gcc/arm-none-eabi/12.3.1/thumb/v6-m/nofp/crti.o
LOAD /Applications/ArmGNUToolchain/12.3.rel1/arm-none-eabi/bin/../lib/gcc/arm-none-eabi/12.3.1/thumb/v6-m/nofp/crtbegin.o
LOAD /Applications/ArmGNUToolchain/12.3.rel1/arm-none-eabi/bin/../lib/gcc/arm-none-eabi/12.3.1/../../../../arm-none-eabi/lib/thumb/v6-m/nofp/crt0.o

.flash_begin    0x10000000        0x0
                0x10000000                        __flash_binary_start = .

.boot2          0x10000000      0x100
                0x10000000                        __boot2_start__ = .
 *(.boot2)
 .boot2         0x10000000      0x100 /var/folders/qp/70x5myk55gn36d85345_k19w0000gn/T//ccRWnEiD.o
                0x10000100                        __boot2_end__ = .
                0x00000001                        ASSERT (((__boot2_end__ - __boot2_start__) == 0x100), ERROR: Pico second stage bootloader must be 256 bytes in size)

.text           0x10000100     0xa798
                0x10000100                        __logical_binary_start = .
 *(.vectors)
 .vectors       0x10000100       0xd4 CMakeFiles/lab5_sys.dir/Users/KuangYi/Desktop/EmbeddedSystems/pico/pico-sdk/src/rp2_common/pico_standard_link/crt0.S.obj
                0x10000100                __VECTOR_TABLE
                0x10000100                __vectors
                0x100001c0                __default_isrs_start
                0x100001c0                isr_invalid
                0x100001c2                isr_nmi
                0x100001c4                isr_hardfault
                0x100001c6                isr_svcall
                0x100001c8                isr_pendsv
                0x100001ca                isr_systick
                0x100001cc                isr_irq28
                0x100001cc                isr_irq19
                0x100001cc                isr_irq0
                0x100001cc                isr_irq6
                0x100001cc                isr_irq22
                0x100001cc                isr_irq17
                0x100001cc                isr_irq14
                0x100001cc                isr_irq2
                0x100001cc                isr_irq10
                0x100001cc                isr_irq8
                0x100001cc                isr_irq24
                0x100001cc                isr_irq1
                0x100001cc                isr_irq7
                0x100001cc                isr_irq21
                0x100001cc                isr_irq20
                0x100001cc                isr_irq15
                0x100001cc                isr_irq25
                0x100001cc                isr_irq4
                0x100001cc                isr_irq16
                0x100001cc                isr_irq29
                0x100001cc                isr_irq26
                0x100001cc                __default_isrs_end
                0x100001cc                isr_irq3
                0x100001cc                isr_irq9
                0x100001cc                __unhandled_user_irq
                0x100001cc                isr_irq13
                0x100001cc                isr_irq27
                0x100001cc                isr_irq31
                0x100001cc                isr_irq5
                0x100001cc                isr_irq11
                0x100001cc                isr_irq23
                0x100001cc                isr_irq18
                0x100001cc                isr_irq30
                0x100001cc                isr_irq12
                0x100001d2                unhandled_user_irq_num_in_r0
 *(.binary_info_header)
 .binary_info_header
                0x100001d4       0x14 CMakeFiles/lab5_sys.dir/Users/KuangYi/Desktop/EmbeddedSystems/pico/pico-sdk/src/rp2_common/pico_standard_link/crt0.S.obj
                0x100001e8                        __binary_info_header_end = .
 *(.reset)
 .reset         0x100001e8       0xa0 CMakeFiles/lab5_sys.dir/Users/KuangYi/Desktop/EmbeddedSystems/pico/pico-sdk/src/rp2_common/pico_standard_link/crt0.S.obj
                0x100001e8                _entry_point
 .reset         0x10000288       0x30 CMakeFiles/lab5_sys.dir/Users/KuangYi/Desktop/EmbeddedSystems/pico/pico-sdk/src/rp2_common/pico_standard_link/binary_info.c.obj
 *(.init)
 .init          0x100002b8        0x4 /Applications/ArmGNUToolchain/12.3.rel1/arm-none-eabi/bin/../lib/gcc/arm-none-eabi/12.3.1/thumb/v6-m/nofp/crti.o
                0x100002b8                _init
 *(EXCLUDE_FILE(*libm.a: *libc.a:*lib_a-mem*.o *libgcc.a:) .text*)
 .text.register_tm_clones
                0x100002bc       0x28 /Applications/ArmGNUToolchain/12.3.rel1/arm-none-eabi/bin/../lib/gcc/arm-none-eabi/12.3.1/thumb/v6-m/nofp/crtbegin.o
 .text.frame_dummy
                0x100002e4       0x24 /Applications/ArmGNUToolchain/12.3.rel1/arm-none-eabi/bin/../lib/gcc/arm-none-eabi/12.3.1/thumb/v6-m/nofp/crtbegin.o
 .text.main_task
                0x10000308       0xa8 CMakeFiles/lab5_sys.dir/2201354.c.obj
                0x10000308                main_task
 .text.movingAverageTask
                0x100003b0       0x94 CMakeFiles/lab5_sys.dir/2201354.c.obj
                0x100003b0                movingAverageTask
 .text.simpleAverageTask
                0x10000444       0x54 CMakeFiles/lab5_sys.dir/2201354.c.obj
                0x10000444                simpleAverageTask
 .text.printerTask
                0x10000498       0xd8 CMakeFiles/lab5_sys.dir/2201354.c.obj
                0x10000498                printerTask
 .text.vLaunch  0x10000570       0xc8 CMakeFiles/lab5_sys.dir/2201354.c.obj
                0x10000570                vLaunch
 .text.startup.main
                0x10000638       0x20 CMakeFiles/lab5_sys.dir/2201354.c.obj
                0x10000638                main
 .text.running_on_fpga
                0x10000658       0x10 CMakeFiles/lab5_sys.dir/Users/KuangYi/Desktop/EmbeddedSystems/pico/pico-sdk/src/rp2_common/pico_platform/platform.c.obj
                0x10000658                running_on_fpga
 .text.startup._retrieve_unique_id_on_boot
                0x10000668       0x10 CMakeFiles/lab5_sys.dir/Users/KuangYi/Desktop/EmbeddedSystems/pico/pico-sdk/src/rp2_common/pico_unique_id/unique_id.c.obj
 .text.pico_get_unique_board_id_string
                0x10000678      0x1a8 CMakeFiles/lab5_sys.dir/Users/KuangYi/Desktop/EmbeddedSystems/pico/pico-sdk/src/rp2_common/pico_unique_id/unique_id.c.obj
                0x10000678                pico_get_unique_board_id_string
 .text.flash_get_unique_id
                0x10000820       0x40 CMakeFiles/lab5_sys.dir/Users/KuangYi/Desktop/EmbeddedSystems/pico/pico-sdk/src/rp2_common/hardware_flash/flash.c.obj
                0x10000820                flash_get_unique_id
 .text.hw_claim_or_assert
                0x10000860       0x44 CMakeFiles/lab5_sys.dir/Users/KuangYi/Desktop/EmbeddedSystems/pico/pico-sdk/src/rp2_common/hardware_claim/claim.c.obj
                0x10000860                hw_claim_or_assert
 .text.hw_claim_unused_from_range
                0x100008a4       0x9c CMakeFiles/lab5_sys.dir/Users/KuangYi/Desktop/EmbeddedSystems/pico/pico-sdk/src/rp2_common/hardware_claim/claim.c.obj
                0x100008a4                hw_claim_unused_from_range
 .text.spin_locks_reset
                0x10000940       0x1c CMakeFiles/lab5_sys.dir/Users/KuangYi/Desktop/EmbeddedSystems/pico/pico-sdk/src/rp2_common/hardware_sync/sync.c.obj
                0x10000940                spin_locks_reset
 .text.next_striped_spin_lock_num
                0x1000095c       0x18 CMakeFiles/lab5_sys.dir/Users/KuangYi/Desktop/EmbeddedSystems/pico/pico-sdk/src/rp2_common/hardware_sync/sync.c.obj
                0x1000095c                next_striped_spin_lock_num
 .text.spin_lock_claim
                0x10000974       0x18 CMakeFiles/lab5_sys.dir/Users/KuangYi/Desktop/EmbeddedSystems/pico/pico-sdk/src/rp2_common/hardware_sync/sync.c.obj
                0x10000974                spin_lock_claim
 .text.spin_lock_claim_unused
                0x1000098c       0x24 CMakeFiles/lab5_sys.dir/Users/KuangYi/Desktop/EmbeddedSystems/pico/pico-sdk/src/rp2_common/hardware_sync/sync.c.obj
                0x1000098c                spin_lock_claim_unused
 .text.rom_func_lookup
                0x100009b0       0x10 CMakeFiles/lab5_sys.dir/Users/KuangYi/Desktop/EmbeddedSystems/pico/pico-sdk/src/rp2_common/pico_bootrom/bootrom.c.obj
                0x100009b0                rom_func_lookup
 .text.rom_data_lookup
                0x100009c0       0x10 CMakeFiles/lab5_sys.dir/Users/KuangYi/Desktop/EmbeddedSystems/pico/pico-sdk/src/rp2_common/pico_bootrom/bootrom.c.obj
                0x100009c0                rom_data_lookup
 .text.rom_funcs_lookup
                0x100009d0       0x44 CMakeFiles/lab5_sys.dir/Users/KuangYi/Desktop/EmbeddedSystems/pico/pico-sdk/src/rp2_common/pico_bootrom/bootrom.c.obj
                0x100009d0                rom_funcs_lookup
 .text.clocks_init
                0x10000a14      0x2c8 CMakeFiles/lab5_sys.dir/Users/KuangYi/Desktop/EmbeddedSystems/pico/pico-sdk/src/rp2_common/hardware_clocks/clocks.c.obj
                0x10000a14                clocks_init
 .text.clock_get_hz
                0x10000cdc        0xc CMakeFiles/lab5_sys.dir/Users/KuangYi/Desktop/EmbeddedSystems/pico/pico-sdk/src/rp2_common/hardware_clocks/clocks.c.obj
                0x10000cdc                clock_get_hz
 .text.gpio_set_function
                0x10000ce8       0x30 CMakeFiles/lab5_sys.dir/Users/KuangYi/Desktop/EmbeddedSystems/pico/pico-sdk/src/rp2_common/hardware_gpio/gpio.c.obj
                0x10000ce8                gpio_set_function
 .text.irq_set_enabled
                0x10000d18       0x24 CMakeFiles/lab5_sys.dir/Users/KuangYi/Desktop/EmbeddedSystems/pico/pico-sdk/src/rp2_common/hardware_irq/irq.c.obj
                0x10000d18                irq_set_enabled
 .text.irq_is_enabled
                0x10000d3c       0x18 CMakeFiles/lab5_sys.dir/Users/KuangYi/Desktop/EmbeddedSystems/pico/pico-sdk/src/rp2_common/hardware_irq/irq.c.obj
                0x10000d3c                irq_is_enabled
 .text.irq_set_pending
                0x10000d54       0x10 CMakeFiles/lab5_sys.dir/Users/KuangYi/Desktop/EmbeddedSystems/pico/pico-sdk/src/rp2_common/hardware_irq/irq.c.obj
                0x10000d54                irq_set_pending
 .text.irq_has_shared_handler
                0x10000d64       0x2c CMakeFiles/lab5_sys.dir/Users/KuangYi/Desktop/EmbeddedSystems/pico/pico-sdk/src/rp2_common/hardware_irq/irq.c.obj
                0x10000d64                irq_has_shared_handler
 .text.irq_get_vtable_handler
                0x10000d90       0x10 CMakeFiles/lab5_sys.dir/Users/KuangYi/Desktop/EmbeddedSystems/pico/pico-sdk/src/rp2_common/hardware_irq/irq.c.obj
                0x10000d90                irq_get_vtable_handler
 .text.irq_set_exclusive_handler
                0x10000da0       0x54 CMakeFiles/lab5_sys.dir/Users/KuangYi/Desktop/EmbeddedSystems/pico/pico-sdk/src/rp2_common/hardware_irq/irq.c.obj
                0x10000da0                irq_set_exclusive_handler
 .text.irq_add_shared_handler
                0x10000df4      0x1e0 CMakeFiles/lab5_sys.dir/Users/KuangYi/Desktop/EmbeddedSystems/pico/pico-sdk/src/rp2_common/hardware_irq/irq.c.obj
                0x10000df4                irq_add_shared_handler
 .text.irq_remove_handler
                0x10000fd4      0x1c4 CMakeFiles/lab5_sys.dir/Users/KuangYi/Desktop/EmbeddedSystems/pico/pico-sdk/src/rp2_common/hardware_irq/irq.c.obj
                0x10000fd4                irq_remove_handler
 .text.irq_set_priority
                0x10001198       0x28 CMakeFiles/lab5_sys.dir/Users/KuangYi/Desktop/EmbeddedSystems/pico/pico-sdk/src/rp2_common/hardware_irq/irq.c.obj
                0x10001198                irq_set_priority
 .text.irq_add_tail_to_free_list
                0x100011c0       0xb4 CMakeFiles/lab5_sys.dir/Users/KuangYi/Desktop/EmbeddedSystems/pico/pico-sdk/src/rp2_common/hardware_irq/irq.c.obj
                0x100011c0                irq_add_tail_to_free_list
 .text.irq_init_priorities
                0x10001274       0x24 CMakeFiles/lab5_sys.dir/Users/KuangYi/Desktop/EmbeddedSystems/pico/pico-sdk/src/rp2_common/hardware_irq/irq.c.obj
                0x10001274                irq_init_priorities
 .text.user_irq_claim_unused
                0x10001298       0x2c CMakeFiles/lab5_sys.dir/Users/KuangYi/Desktop/EmbeddedSystems/pico/pico-sdk/src/rp2_common/hardware_irq/irq.c.obj
                0x10001298                user_irq_claim_unused
 .text.lock_init
                0x100012c4       0x10 CMakeFiles/lab5_sys.dir/Users/KuangYi/Desktop/EmbeddedSystems/pico/pico-sdk/src/common/pico_sync/lock_core.c.obj
                0x100012c4                lock_init
 .text.mutex_init
                0x100012d4       0x1c CMakeFiles/lab5_sys.dir/Users/KuangYi/Desktop/EmbeddedSystems/pico/pico-sdk/src/common/pico_sync/mutex.c.obj
                0x100012d4                mutex_init
 .text.recursive_mutex_init
                0x100012f0       0x20 CMakeFiles/lab5_sys.dir/Users/KuangYi/Desktop/EmbeddedSystems/pico/pico-sdk/src/common/pico_sync/mutex.c.obj
                0x100012f0                recursive_mutex_init
 .text.critical_section_init
                0x10001310       0x1c CMakeFiles/lab5_sys.dir/Users/KuangYi/Desktop/EmbeddedSystems/pico/pico-sdk/src/common/pico_sync/critical_section.c.obj
                0x10001310                critical_section_init
 .text.critical_section_init_with_lock_num
                0x1000132c       0x14 CMakeFiles/lab5_sys.dir/Users/KuangYi/Desktop/EmbeddedSystems/pico/pico-sdk/src/common/pico_sync/critical_section.c.obj
                0x1000132c                critical_section_init_with_lock_num
 .text.timer_pool_entry_comparator
                0x10001340       0x34 CMakeFiles/lab5_sys.dir/Users/KuangYi/Desktop/EmbeddedSystems/pico/pico-sdk/src/common/pico_time/time.c.obj
                0x10001340                timer_pool_entry_comparator
 .text.sleep_until_callback
                0x10001374       0x24 CMakeFiles/lab5_sys.dir/Users/KuangYi/Desktop/EmbeddedSystems/pico/pico-sdk/src/common/pico_time/time.c.obj
 .text.add_alarm_under_lock.isra.0
                0x10001398       0xf8 CMakeFiles/lab5_sys.dir/Users/KuangYi/Desktop/EmbeddedSystems/pico/pico-sdk/src/common/pico_time/time.c.obj
 .text.alarm_pool_alarm_callback
                0x10001490      0x1c0 CMakeFiles/lab5_sys.dir/Users/KuangYi/Desktop/EmbeddedSystems/pico/pico-sdk/src/common/pico_time/time.c.obj
 .text.alarm_pool_init_default
                0x10001650       0x6c CMakeFiles/lab5_sys.dir/Users/KuangYi/Desktop/EmbeddedSystems/pico/pico-sdk/src/common/pico_time/time.c.obj
                0x10001650                alarm_pool_init_default
 .text.alarm_pool_get_default
                0x100016bc        0x8 CMakeFiles/lab5_sys.dir/Users/KuangYi/Desktop/EmbeddedSystems/pico/pico-sdk/src/common/pico_time/time.c.obj
                0x100016bc                alarm_pool_get_default
 .text.alarm_pool_add_alarm_at
                0x100016c4      0x17c CMakeFiles/lab5_sys.dir/Users/KuangYi/Desktop/EmbeddedSystems/pico/pico-sdk/src/common/pico_time/time.c.obj
                0x100016c4                alarm_pool_add_alarm_at
 .text.alarm_pool_core_num
                0x10001840        0x4 CMakeFiles/lab5_sys.dir/Users/KuangYi/Desktop/EmbeddedSystems/pico/pico-sdk/src/common/pico_time/time.c.obj
                0x10001840                alarm_pool_core_num
 .text.best_effort_wfe_or_timeout
                0x10001844       0xcc CMakeFiles/lab5_sys.dir/Users/KuangYi/Desktop/EmbeddedSystems/pico/pico-sdk/src/common/pico_time/time.c.obj
                0x10001844                best_effort_wfe_or_timeout
 .text.hardware_alarm_irq_handler
                0x10001910       0xbc CMakeFiles/lab5_sys.dir/Users/KuangYi/Desktop/EmbeddedSystems/pico/pico-sdk/src/rp2_common/hardware_timer/timer.c.obj
 .text.hardware_alarm_claim
                0x100019cc       0x18 CMakeFiles/lab5_sys.dir/Users/KuangYi/Desktop/EmbeddedSystems/pico/pico-sdk/src/rp2_common/hardware_timer/timer.c.obj
                0x100019cc                hardware_alarm_claim
 .text.time_us_64
                0x100019e4       0x14 CMakeFiles/lab5_sys.dir/Users/KuangYi/Desktop/EmbeddedSystems/pico/pico-sdk/src/rp2_common/hardware_timer/timer.c.obj
                0x100019e4                time_us_64
 .text.busy_wait_us
                0x100019f8       0x68 CMakeFiles/lab5_sys.dir/Users/KuangYi/Desktop/EmbeddedSystems/pico/pico-sdk/src/rp2_common/hardware_timer/timer.c.obj
                0x100019f8                busy_wait_us
 .text.hardware_alarm_set_callback
                0x10001a60       0x8c CMakeFiles/lab5_sys.dir/Users/KuangYi/Desktop/EmbeddedSystems/pico/pico-sdk/src/rp2_common/hardware_timer/timer.c.obj
                0x10001a60                hardware_alarm_set_callback
 .text.hardware_alarm_set_target
                0x10001aec       0xd0 CMakeFiles/lab5_sys.dir/Users/KuangYi/Desktop/EmbeddedSystems/pico/pico-sdk/src/rp2_common/hardware_timer/timer.c.obj
                0x10001aec                hardware_alarm_set_target
 .text.hardware_alarm_cancel
                0x10001bbc       0x3c CMakeFiles/lab5_sys.dir/Users/KuangYi/Desktop/EmbeddedSystems/pico/pico-sdk/src/rp2_common/hardware_timer/timer.c.obj
                0x10001bbc                hardware_alarm_cancel
 .text.ph_merge_nodes
                0x10001bf8       0x58 CMakeFiles/lab5_sys.dir/Users/KuangYi/Desktop/EmbeddedSystems/pico/pico-sdk/src/common/pico_util/pheap.c.obj
 .text.ph_post_alloc_init
                0x10001c50       0x3c CMakeFiles/lab5_sys.dir/Users/KuangYi/Desktop/EmbeddedSystems/pico/pico-sdk/src/common/pico_util/pheap.c.obj
                0x10001c50                ph_post_alloc_init
 .text.ph_merge_two_pass
                0x10001c8c       0x8c CMakeFiles/lab5_sys.dir/Users/KuangYi/Desktop/EmbeddedSystems/pico/pico-sdk/src/common/pico_util/pheap.c.obj
                0x10001c8c                ph_merge_two_pass
 .text.ph_remove_any_head
                0x10001d18      0x100 CMakeFiles/lab5_sys.dir/Users/KuangYi/Desktop/EmbeddedSystems/pico/pico-sdk/src/common/pico_util/pheap.c.obj
 .text.ph_remove_head
                0x10001e18      0x104 CMakeFiles/lab5_sys.dir/Users/KuangYi/Desktop/EmbeddedSystems/pico/pico-sdk/src/common/pico_util/pheap.c.obj
                0x10001e18                ph_remove_head
 .text.ph_remove_and_free_node
                0x10001f1c       0x78 CMakeFiles/lab5_sys.dir/Users/KuangYi/Desktop/EmbeddedSystems/pico/pico-sdk/src/common/pico_util/pheap.c.obj
                0x10001f1c                ph_remove_and_free_node
 .text.pll_init
                0x10001f94       0xa0 CMakeFiles/lab5_sys.dir/Users/KuangYi/Desktop/EmbeddedSystems/pico/pico-sdk/src/rp2_common/hardware_pll/pll.c.obj
                0x10001f94                pll_init
 .text.watchdog_start_tick
                0x10002034       0x10 CMakeFiles/lab5_sys.dir/Users/KuangYi/Desktop/EmbeddedSystems/pico/pico-sdk/src/rp2_common/hardware_watchdog/watchdog.c.obj
                0x10002034                watchdog_start_tick
 .text.watchdog_reboot
                0x10002044       0x9c CMakeFiles/lab5_sys.dir/Users/KuangYi/Desktop/EmbeddedSystems/pico/pico-sdk/src/rp2_common/hardware_watchdog/watchdog.c.obj
                0x10002044                watchdog_reboot
 .text.xosc_init
                0x100020e0       0x28 CMakeFiles/lab5_sys.dir/Users/KuangYi/Desktop/EmbeddedSystems/pico/pico-sdk/src/rp2_common/hardware_xosc/xosc.c.obj
                0x100020e0                xosc_init
 .text.exception_set_exclusive_handler
                0x10002108       0x48 CMakeFiles/lab5_sys.dir/Users/KuangYi/Desktop/EmbeddedSystems/pico/pico-sdk/src/rp2_common/hardware_exception/exception.c.obj
                0x10002108                exception_set_exclusive_handler
 .text.uart_init
                0x10002150      0x188 CMakeFiles/lab5_sys.dir/Users/KuangYi/Desktop/EmbeddedSystems/pico/pico-sdk/src/rp2_common/hardware_uart/uart.c.obj
                0x10002150                uart_init
 .text.runtime_init
                0x100022d8       0xf0 CMakeFiles/lab5_sys.dir/Users/KuangYi/Desktop/EmbeddedSystems/pico/pico-sdk/src/rp2_common/pico_runtime/runtime.c.obj
                0x100022d8                runtime_init
 .text._exit    0x100023c8        0x4 CMakeFiles/lab5_sys.dir/Users/KuangYi/Desktop/EmbeddedSystems/pico/pico-sdk/src/rp2_common/pico_runtime/runtime.c.obj
                0x100023c8                _exit
 .text.exit     0x100023cc        0x8 CMakeFiles/lab5_sys.dir/Users/KuangYi/Desktop/EmbeddedSystems/pico/pico-sdk/src/rp2_common/pico_runtime/runtime.c.obj
                0x100023cc                exit
 .text.panic    0x100023d4       0x30 CMakeFiles/lab5_sys.dir/Users/KuangYi/Desktop/EmbeddedSystems/pico/pico-sdk/src/rp2_common/pico_runtime/runtime.c.obj
                0x100023d4                panic
 .text.panic_unsupported
                0x10002404        0xc CMakeFiles/lab5_sys.dir/Users/KuangYi/Desktop/EmbeddedSystems/pico/pico-sdk/src/rp2_common/pico_runtime/runtime.c.obj
                0x10002404                panic_unsupported
 .text.hard_assertion_failure
                0x10002410        0xc CMakeFiles/lab5_sys.dir/Users/KuangYi/Desktop/EmbeddedSystems/pico/pico-sdk/src/rp2_common/pico_runtime/runtime.c.obj
                0x10002410                hard_assertion_failure
 .text._out_null
                0x1000241c        0x4 CMakeFiles/lab5_sys.dir/Users/KuangYi/Desktop/EmbeddedSystems/pico/pico-sdk/src/rp2_common/pico_printf/printf.c.obj
 .text._out_rev
                0x10002420       0x90 CMakeFiles/lab5_sys.dir/Users/KuangYi/Desktop/EmbeddedSystems/pico/pico-sdk/src/rp2_common/pico_printf/printf.c.obj
 .text._ntoa_format
                0x100024b0      0x208 CMakeFiles/lab5_sys.dir/Users/KuangYi/Desktop/EmbeddedSystems/pico/pico-sdk/src/rp2_common/pico_printf/printf.c.obj
 .text._out_char
                0x100026b8       0x10 CMakeFiles/lab5_sys.dir/Users/KuangYi/Desktop/EmbeddedSystems/pico/pico-sdk/src/rp2_common/pico_printf/printf.c.obj
 .text._out_fct
                0x100026c8       0x10 CMakeFiles/lab5_sys.dir/Users/KuangYi/Desktop/EmbeddedSystems/pico/pico-sdk/src/rp2_common/pico_printf/printf.c.obj
 .text._etoa    0x100026d8      0x464 CMakeFiles/lab5_sys.dir/Users/KuangYi/Desktop/EmbeddedSystems/pico/pico-sdk/src/rp2_common/pico_printf/printf.c.obj
 .text._ftoa    0x10002b3c      0x3c4 CMakeFiles/lab5_sys.dir/Users/KuangYi/Desktop/EmbeddedSystems/pico/pico-sdk/src/rp2_common/pico_printf/printf.c.obj
 .text._vsnprintf
                0x10002f00      0xc18 CMakeFiles/lab5_sys.dir/Users/KuangYi/Desktop/EmbeddedSystems/pico/pico-sdk/src/rp2_common/pico_printf/printf.c.obj
 .text.vfctprintf
                0x10003b18       0x20 CMakeFiles/lab5_sys.dir/Users/KuangYi/Desktop/EmbeddedSystems/pico/pico-sdk/src/rp2_common/pico_printf/printf.c.obj
                0x10003b18                vfctprintf
 .text.weak_raw_vprintf
                0x10003b38       0x30 CMakeFiles/lab5_sys.dir/Users/KuangYi/Desktop/EmbeddedSystems/pico/pico-sdk/src/rp2_common/pico_printf/printf.c.obj
                0x10003b38                weak_raw_vprintf
 .text          0x10003b68       0x10 CMakeFiles/lab5_sys.dir/Users/KuangYi/Desktop/EmbeddedSystems/pico/pico-sdk/src/rp2_common/pico_bit_ops/bit_ops_aeabi.S.obj
 .text.clzsi    0x10003b78        0xc CMakeFiles/lab5_sys.dir/Users/KuangYi/Desktop/EmbeddedSystems/pico/pico-sdk/src/rp2_common/pico_bit_ops/bit_ops_aeabi.S.obj
                0x10003b78                __wrap___clz
                0x10003b78                __wrap___clzsi2
                0x10003b78                __wrap___clzl
 .text.__wrap___aeabi_idiv
                0x10003b84       0x50 CMakeFiles/lab5_sys.dir/Users/KuangYi/Desktop/EmbeddedSystems/pico/pico-sdk/src/rp2_common/pico_divider/divider.S.obj
                0x10003b84                __wrap___aeabi_idivmod
                0x10003b84                divmod_s32s32
                0x10003b84                div_s32s32
                0x10003b84                __wrap___aeabi_idiv
                0x10003b8c                divmod_s32s32_unsafe
                0x10003bb8                divmod_s32s32_savestate
 .text.__wrap___aeabi_uidiv
                0x10003bd4       0x4c CMakeFiles/lab5_sys.dir/Users/KuangYi/Desktop/EmbeddedSystems/pico/pico-sdk/src/rp2_common/pico_divider/divider.S.obj
                0x10003bd4                __wrap___aeabi_uidiv
                0x10003bd4                __wrap___aeabi_uidivmod
                0x10003bd4                div_u32u32
                0x10003bd4                divmod_u32u32
                0x10003bdc                divmod_u32u32_unsafe
                0x10003c04                divmod_u32u32_savestate
 .text.__wrap___aeabi_ldiv
                0x10003c20      0x424 CMakeFiles/lab5_sys.dir/Users/KuangYi/Desktop/EmbeddedSystems/pico/pico-sdk/src/rp2_common/pico_divider/divider.S.obj
                0x10003c20                __wrap___aeabi_ldivmod
                0x10003c20                div_s64s64
                0x10003c20                divmod_s64s64
                0x10003c50                divmod_u64u64
                0x10003c50                div_u64u64
                0x10003c50                __wrap___aeabi_uldivmod
                0x10003c60                divmod_u64u64_savestate
                0x10003c80                divmod_s64s64_unsafe
                0x10003d08                divmod_u64u64_unsafe
 .text.__wrap___aeabi_darithmetic
                0x10004044       0x60 CMakeFiles/lab5_sys.dir/Users/KuangYi/Desktop/EmbeddedSystems/pico/pico-sdk/src/rp2_common/pico_double/double_aeabi.S.obj
                0x10004044                __wrap___aeabi_drsub
                0x1000404a                __wrap___aeabi_dsub
                0x10004054                __wrap___aeabi_dadd
                0x1000405e                __wrap___aeabi_ddiv
                0x10004092                __wrap___aeabi_dmul
 .text.__wrap___aeabi_cdcmple
                0x100040a4       0x6c CMakeFiles/lab5_sys.dir/Users/KuangYi/Desktop/EmbeddedSystems/pico/pico-sdk/src/rp2_common/pico_double/double_aeabi.S.obj
                0x100040a4                __wrap___aeabi_cdrcmple
                0x100040b4                __wrap___aeabi_cdcmple
                0x100040b4                __wrap___aeabi_cdcmpeq
 .text.__wrap___aeabi_dcmplt
                0x10004110        0xc CMakeFiles/lab5_sys.dir/Users/KuangYi/Desktop/EmbeddedSystems/pico/pico-sdk/src/rp2_common/pico_double/double_aeabi.S.obj
                0x10004110                __wrap___aeabi_dcmplt
 .text.__wrap___aeabi_dcmpge
                0x1000411c       0x10 CMakeFiles/lab5_sys.dir/Users/KuangYi/Desktop/EmbeddedSystems/pico/pico-sdk/src/rp2_common/pico_double/double_aeabi.S.obj
                0x1000411c                __wrap___aeabi_dcmpge
 .text.__wrap___aeabi_dcmpgt
                0x1000412c        0xa CMakeFiles/lab5_sys.dir/Users/KuangYi/Desktop/EmbeddedSystems/pico/pico-sdk/src/rp2_common/pico_double/double_aeabi.S.obj
                0x1000412c                __wrap___aeabi_dcmpgt
 .text.__wrap___aeabi_dcmpun
                0x10004136       0x1c CMakeFiles/lab5_sys.dir/Users/KuangYi/Desktop/EmbeddedSystems/pico/pico-sdk/src/rp2_common/pico_double/double_aeabi.S.obj
                0x10004136                __wrap___aeabi_dcmpun
 *fill*         0x10004152        0x2 
 .text.__wrap___aeabi_i2d
                0x10004154       0x38 CMakeFiles/lab5_sys.dir/Users/KuangYi/Desktop/EmbeddedSystems/pico/pico-sdk/src/rp2_common/pico_double/double_aeabi.S.obj
                0x10004154                __wrap___aeabi_ui2d
                0x1000415c                __wrap___aeabi_i2d
 .text.__wrap___aeabi_d2iz
                0x1000418c       0x48 CMakeFiles/lab5_sys.dir/Users/KuangYi/Desktop/EmbeddedSystems/pico/pico-sdk/src/rp2_common/pico_double/double_aeabi.S.obj
                0x1000418c                __wrap___aeabi_d2iz
                0x1000418c                double2int_z
 .text.__wrap___aeabi_d2uiz
                0x100041d4       0x10 CMakeFiles/lab5_sys.dir/Users/KuangYi/Desktop/EmbeddedSystems/pico/pico-sdk/src/rp2_common/pico_double/double_aeabi.S.obj
                0x100041d4                double2uint
                0x100041d4                __wrap___aeabi_d2uiz
 .text.missing_double_func_shim
                0x100041e4        0xc CMakeFiles/lab5_sys.dir/Users/KuangYi/Desktop/EmbeddedSystems/pico/pico-sdk/src/rp2_common/pico_double/double_init_rom.c.obj
 .text.__aeabi_double_init
                0x100041f0       0x94 CMakeFiles/lab5_sys.dir/Users/KuangYi/Desktop/EmbeddedSystems/pico/pico-sdk/src/rp2_common/pico_double/double_init_rom.c.obj
                0x100041f0                __aeabi_double_init
 .text.double_table_shim_on_use_helper
                0x10004284       0x2c CMakeFiles/lab5_sys.dir/Users/KuangYi/Desktop/EmbeddedSystems/pico/pico-sdk/src/rp2_common/pico_double/double_v1_rom_shim.S.obj
                0x10004284                double_table_shim_on_use_helper
 .text.__aeabi_lmul
                0x100042b0       0x32 CMakeFiles/lab5_sys.dir/Users/KuangYi/Desktop/EmbeddedSystems/pico/pico-sdk/src/rp2_common/pico_int64_ops/pico_int64_ops_aeabi.S.obj
                0x100042b0                __wrap___aeabi_lmul
 *fill*         0x100042e2        0x2 
 .text.__wrap___aeabi_farithmetic
                0x100042e4       0x48 CMakeFiles/lab5_sys.dir/Users/KuangYi/Desktop/EmbeddedSystems/pico/pico-sdk/src/rp2_common/pico_float/float_aeabi.S.obj
                0x100042e4                __wrap___aeabi_frsub
                0x100042ea                __wrap___aeabi_fsub
                0x100042f0                __wrap___aeabi_fadd
                0x100042f6                __wrap___aeabi_fdiv
                0x1000431e                __wrap___aeabi_fmul
 .text.__wrap___aeabi_ui2f
                0x1000432c        0xa CMakeFiles/lab5_sys.dir/Users/KuangYi/Desktop/EmbeddedSystems/pico/pico-sdk/src/rp2_common/pico_float/float_aeabi.S.obj
                0x1000432c                __wrap___aeabi_ui2f
 *fill*         0x10004336        0x2 
 .text.__wrap___aeabi_i2f
                0x10004338       0x44 CMakeFiles/lab5_sys.dir/Users/KuangYi/Desktop/EmbeddedSystems/pico/pico-sdk/src/rp2_common/pico_float/float_aeabi.S.obj
                0x10004338                __wrap___aeabi_i2f
 .text.__wrap___aeabi_f2d
                0x1000437c        0xc CMakeFiles/lab5_sys.dir/Users/KuangYi/Desktop/EmbeddedSystems/pico/pico-sdk/src/rp2_common/pico_float/float_aeabi.S.obj
                0x1000437c                __wrap___aeabi_f2d
 .text.missing_float_func_shim
                0x10004388        0xc CMakeFiles/lab5_sys.dir/Users/KuangYi/Desktop/EmbeddedSystems/pico/pico-sdk/src/rp2_common/pico_float/float_init_rom.c.obj
 .text.__aeabi_float_init
                0x10004394       0x5c CMakeFiles/lab5_sys.dir/Users/KuangYi/Desktop/EmbeddedSystems/pico/pico-sdk/src/rp2_common/pico_float/float_init_rom.c.obj
                0x10004394                __aeabi_float_init
 .text          0x100043f0       0x10 CMakeFiles/lab5_sys.dir/Users/KuangYi/Desktop/EmbeddedSystems/pico/pico-sdk/src/rp2_common/pico_mem_ops/mem_ops_aeabi.S.obj
                0x100043f0                __aeabi_mem_init
 .text.memset   0x10004400        0xc CMakeFiles/lab5_sys.dir/Users/KuangYi/Desktop/EmbeddedSystems/pico/pico-sdk/src/rp2_common/pico_mem_ops/mem_ops_aeabi.S.obj
                0x10004400                __wrap_memset
 .text.memcpy   0x1000440c        0xc CMakeFiles/lab5_sys.dir/Users/KuangYi/Desktop/EmbeddedSystems/pico/pico-sdk/src/rp2_common/pico_mem_ops/mem_ops_aeabi.S.obj
                0x1000440c                __wrap___aeabi_memcpy
                0x1000440c                __wrap_memcpy
 .text.stdio_out_chars_crlf
                0x10004418       0x94 CMakeFiles/lab5_sys.dir/Users/KuangYi/Desktop/EmbeddedSystems/pico/pico-sdk/src/rp2_common/pico_stdio/stdio.c.obj
 .text.stdio_buffered_printer
                0x100044ac       0x64 CMakeFiles/lab5_sys.dir/Users/KuangYi/Desktop/EmbeddedSystems/pico/pico-sdk/src/rp2_common/pico_stdio/stdio.c.obj
 .text.__wrap_putchar
                0x10004510       0x98 CMakeFiles/lab5_sys.dir/Users/KuangYi/Desktop/EmbeddedSystems/pico/pico-sdk/src/rp2_common/pico_stdio/stdio.c.obj
                0x10004510                __wrap_putchar
 .text.__wrap_puts
                0x100045a8       0xe0 CMakeFiles/lab5_sys.dir/Users/KuangYi/Desktop/EmbeddedSystems/pico/pico-sdk/src/rp2_common/pico_stdio/stdio.c.obj
                0x100045a8                __wrap_puts
 .text.stdio_set_driver_enabled
                0x10004688       0x30 CMakeFiles/lab5_sys.dir/Users/KuangYi/Desktop/EmbeddedSystems/pico/pico-sdk/src/rp2_common/pico_stdio/stdio.c.obj
                0x10004688                stdio_set_driver_enabled
 .text.__wrap_vprintf
                0x100046b8       0xd4 CMakeFiles/lab5_sys.dir/Users/KuangYi/Desktop/EmbeddedSystems/pico/pico-sdk/src/rp2_common/pico_stdio/stdio.c.obj
                0x100046b8                __wrap_vprintf
 .text.__wrap_printf
                0x1000478c       0x18 CMakeFiles/lab5_sys.dir/Users/KuangYi/Desktop/EmbeddedSystems/pico/pico-sdk/src/rp2_common/pico_stdio/stdio.c.obj
                0x1000478c                __wrap_printf
 .text.stdio_init_all
                0x100047a4       0x10 CMakeFiles/lab5_sys.dir/Users/KuangYi/Desktop/EmbeddedSystems/pico/pico-sdk/src/rp2_common/pico_stdio/stdio.c.obj
                0x100047a4                stdio_init_all
 .text.stdio_uart_out_chars
                0x100047b4       0x4c CMakeFiles/lab5_sys.dir/Users/KuangYi/Desktop/EmbeddedSystems/pico/pico-sdk/src/rp2_common/pico_stdio_uart/stdio_uart.c.obj
 .text.stdio_uart_in_chars
                0x10004800       0x90 CMakeFiles/lab5_sys.dir/Users/KuangYi/Desktop/EmbeddedSystems/pico/pico-sdk/src/rp2_common/pico_stdio_uart/stdio_uart.c.obj
                0x10004800                stdio_uart_in_chars
 .text.on_uart_rx
                0x10004890       0x28 CMakeFiles/lab5_sys.dir/Users/KuangYi/Desktop/EmbeddedSystems/pico/pico-sdk/src/rp2_common/pico_stdio_uart/stdio_uart.c.obj
 .text.stdio_uart_set_chars_available_callback
                0x100048b8       0x8c CMakeFiles/lab5_sys.dir/Users/KuangYi/Desktop/EmbeddedSystems/pico/pico-sdk/src/rp2_common/pico_stdio_uart/stdio_uart.c.obj
 .text.stdio_uart_init
                0x10004944       0x48 CMakeFiles/lab5_sys.dir/Users/KuangYi/Desktop/EmbeddedSystems/pico/pico-sdk/src/rp2_common/pico_stdio_uart/stdio_uart.c.obj
                0x10004944                stdio_uart_init
 .text.resetd_init
                0x1000498c        0x4 CMakeFiles/lab5_sys.dir/Users/KuangYi/Desktop/EmbeddedSystems/pico/pico-sdk/src/rp2_common/pico_stdio_usb/reset_interface.c.obj
 .text.resetd_reset
                0x10004990        0xc CMakeFiles/lab5_sys.dir/Users/KuangYi/Desktop/EmbeddedSystems/pico/pico-sdk/src/rp2_common/pico_stdio_usb/reset_interface.c.obj
 .text.resetd_open
                0x1000499c       0x28 CMakeFiles/lab5_sys.dir/Users/KuangYi/Desktop/EmbeddedSystems/pico/pico-sdk/src/rp2_common/pico_stdio_usb/reset_interface.c.obj
 .text.resetd_xfer_cb
                0x100049c4        0x4 CMakeFiles/lab5_sys.dir/Users/KuangYi/Desktop/EmbeddedSystems/pico/pico-sdk/src/rp2_common/pico_stdio_usb/reset_interface.c.obj
 .text.resetd_control_xfer_cb
                0x100049c8       0x60 CMakeFiles/lab5_sys.dir/Users/KuangYi/Desktop/EmbeddedSystems/pico/pico-sdk/src/rp2_common/pico_stdio_usb/reset_interface.c.obj
 .text.usbd_app_driver_get_cb
                0x10004a28        0xc CMakeFiles/lab5_sys.dir/Users/KuangYi/Desktop/EmbeddedSystems/pico/pico-sdk/src/rp2_common/pico_stdio_usb/reset_interface.c.obj
                0x10004a28                usbd_app_driver_get_cb
 .text.tud_cdc_line_coding_cb
                0x10004a34       0x34 CMakeFiles/lab5_sys.dir/Users/KuangYi/Desktop/EmbeddedSystems/pico/pico-sdk/src/rp2_common/pico_stdio_usb/reset_interface.c.obj
                0x10004a34                tud_cdc_line_coding_cb
 .text.stdio_usb_set_chars_available_callback
                0x10004a68       0x14 CMakeFiles/lab5_sys.dir/Users/KuangYi/Desktop/EmbeddedSystems/pico/pico-sdk/src/rp2_common/pico_stdio_usb/stdio_usb.c.obj
                0x10004a68                stdio_usb_set_chars_available_callback
 .text.usb_irq  0x10004a7c       0x10 CMakeFiles/lab5_sys.dir/Users/KuangYi/Desktop/EmbeddedSystems/pico/pico-sdk/src/rp2_common/pico_stdio_usb/stdio_usb.c.obj
 .text.timer_task
                0x10004a8c       0x54 CMakeFiles/lab5_sys.dir/Users/KuangYi/Desktop/EmbeddedSystems/pico/pico-sdk/src/rp2_common/pico_stdio_usb/stdio_usb.c.obj
 .text.stdio_usb_in_chars
                0x10004ae0       0x90 CMakeFiles/lab5_sys.dir/Users/KuangYi/Desktop/EmbeddedSystems/pico/pico-sdk/src/rp2_common/pico_stdio_usb/stdio_usb.c.obj
                0x10004ae0                stdio_usb_in_chars
 .text.stdio_usb_out_chars
                0x10004b70      0x104 CMakeFiles/lab5_sys.dir/Users/KuangYi/Desktop/EmbeddedSystems/pico/pico-sdk/src/rp2_common/pico_stdio_usb/stdio_usb.c.obj
 .text.low_priority_worker_irq
                0x10004c74       0xa8 CMakeFiles/lab5_sys.dir/Users/KuangYi/Desktop/EmbeddedSystems/pico/pico-sdk/src/rp2_common/pico_stdio_usb/stdio_usb.c.obj
 .text.tud_cdc_rx_cb
                0x10004d1c       0x20 CMakeFiles/lab5_sys.dir/Users/KuangYi/Desktop/EmbeddedSystems/pico/pico-sdk/src/rp2_common/pico_stdio_usb/stdio_usb.c.obj
                0x10004d1c                tud_cdc_rx_cb
 .text.stdio_usb_init
                0x10004d3c       0xe0 CMakeFiles/lab5_sys.dir/Users/KuangYi/Desktop/EmbeddedSystems/pico/pico-sdk/src/rp2_common/pico_stdio_usb/stdio_usb.c.obj
                0x10004d3c                stdio_usb_init
 .text.tud_descriptor_device_cb
                0x10004e1c        0x8 CMakeFiles/lab5_sys.dir/Users/KuangYi/Desktop/EmbeddedSystems/pico/pico-sdk/src/rp2_common/pico_stdio_usb/stdio_usb_descriptors.c.obj
                0x10004e1c                tud_descriptor_device_cb
 .text.tud_descriptor_configuration_cb
                0x10004e24        0x8 CMakeFiles/lab5_sys.dir/Users/KuangYi/Desktop/EmbeddedSystems/pico/pico-sdk/src/rp2_common/pico_stdio_usb/stdio_usb_descriptors.c.obj
                0x10004e24                tud_descriptor_configuration_cb
 .text.tud_descriptor_string_cb
                0x10004e2c       0x78 CMakeFiles/lab5_sys.dir/Users/KuangYi/Desktop/EmbeddedSystems/pico/pico-sdk/src/rp2_common/pico_stdio_usb/stdio_usb_descriptors.c.obj
                0x10004e2c                tud_descriptor_string_cb
 .text.dcd_int_enable
                0x10004ea4        0xc CMakeFiles/lab5_sys.dir/Users/KuangYi/Desktop/EmbeddedSystems/pico/pico-sdk/lib/tinyusb/src/portable/raspberrypi/rp2040/dcd_rp2040.c.obj
                0x10004ea4                dcd_int_enable
 .text.dcd_set_address
                0x10004eb0       0x14 CMakeFiles/lab5_sys.dir/Users/KuangYi/Desktop/EmbeddedSystems/pico/pico-sdk/lib/tinyusb/src/portable/raspberrypi/rp2040/dcd_rp2040.c.obj
                0x10004eb0                dcd_set_address
 .text.dcd_connect
                0x10004ec4       0x10 CMakeFiles/lab5_sys.dir/Users/KuangYi/Desktop/EmbeddedSystems/pico/pico-sdk/lib/tinyusb/src/portable/raspberrypi/rp2040/dcd_rp2040.c.obj
                0x10004ec4                dcd_connect
 .text.dcd_init
                0x10004ed4       0x98 CMakeFiles/lab5_sys.dir/Users/KuangYi/Desktop/EmbeddedSystems/pico/pico-sdk/lib/tinyusb/src/portable/raspberrypi/rp2040/dcd_rp2040.c.obj
                0x10004ed4                dcd_init
 .text.dcd_edpt0_status_complete
                0x10004f6c       0x1c CMakeFiles/lab5_sys.dir/Users/KuangYi/Desktop/EmbeddedSystems/pico/pico-sdk/lib/tinyusb/src/portable/raspberrypi/rp2040/dcd_rp2040.c.obj
                0x10004f6c                dcd_edpt0_status_complete
 .text.dcd_edpt_open
                0x10004f88      0x108 CMakeFiles/lab5_sys.dir/Users/KuangYi/Desktop/EmbeddedSystems/pico/pico-sdk/lib/tinyusb/src/portable/raspberrypi/rp2040/dcd_rp2040.c.obj
                0x10004f88                dcd_edpt_open
 .text.dcd_edpt_close_all
                0x10005090        0x8 CMakeFiles/lab5_sys.dir/Users/KuangYi/Desktop/EmbeddedSystems/pico/pico-sdk/lib/tinyusb/src/portable/raspberrypi/rp2040/dcd_rp2040.c.obj
                0x10005090                dcd_edpt_close_all
 .text.dcd_edpt_xfer
                0x10005098       0x24 CMakeFiles/lab5_sys.dir/Users/KuangYi/Desktop/EmbeddedSystems/pico/pico-sdk/lib/tinyusb/src/portable/raspberrypi/rp2040/dcd_rp2040.c.obj
                0x10005098                dcd_edpt_xfer
 .text.dcd_edpt_stall
                0x100050bc       0x34 CMakeFiles/lab5_sys.dir/Users/KuangYi/Desktop/EmbeddedSystems/pico/pico-sdk/lib/tinyusb/src/portable/raspberrypi/rp2040/dcd_rp2040.c.obj
                0x100050bc                dcd_edpt_stall
 .text.dcd_edpt_clear_stall
                0x100050f0       0x30 CMakeFiles/lab5_sys.dir/Users/KuangYi/Desktop/EmbeddedSystems/pico/pico-sdk/lib/tinyusb/src/portable/raspberrypi/rp2040/dcd_rp2040.c.obj
                0x100050f0                dcd_edpt_clear_stall
 .text.rp2040_usb_init
                0x10005120       0x4c CMakeFiles/lab5_sys.dir/Users/KuangYi/Desktop/EmbeddedSystems/pico/pico-sdk/lib/tinyusb/src/portable/raspberrypi/rp2040/rp2040_usb.c.obj
                0x10005120                rp2040_usb_init
 .text.hw_endpoint_xfer_start
                0x1000516c       0x40 CMakeFiles/lab5_sys.dir/Users/KuangYi/Desktop/EmbeddedSystems/pico/pico-sdk/lib/tinyusb/src/portable/raspberrypi/rp2040/rp2040_usb.c.obj
                0x1000516c                hw_endpoint_xfer_start
 .text.tud_mounted
                0x100051ac       0x10 CMakeFiles/lab5_sys.dir/Users/KuangYi/Desktop/EmbeddedSystems/pico/pico-sdk/lib/tinyusb/src/device/usbd.c.obj
                0x100051ac                tud_mounted
 .text.tud_suspended
                0x100051bc       0x10 CMakeFiles/lab5_sys.dir/Users/KuangYi/Desktop/EmbeddedSystems/pico/pico-sdk/lib/tinyusb/src/device/usbd.c.obj
                0x100051bc                tud_suspended
 .text.tud_inited
                0x100051cc       0x14 CMakeFiles/lab5_sys.dir/Users/KuangYi/Desktop/EmbeddedSystems/pico/pico-sdk/lib/tinyusb/src/device/usbd.c.obj
                0x100051cc                tud_inited
 .text.tud_init
                0x100051e0       0xd8 CMakeFiles/lab5_sys.dir/Users/KuangYi/Desktop/EmbeddedSystems/pico/pico-sdk/lib/tinyusb/src/device/usbd.c.obj
                0x100051e0                tud_init
 .text.tud_task_ext
                0x100052b8      0x8a4 CMakeFiles/lab5_sys.dir/Users/KuangYi/Desktop/EmbeddedSystems/pico/pico-sdk/lib/tinyusb/src/device/usbd.c.obj
                0x100052b8                tud_task_ext
 .text.usbd_open_edpt_pair
                0x10005b5c       0x9c CMakeFiles/lab5_sys.dir/Users/KuangYi/Desktop/EmbeddedSystems/pico/pico-sdk/lib/tinyusb/src/device/usbd.c.obj
                0x10005b5c                usbd_open_edpt_pair
 .text.usbd_defer_func
                0x10005bf8       0x48 CMakeFiles/lab5_sys.dir/Users/KuangYi/Desktop/EmbeddedSystems/pico/pico-sdk/lib/tinyusb/src/device/usbd.c.obj
                0x10005bf8                usbd_defer_func
 .text.usbd_edpt_open
                0x10005c40       0x34 CMakeFiles/lab5_sys.dir/Users/KuangYi/Desktop/EmbeddedSystems/pico/pico-sdk/lib/tinyusb/src/device/usbd.c.obj
                0x10005c40                usbd_edpt_open
 .text.usbd_edpt_claim
                0x10005c74       0x28 CMakeFiles/lab5_sys.dir/Users/KuangYi/Desktop/EmbeddedSystems/pico/pico-sdk/lib/tinyusb/src/device/usbd.c.obj
                0x10005c74                usbd_edpt_claim
 .text.usbd_edpt_release
                0x10005c9c       0x28 CMakeFiles/lab5_sys.dir/Users/KuangYi/Desktop/EmbeddedSystems/pico/pico-sdk/lib/tinyusb/src/device/usbd.c.obj
                0x10005c9c                usbd_edpt_release
 .text.usbd_edpt_xfer
                0x10005cc4       0x4c CMakeFiles/lab5_sys.dir/Users/KuangYi/Desktop/EmbeddedSystems/pico/pico-sdk/lib/tinyusb/src/device/usbd.c.obj
                0x10005cc4                usbd_edpt_xfer
 .text.tud_control_status
                0x10005d10       0x2c CMakeFiles/lab5_sys.dir/Users/KuangYi/Desktop/EmbeddedSystems/pico/pico-sdk/lib/tinyusb/src/device/usbd_control.c.obj
                0x10005d10                tud_control_status
 .text.tud_control_xfer
                0x10005d3c       0xac CMakeFiles/lab5_sys.dir/Users/KuangYi/Desktop/EmbeddedSystems/pico/pico-sdk/lib/tinyusb/src/device/usbd_control.c.obj
                0x10005d3c                tud_control_xfer
 .text.usbd_control_reset
                0x10005de8       0x14 CMakeFiles/lab5_sys.dir/Users/KuangYi/Desktop/EmbeddedSystems/pico/pico-sdk/lib/tinyusb/src/device/usbd_control.c.obj
                0x10005de8                usbd_control_reset
 .text.usbd_control_set_complete_callback
                0x10005dfc        0xc CMakeFiles/lab5_sys.dir/Users/KuangYi/Desktop/EmbeddedSystems/pico/pico-sdk/lib/tinyusb/src/device/usbd_control.c.obj
                0x10005dfc                usbd_control_set_complete_callback
 .text.usbd_control_set_request
                0x10005e08       0x1c CMakeFiles/lab5_sys.dir/Users/KuangYi/Desktop/EmbeddedSystems/pico/pico-sdk/lib/tinyusb/src/device/usbd_control.c.obj
                0x10005e08                usbd_control_set_request
 .text.usbd_control_xfer_cb
                0x10005e24       0xf4 CMakeFiles/lab5_sys.dir/Users/KuangYi/Desktop/EmbeddedSystems/pico/pico-sdk/lib/tinyusb/src/device/usbd_control.c.obj
                0x10005e24                usbd_control_xfer_cb
 .text.tud_cdc_n_connected
                0x10005f18       0x30 CMakeFiles/lab5_sys.dir/Users/KuangYi/Desktop/EmbeddedSystems/pico/pico-sdk/lib/tinyusb/src/class/cdc/cdc_device.c.obj
                0x10005f18                tud_cdc_n_connected
 .text.tud_cdc_n_available
                0x10005f48       0x18 CMakeFiles/lab5_sys.dir/Users/KuangYi/Desktop/EmbeddedSystems/pico/pico-sdk/lib/tinyusb/src/class/cdc/cdc_device.c.obj
                0x10005f48                tud_cdc_n_available
 .text.tud_cdc_n_read
                0x10005f60       0x70 CMakeFiles/lab5_sys.dir/Users/KuangYi/Desktop/EmbeddedSystems/pico/pico-sdk/lib/tinyusb/src/class/cdc/cdc_device.c.obj
                0x10005f60                tud_cdc_n_read
 .text.tud_cdc_n_write_flush
                0x10005fd0       0x78 CMakeFiles/lab5_sys.dir/Users/KuangYi/Desktop/EmbeddedSystems/pico/pico-sdk/lib/tinyusb/src/class/cdc/cdc_device.c.obj
                0x10005fd0                tud_cdc_n_write_flush
 .text.tud_cdc_n_write
                0x10006048       0x34 CMakeFiles/lab5_sys.dir/Users/KuangYi/Desktop/EmbeddedSystems/pico/pico-sdk/lib/tinyusb/src/class/cdc/cdc_device.c.obj
                0x10006048                tud_cdc_n_write
 .text.tud_cdc_n_write_available
                0x1000607c       0x18 CMakeFiles/lab5_sys.dir/Users/KuangYi/Desktop/EmbeddedSystems/pico/pico-sdk/lib/tinyusb/src/class/cdc/cdc_device.c.obj
                0x1000607c                tud_cdc_n_write_available
 .text.cdcd_init
                0x10006094       0x7c CMakeFiles/lab5_sys.dir/Users/KuangYi/Desktop/EmbeddedSystems/pico/pico-sdk/lib/tinyusb/src/class/cdc/cdc_device.c.obj
                0x10006094                cdcd_init
 .text.cdcd_reset
                0x10006110       0x2c CMakeFiles/lab5_sys.dir/Users/KuangYi/Desktop/EmbeddedSystems/pico/pico-sdk/lib/tinyusb/src/class/cdc/cdc_device.c.obj
                0x10006110                cdcd_reset
 .text.cdcd_open
                0x1000613c       0xe4 CMakeFiles/lab5_sys.dir/Users/KuangYi/Desktop/EmbeddedSystems/pico/pico-sdk/lib/tinyusb/src/class/cdc/cdc_device.c.obj
                0x1000613c                cdcd_open
 .text.cdcd_control_xfer_cb
                0x10006220       0xe4 CMakeFiles/lab5_sys.dir/Users/KuangYi/Desktop/EmbeddedSystems/pico/pico-sdk/lib/tinyusb/src/class/cdc/cdc_device.c.obj
                0x10006220                cdcd_control_xfer_cb
 .text.cdcd_xfer_cb
                0x10006304      0x13c CMakeFiles/lab5_sys.dir/Users/KuangYi/Desktop/EmbeddedSystems/pico/pico-sdk/lib/tinyusb/src/class/cdc/cdc_device.c.obj
                0x10006304                cdcd_xfer_cb
 .text.tusb_init
                0x10006440        0xc CMakeFiles/lab5_sys.dir/Users/KuangYi/Desktop/EmbeddedSystems/pico/pico-sdk/lib/tinyusb/src/tusb.c.obj
                0x10006440                tusb_init
 .text.tusb_inited
                0x1000644c        0x8 CMakeFiles/lab5_sys.dir/Users/KuangYi/Desktop/EmbeddedSystems/pico/pico-sdk/lib/tinyusb/src/tusb.c.obj
                0x1000644c                tusb_inited
 .text.tu_edpt_claim
                0x10006454       0x50 CMakeFiles/lab5_sys.dir/Users/KuangYi/Desktop/EmbeddedSystems/pico/pico-sdk/lib/tinyusb/src/tusb.c.obj
                0x10006454                tu_edpt_claim
 .text.tu_edpt_release
                0x100064a4       0x38 CMakeFiles/lab5_sys.dir/Users/KuangYi/Desktop/EmbeddedSystems/pico/pico-sdk/lib/tinyusb/src/tusb.c.obj
                0x100064a4                tu_edpt_release
 .text.tu_edpt_validate
                0x100064dc       0x7c CMakeFiles/lab5_sys.dir/Users/KuangYi/Desktop/EmbeddedSystems/pico/pico-sdk/lib/tinyusb/src/tusb.c.obj
                0x100064dc                tu_edpt_validate
 .text.tu_edpt_bind_driver
                0x10006558       0x34 CMakeFiles/lab5_sys.dir/Users/KuangYi/Desktop/EmbeddedSystems/pico/pico-sdk/lib/tinyusb/src/tusb.c.obj
                0x10006558                tu_edpt_bind_driver
 .text.tu_fifo_config
                0x1000658c       0x6c CMakeFiles/lab5_sys.dir/Users/KuangYi/Desktop/EmbeddedSystems/pico/pico-sdk/lib/tinyusb/src/common/tusb_fifo.c.obj
                0x1000658c                tu_fifo_config
 .text.tu_fifo_count
                0x100065f8       0x2c CMakeFiles/lab5_sys.dir/Users/KuangYi/Desktop/EmbeddedSystems/pico/pico-sdk/lib/tinyusb/src/common/tusb_fifo.c.obj
                0x100065f8                tu_fifo_count
 .text.tu_fifo_empty
                0x10006624       0x10 CMakeFiles/lab5_sys.dir/Users/KuangYi/Desktop/EmbeddedSystems/pico/pico-sdk/lib/tinyusb/src/common/tusb_fifo.c.obj
                0x10006624                tu_fifo_empty
 .text.tu_fifo_remaining
                0x10006634       0x2c CMakeFiles/lab5_sys.dir/Users/KuangYi/Desktop/EmbeddedSystems/pico/pico-sdk/lib/tinyusb/src/common/tusb_fifo.c.obj
                0x10006634                tu_fifo_remaining
 .text.tu_fifo_read
                0x10006660       0x9c CMakeFiles/lab5_sys.dir/Users/KuangYi/Desktop/EmbeddedSystems/pico/pico-sdk/lib/tinyusb/src/common/tusb_fifo.c.obj
                0x10006660                tu_fifo_read
 .text.tu_fifo_read_n
                0x100066fc       0xe8 CMakeFiles/lab5_sys.dir/Users/KuangYi/Desktop/EmbeddedSystems/pico/pico-sdk/lib/tinyusb/src/common/tusb_fifo.c.obj
                0x100066fc                tu_fifo_read_n
 .text.tu_fifo_write
                0x100067e4       0x88 CMakeFiles/lab5_sys.dir/Users/KuangYi/Desktop/EmbeddedSystems/pico/pico-sdk/lib/tinyusb/src/common/tusb_fifo.c.obj
                0x100067e4                tu_fifo_write
 .text.tu_fifo_write_n
                0x1000686c      0x178 CMakeFiles/lab5_sys.dir/Users/KuangYi/Desktop/EmbeddedSystems/pico/pico-sdk/lib/tinyusb/src/common/tusb_fifo.c.obj
                0x1000686c                tu_fifo_write_n
 .text.tu_fifo_clear
                0x100069e4       0x40 CMakeFiles/lab5_sys.dir/Users/KuangYi/Desktop/EmbeddedSystems/pico/pico-sdk/lib/tinyusb/src/common/tusb_fifo.c.obj
                0x100069e4                tu_fifo_clear
 .text.tu_fifo_set_overwritable
                0x10006a24       0x48 CMakeFiles/lab5_sys.dir/Users/KuangYi/Desktop/EmbeddedSystems/pico/pico-sdk/lib/tinyusb/src/common/tusb_fifo.c.obj
                0x10006a24                tu_fifo_set_overwritable
 .text.pvPortMalloc
                0x10006a6c      0x17c CMakeFiles/lab5_sys.dir/Users/KuangYi/Desktop/EmbeddedSystems/pico/FreeRTOS-Kernel/portable/MemMang/heap_4.c.obj
                0x10006a6c                pvPortMalloc
 .text.vPortFree
                0x10006be8       0x94 CMakeFiles/lab5_sys.dir/Users/KuangYi/Desktop/EmbeddedSystems/pico/FreeRTOS-Kernel/portable/MemMang/heap_4.c.obj
                0x10006be8                vPortFree
 .text.vPortSVCHandler
                0x10006c7c        0x4 CMakeFiles/lab5_sys.dir/Users/KuangYi/Desktop/EmbeddedSystems/pico/FreeRTOS-Kernel/portable/ThirdParty/GCC/RP2040/port.c.obj
                0x10006c7c                vPortSVCHandler
 .text.vPortStartFirstTask
                0x10006c80       0x38 CMakeFiles/lab5_sys.dir/Users/KuangYi/Desktop/EmbeddedSystems/pico/FreeRTOS-Kernel/portable/ThirdParty/GCC/RP2040/port.c.obj
 .text.prvFIFOInterruptHandler
                0x10006cb8       0x2c CMakeFiles/lab5_sys.dir/Users/KuangYi/Desktop/EmbeddedSystems/pico/FreeRTOS-Kernel/portable/ThirdParty/GCC/RP2040/port.c.obj
 *fill*         0x10006ce4        0xc 
 .text.xPortPendSVHandler
                0x10006cf0       0x78 CMakeFiles/lab5_sys.dir/Users/KuangYi/Desktop/EmbeddedSystems/pico/FreeRTOS-Kernel/portable/ThirdParty/GCC/RP2040/port.c.obj
                0x10006cf0                xPortPendSVHandler
 .text.xPortSysTickHandler
                0x10006d68       0x2c CMakeFiles/lab5_sys.dir/Users/KuangYi/Desktop/EmbeddedSystems/pico/FreeRTOS-Kernel/portable/ThirdParty/GCC/RP2040/port.c.obj
                0x10006d68                xPortSysTickHandler
 .text.prvTaskExitError
                0x10006d94        0x8 CMakeFiles/lab5_sys.dir/Users/KuangYi/Desktop/EmbeddedSystems/pico/FreeRTOS-Kernel/portable/ThirdParty/GCC/RP2040/port.c.obj
 .text.pxPortInitialiseStack
                0x10006d9c       0x20 CMakeFiles/lab5_sys.dir/Users/KuangYi/Desktop/EmbeddedSystems/pico/FreeRTOS-Kernel/portable/ThirdParty/GCC/RP2040/port.c.obj
                0x10006d9c                pxPortInitialiseStack
 .text.vPortYield
                0x10006dbc       0x18 CMakeFiles/lab5_sys.dir/Users/KuangYi/Desktop/EmbeddedSystems/pico/FreeRTOS-Kernel/portable/ThirdParty/GCC/RP2040/port.c.obj
                0x10006dbc                vPortYield
 .text.vPortEnableInterrupts
                0x10006dd4       0x30 CMakeFiles/lab5_sys.dir/Users/KuangYi/Desktop/EmbeddedSystems/pico/FreeRTOS-Kernel/portable/ThirdParty/GCC/RP2040/port.c.obj
                0x10006dd4                vPortEnableInterrupts
 .text.vYieldCore
                0x10006e04        0xc CMakeFiles/lab5_sys.dir/Users/KuangYi/Desktop/EmbeddedSystems/pico/FreeRTOS-Kernel/portable/ThirdParty/GCC/RP2040/port.c.obj
                0x10006e04                vYieldCore
 .text.vPortSetupTimerInterrupt
                0x10006e10       0x34 CMakeFiles/lab5_sys.dir/Users/KuangYi/Desktop/EmbeddedSystems/pico/FreeRTOS-Kernel/portable/ThirdParty/GCC/RP2040/port.c.obj
                0x10006e10                vPortSetupTimerInterrupt
 .text.xPortStartSchedulerOnCore.isra.0
                0x10006e44       0xac CMakeFiles/lab5_sys.dir/Users/KuangYi/Desktop/EmbeddedSystems/pico/FreeRTOS-Kernel/portable/ThirdParty/GCC/RP2040/port.c.obj
 .text.prvDisableInterruptsAndPortStartSchedulerOnCore
                0x10006ef0        0xc CMakeFiles/lab5_sys.dir/Users/KuangYi/Desktop/EmbeddedSystems/pico/FreeRTOS-Kernel/portable/ThirdParty/GCC/RP2040/port.c.obj
 .text.xPortStartScheduler
                0x10006efc       0x28 CMakeFiles/lab5_sys.dir/Users/KuangYi/Desktop/EmbeddedSystems/pico/FreeRTOS-Kernel/portable/ThirdParty/GCC/RP2040/port.c.obj
                0x10006efc                xPortStartScheduler
 .text.ulPortLockGetCurrentOwnerId
                0x10006f24       0x30 CMakeFiles/lab5_sys.dir/Users/KuangYi/Desktop/EmbeddedSystems/pico/FreeRTOS-Kernel/portable/ThirdParty/GCC/RP2040/port.c.obj
                0x10006f24                ulPortLockGetCurrentOwnerId
 .text.vPortLockInternalSpinUnlockWithNotify
                0x10006f54       0x84 CMakeFiles/lab5_sys.dir/Users/KuangYi/Desktop/EmbeddedSystems/pico/FreeRTOS-Kernel/portable/ThirdParty/GCC/RP2040/port.c.obj
                0x10006f54                vPortLockInternalSpinUnlockWithNotify
 .text.xPortLockInternalSpinUnlockWithBestEffortWaitOrTimeout
                0x10006fd8       0xec CMakeFiles/lab5_sys.dir/Users/KuangYi/Desktop/EmbeddedSystems/pico/FreeRTOS-Kernel/portable/ThirdParty/GCC/RP2040/port.c.obj
                0x10006fd8                xPortLockInternalSpinUnlockWithBestEffortWaitOrTimeout
 .text.startup.prvRuntimeInitializer
                0x100070c4       0x10 CMakeFiles/lab5_sys.dir/Users/KuangYi/Desktop/EmbeddedSystems/pico/FreeRTOS-Kernel/portable/ThirdParty/GCC/RP2040/port.c.obj
 .text.vEventGroupSetBitsCallback
                0x100070d4       0x90 CMakeFiles/lab5_sys.dir/Users/KuangYi/Desktop/EmbeddedSystems/pico/FreeRTOS-Kernel/event_groups.c.obj
                0x100070d4                vEventGroupSetBitsCallback
 .text.xEventGroupCreate
                0x10007164       0x18 CMakeFiles/lab5_sys.dir/Users/KuangYi/Desktop/EmbeddedSystems/pico/FreeRTOS-Kernel/event_groups.c.obj
                0x10007164                xEventGroupCreate
 .text.xEventGroupWaitBits
                0x1000717c       0xb8 CMakeFiles/lab5_sys.dir/Users/KuangYi/Desktop/EmbeddedSystems/pico/FreeRTOS-Kernel/event_groups.c.obj
                0x1000717c                xEventGroupWaitBits
 .text.xEventGroupSetBits
                0x10007234       0x94 CMakeFiles/lab5_sys.dir/Users/KuangYi/Desktop/EmbeddedSystems/pico/FreeRTOS-Kernel/event_groups.c.obj
                0x10007234                xEventGroupSetBits
 .text.xEventGroupSetBitsFromISR
                0x100072c8       0x18 CMakeFiles/lab5_sys.dir/Users/KuangYi/Desktop/EmbeddedSystems/pico/FreeRTOS-Kernel/event_groups.c.obj
                0x100072c8                xEventGroupSetBitsFromISR
 .text.vListInitialise
                0x100072e0       0x18 CMakeFiles/lab5_sys.dir/Users/KuangYi/Desktop/EmbeddedSystems/pico/FreeRTOS-Kernel/list.c.obj
                0x100072e0                vListInitialise
 .text.vListInitialiseItem
                0x100072f8        0x8 CMakeFiles/lab5_sys.dir/Users/KuangYi/Desktop/EmbeddedSystems/pico/FreeRTOS-Kernel/list.c.obj
                0x100072f8                vListInitialiseItem
 .text.vListInsertEnd
                0x10007300       0x18 CMakeFiles/lab5_sys.dir/Users/KuangYi/Desktop/EmbeddedSystems/pico/FreeRTOS-Kernel/list.c.obj
                0x10007300                vListInsertEnd
 .text.vListInsert
                0x10007318       0x30 CMakeFiles/lab5_sys.dir/Users/KuangYi/Desktop/EmbeddedSystems/pico/FreeRTOS-Kernel/list.c.obj
                0x10007318                vListInsert
 .text.uxListRemove
                0x10007348       0x24 CMakeFiles/lab5_sys.dir/Users/KuangYi/Desktop/EmbeddedSystems/pico/FreeRTOS-Kernel/list.c.obj
                0x10007348                uxListRemove
 .text.prvUnlockQueue
                0x1000736c      0x180 CMakeFiles/lab5_sys.dir/Users/KuangYi/Desktop/EmbeddedSystems/pico/FreeRTOS-Kernel/queue.c.obj
 .text.prvNotifyQueueSetContainer
                0x100074ec       0x88 CMakeFiles/lab5_sys.dir/Users/KuangYi/Desktop/EmbeddedSystems/pico/FreeRTOS-Kernel/queue.c.obj
 .text.xQueueGenericCreate
                0x10007574       0x6c CMakeFiles/lab5_sys.dir/Users/KuangYi/Desktop/EmbeddedSystems/pico/FreeRTOS-Kernel/queue.c.obj
                0x10007574                xQueueGenericCreate
 .text.xQueueGenericSend
                0x100075e0      0x1cc CMakeFiles/lab5_sys.dir/Users/KuangYi/Desktop/EmbeddedSystems/pico/FreeRTOS-Kernel/queue.c.obj
                0x100075e0                xQueueGenericSend
 .text.xQueueGenericSendFromISR
                0x100077ac      0x124 CMakeFiles/lab5_sys.dir/Users/KuangYi/Desktop/EmbeddedSystems/pico/FreeRTOS-Kernel/queue.c.obj
                0x100077ac                xQueueGenericSendFromISR
 .text.xQueueReceive
                0x100078d0      0x124 CMakeFiles/lab5_sys.dir/Users/KuangYi/Desktop/EmbeddedSystems/pico/FreeRTOS-Kernel/queue.c.obj
                0x100078d0                xQueueReceive
 .text.vQueueAddToRegistry
                0x100079f4       0x60 CMakeFiles/lab5_sys.dir/Users/KuangYi/Desktop/EmbeddedSystems/pico/FreeRTOS-Kernel/queue.c.obj
                0x100079f4                vQueueAddToRegistry
 .text.vQueueWaitForMessageRestricted
                0x10007a54       0x48 CMakeFiles/lab5_sys.dir/Users/KuangYi/Desktop/EmbeddedSystems/pico/FreeRTOS-Kernel/queue.c.obj
                0x10007a54                vQueueWaitForMessageRestricted
 .text.xStreamBufferGenericCreate
                0x10007a9c       0x44 CMakeFiles/lab5_sys.dir/Users/KuangYi/Desktop/EmbeddedSystems/pico/FreeRTOS-Kernel/stream_buffer.c.obj
                0x10007a9c                xStreamBufferGenericCreate
 .text.xStreamBufferSend
                0x10007ae0      0x1b0 CMakeFiles/lab5_sys.dir/Users/KuangYi/Desktop/EmbeddedSystems/pico/FreeRTOS-Kernel/stream_buffer.c.obj
                0x10007ae0                xStreamBufferSend
 .text.xStreamBufferReceive
                0x10007c90      0x168 CMakeFiles/lab5_sys.dir/Users/KuangYi/Desktop/EmbeddedSystems/pico/FreeRTOS-Kernel/stream_buffer.c.obj
                0x10007c90                xStreamBufferReceive
 .text.prvMinimalIdleTask
                0x10007df8       0x18 CMakeFiles/lab5_sys.dir/Users/KuangYi/Desktop/EmbeddedSystems/pico/FreeRTOS-Kernel/tasks.c.obj
 .text.prvAddCurrentTaskToDelayedList
                0x10007e10       0xe0 CMakeFiles/lab5_sys.dir/Users/KuangYi/Desktop/EmbeddedSystems/pico/FreeRTOS-Kernel/tasks.c.obj
 .text.prvCheckForRunStateChange.part.0
                0x10007ef0      0x194 CMakeFiles/lab5_sys.dir/Users/KuangYi/Desktop/EmbeddedSystems/pico/FreeRTOS-Kernel/tasks.c.obj
 .text.vTaskSuspendAll.part.0
                0x10008084       0xf0 CMakeFiles/lab5_sys.dir/Users/KuangYi/Desktop/EmbeddedSystems/pico/FreeRTOS-Kernel/tasks.c.obj
 .text.prvYieldForTask
                0x10008174       0xe0 CMakeFiles/lab5_sys.dir/Users/KuangYi/Desktop/EmbeddedSystems/pico/FreeRTOS-Kernel/tasks.c.obj
 .text.vTaskSuspendAll
                0x10008254      0x100 CMakeFiles/lab5_sys.dir/Users/KuangYi/Desktop/EmbeddedSystems/pico/FreeRTOS-Kernel/tasks.c.obj
                0x10008254                vTaskSuspendAll
 .text.xTaskGetTickCount
                0x10008354        0xc CMakeFiles/lab5_sys.dir/Users/KuangYi/Desktop/EmbeddedSystems/pico/FreeRTOS-Kernel/tasks.c.obj
                0x10008354                xTaskGetTickCount
 .text.vTaskSwitchContext
                0x10008360      0x340 CMakeFiles/lab5_sys.dir/Users/KuangYi/Desktop/EmbeddedSystems/pico/FreeRTOS-Kernel/tasks.c.obj
                0x10008360                vTaskSwitchContext
 .text.vTaskPlaceOnEventList
                0x100086a0       0xe0 CMakeFiles/lab5_sys.dir/Users/KuangYi/Desktop/EmbeddedSystems/pico/FreeRTOS-Kernel/tasks.c.obj
                0x100086a0                vTaskPlaceOnEventList
 .text.vTaskPlaceOnUnorderedEventList
                0x10008780       0x48 CMakeFiles/lab5_sys.dir/Users/KuangYi/Desktop/EmbeddedSystems/pico/FreeRTOS-Kernel/tasks.c.obj
                0x10008780                vTaskPlaceOnUnorderedEventList
 .text.vTaskPlaceOnEventListRestricted
                0x100087c8      0x100 CMakeFiles/lab5_sys.dir/Users/KuangYi/Desktop/EmbeddedSystems/pico/FreeRTOS-Kernel/tasks.c.obj
                0x100087c8                vTaskPlaceOnEventListRestricted
 .text.xTaskRemoveFromEventList
                0x100088c8      0x154 CMakeFiles/lab5_sys.dir/Users/KuangYi/Desktop/EmbeddedSystems/pico/FreeRTOS-Kernel/tasks.c.obj
                0x100088c8                xTaskRemoveFromEventList
 .text.vTaskSetTimeOutState
                0x10008a1c      0x1ec CMakeFiles/lab5_sys.dir/Users/KuangYi/Desktop/EmbeddedSystems/pico/FreeRTOS-Kernel/tasks.c.obj
                0x10008a1c                vTaskSetTimeOutState
 .text.vTaskInternalSetTimeOutState
                0x10008c08       0x18 CMakeFiles/lab5_sys.dir/Users/KuangYi/Desktop/EmbeddedSystems/pico/FreeRTOS-Kernel/tasks.c.obj
                0x10008c08                vTaskInternalSetTimeOutState
 .text.xTaskCheckForTimeOut
                0x10008c20      0x280 CMakeFiles/lab5_sys.dir/Users/KuangYi/Desktop/EmbeddedSystems/pico/FreeRTOS-Kernel/tasks.c.obj
                0x10008c20                xTaskCheckForTimeOut
 .text.vTaskMissedYield
                0x10008ea0       0x14 CMakeFiles/lab5_sys.dir/Users/KuangYi/Desktop/EmbeddedSystems/pico/FreeRTOS-Kernel/tasks.c.obj
                0x10008ea0                vTaskMissedYield
 .text.xTaskGetCurrentTaskHandle
                0x10008eb4       0x1c CMakeFiles/lab5_sys.dir/Users/KuangYi/Desktop/EmbeddedSystems/pico/FreeRTOS-Kernel/tasks.c.obj
                0x10008eb4                xTaskGetCurrentTaskHandle
 .text.xTaskGetSchedulerState
                0x10008ed0      0x1ec CMakeFiles/lab5_sys.dir/Users/KuangYi/Desktop/EmbeddedSystems/pico/FreeRTOS-Kernel/tasks.c.obj
                0x10008ed0                xTaskGetSchedulerState
 .text.xTaskPriorityDisinherit
                0x100090bc       0x58 CMakeFiles/lab5_sys.dir/Users/KuangYi/Desktop/EmbeddedSystems/pico/FreeRTOS-Kernel/tasks.c.obj
                0x100090bc                xTaskPriorityDisinherit
 .text.vTaskYieldWithinAPI
                0x10009114       0x34 CMakeFiles/lab5_sys.dir/Users/KuangYi/Desktop/EmbeddedSystems/pico/FreeRTOS-Kernel/tasks.c.obj
                0x10009114                vTaskYieldWithinAPI
 .text.vTaskEnterCritical
                0x10009148      0x10c CMakeFiles/lab5_sys.dir/Users/KuangYi/Desktop/EmbeddedSystems/pico/FreeRTOS-Kernel/tasks.c.obj
                0x10009148                vTaskEnterCritical
 .text.vTaskExitCritical
                0x10009254       0xe4 CMakeFiles/lab5_sys.dir/Users/KuangYi/Desktop/EmbeddedSystems/pico/FreeRTOS-Kernel/tasks.c.obj
                0x10009254                vTaskExitCritical
 .text.prvIdleTask
                0x10009338      0x188 CMakeFiles/lab5_sys.dir/Users/KuangYi/Desktop/EmbeddedSystems/pico/FreeRTOS-Kernel/tasks.c.obj
 .text.xTaskCreateAffinitySet
                0x100094c0      0x290 CMakeFiles/lab5_sys.dir/Users/KuangYi/Desktop/EmbeddedSystems/pico/FreeRTOS-Kernel/tasks.c.obj
                0x100094c0                xTaskCreateAffinitySet
 .text.xTaskCreate
                0x10009750       0x1c CMakeFiles/lab5_sys.dir/Users/KuangYi/Desktop/EmbeddedSystems/pico/FreeRTOS-Kernel/tasks.c.obj
                0x10009750                xTaskCreate
 .text.vTaskStartScheduler
                0x1000976c       0xbc CMakeFiles/lab5_sys.dir/Users/KuangYi/Desktop/EmbeddedSystems/pico/FreeRTOS-Kernel/tasks.c.obj
                0x1000976c                vTaskStartScheduler
 .text.xTaskIncrementTick
                0x10009828      0x218 CMakeFiles/lab5_sys.dir/Users/KuangYi/Desktop/EmbeddedSystems/pico/FreeRTOS-Kernel/tasks.c.obj
                0x10009828                xTaskIncrementTick
 .text.xTaskResumeAll.part.0
                0x10009a40      0x118 CMakeFiles/lab5_sys.dir/Users/KuangYi/Desktop/EmbeddedSystems/pico/FreeRTOS-Kernel/tasks.c.obj
 .text.xTaskResumeAll
                0x10009b58       0x18 CMakeFiles/lab5_sys.dir/Users/KuangYi/Desktop/EmbeddedSystems/pico/FreeRTOS-Kernel/tasks.c.obj
                0x10009b58                xTaskResumeAll
 .text.vTaskDelay
                0x10009b70       0x70 CMakeFiles/lab5_sys.dir/Users/KuangYi/Desktop/EmbeddedSystems/pico/FreeRTOS-Kernel/tasks.c.obj
                0x10009b70                vTaskDelay
 .text.vTaskRemoveFromUnorderedEventList
                0x10009be0       0x50 CMakeFiles/lab5_sys.dir/Users/KuangYi/Desktop/EmbeddedSystems/pico/FreeRTOS-Kernel/tasks.c.obj
                0x10009be0                vTaskRemoveFromUnorderedEventList
 .text.uxTaskResetEventItemValue
                0x10009c30       0x48 CMakeFiles/lab5_sys.dir/Users/KuangYi/Desktop/EmbeddedSystems/pico/FreeRTOS-Kernel/tasks.c.obj
                0x10009c30                uxTaskResetEventItemValue
 .text.xTaskGenericNotifyWait
                0x10009c78      0x138 CMakeFiles/lab5_sys.dir/Users/KuangYi/Desktop/EmbeddedSystems/pico/FreeRTOS-Kernel/tasks.c.obj
                0x10009c78                xTaskGenericNotifyWait
 .text.xTaskGenericNotify
                0x10009db0      0x2e0 CMakeFiles/lab5_sys.dir/Users/KuangYi/Desktop/EmbeddedSystems/pico/FreeRTOS-Kernel/tasks.c.obj
                0x10009db0                xTaskGenericNotify
 .text.xTaskGenericNotifyStateClear
                0x1000a090      0x22c CMakeFiles/lab5_sys.dir/Users/KuangYi/Desktop/EmbeddedSystems/pico/FreeRTOS-Kernel/tasks.c.obj
                0x1000a090                xTaskGenericNotifyStateClear
 .text.prvSwitchTimerLists
                0x1000a2bc       0x94 CMakeFiles/lab5_sys.dir/Users/KuangYi/Desktop/EmbeddedSystems/pico/FreeRTOS-Kernel/timers.c.obj
 .text.prvTimerTask
                0x1000a350      0x24c CMakeFiles/lab5_sys.dir/Users/KuangYi/Desktop/EmbeddedSystems/pico/FreeRTOS-Kernel/timers.c.obj
 .text.xTimerCreateTimerTask
                0x1000a59c       0x8c CMakeFiles/lab5_sys.dir/Users/KuangYi/Desktop/EmbeddedSystems/pico/FreeRTOS-Kernel/timers.c.obj
                0x1000a59c                xTimerCreateTimerTask
 .text.xTimerPendFunctionCallFromISR
                0x1000a628       0x28 CMakeFiles/lab5_sys.dir/Users/KuangYi/Desktop/EmbeddedSystems/pico/FreeRTOS-Kernel/timers.c.obj
                0x1000a628                xTimerPendFunctionCallFromISR
 .text.core1_trampoline
                0x1000a650        0x4 CMakeFiles/lab5_sys.dir/Users/KuangYi/Desktop/EmbeddedSystems/pico/pico-sdk/src/rp2_common/pico_multicore/multicore.c.obj
 .text.core1_wrapper
                0x1000a654        0xc CMakeFiles/lab5_sys.dir/Users/KuangYi/Desktop/EmbeddedSystems/pico/pico-sdk/src/rp2_common/pico_multicore/multicore.c.obj
                0x1000a654                core1_wrapper
 .text.multicore_launch_core1_raw
                0x1000a660       0x84 CMakeFiles/lab5_sys.dir/Users/KuangYi/Desktop/EmbeddedSystems/pico/pico-sdk/src/rp2_common/pico_multicore/multicore.c.obj
                0x1000a660                multicore_launch_core1_raw
 .text.multicore_launch_core1
                0x1000a6e4       0x58 CMakeFiles/lab5_sys.dir/Users/KuangYi/Desktop/EmbeddedSystems/pico/pico-sdk/src/rp2_common/pico_multicore/multicore.c.obj
                0x1000a6e4                multicore_launch_core1
 .text.adc_init
                0x1000a73c       0x38 CMakeFiles/lab5_sys.dir/Users/KuangYi/Desktop/EmbeddedSystems/pico/pico-sdk/src/rp2_common/hardware_adc/adc.c.obj
                0x1000a73c                adc_init
 .text.strlen   0x1000a774       0x5c /Applications/ArmGNUToolchain/12.3.rel1/arm-none-eabi/bin/../lib/gcc/arm-none-eabi/12.3.1/../../../../arm-none-eabi/lib/thumb/v6-m/nofp/libc.a(libc_a-strlen-stub.o)
                0x1000a774                strlen
 *(.fini)
 .fini          0x1000a7d0        0x4 /Applications/ArmGNUToolchain/12.3.rel1/arm-none-eabi/bin/../lib/gcc/arm-none-eabi/12.3.1/thumb/v6-m/nofp/crti.o
                0x1000a7d0                _fini
 *fill*         0x1000a7d4        0x4 
 .fini.__stub   0x1000a7d8       0xc0 linker stubs
 *crtbegin.o(.ctors)
 *crtbegin?.o(.ctors)
 *(EXCLUDE_FILE(*crtend.o *crtend?.o) .ctors)
 *(SORT_BY_NAME(.ctors.*))
 *(.ctors)
 *crtbegin.o(.dtors)
 *crtbegin?.o(.dtors)
 *(EXCLUDE_FILE(*crtend.o *crtend?.o) .dtors)
 *(SORT_BY_NAME(.dtors.*))
 *(.dtors)
 *(.eh_frame*)
 .eh_frame      0x1000a898        0x0 /Applications/ArmGNUToolchain/12.3.rel1/arm-none-eabi/bin/../lib/gcc/arm-none-eabi/12.3.1/thumb/v6-m/nofp/crtbegin.o
                0x1000a898                        . = ALIGN (0x4)

.glue_7         0x1000a898        0x0
 .glue_7        0x1000a898        0x0 linker stubs

.glue_7t        0x1000a898        0x0
 .glue_7t       0x1000a898        0x0 linker stubs

.vfp11_veneer   0x1000a898        0x0
 .vfp11_veneer  0x1000a898        0x0 linker stubs

.v4_bx          0x1000a898        0x0
 .v4_bx         0x1000a898        0x0 linker stubs

.iplt           0x1000a898        0x0
 .iplt          0x1000a898        0x0 /Applications/ArmGNUToolchain/12.3.rel1/arm-none-eabi/bin/../lib/gcc/arm-none-eabi/12.3.1/thumb/v6-m/nofp/crtbegin.o

.rodata         0x1000a898      0x6b0
 *(EXCLUDE_FILE(*libm.a: *libc.a:*lib_a-mem*.o *libgcc.a:) .rodata*)
 .rodata.printerTask.str1.4
                0x1000a898       0xa3 CMakeFiles/lab5_sys.dir/2201354.c.obj
 *fill*         0x1000a93b        0x1 
 .rodata.vLaunch.str1.4
                0x1000a93c       0x4a CMakeFiles/lab5_sys.dir/2201354.c.obj
 *fill*         0x1000a986        0x2 
 .rodata.main.str1.4
                0x1000a988       0x2c CMakeFiles/lab5_sys.dir/2201354.c.obj
 .rodata.spin_lock_claim.str1.4
                0x1000a9b4       0x1f CMakeFiles/lab5_sys.dir/Users/KuangYi/Desktop/EmbeddedSystems/pico/pico-sdk/src/rp2_common/hardware_sync/sync.c.obj
 *fill*         0x1000a9d3        0x1 
 .rodata.spin_lock_claim_unused.str1.4
                0x1000a9d4       0x1b CMakeFiles/lab5_sys.dir/Users/KuangYi/Desktop/EmbeddedSystems/pico/pico-sdk/src/rp2_common/hardware_sync/sync.c.obj
 *fill*         0x1000a9ef        0x1 
 .rodata.user_irq_claim_unused.str1.4
                0x1000a9f0       0x1b CMakeFiles/lab5_sys.dir/Users/KuangYi/Desktop/EmbeddedSystems/pico/pico-sdk/src/rp2_common/hardware_irq/irq.c.obj
 *fill*         0x1000aa0b        0x1 
 .rodata.hardware_alarm_claim.str1.4
                0x1000aa0c       0x22 CMakeFiles/lab5_sys.dir/Users/KuangYi/Desktop/EmbeddedSystems/pico/pico-sdk/src/rp2_common/hardware_timer/timer.c.obj
 *fill*         0x1000aa2e        0x2 
 .rodata.panic.str1.4
                0x1000aa30       0x12 CMakeFiles/lab5_sys.dir/Users/KuangYi/Desktop/EmbeddedSystems/pico/pico-sdk/src/rp2_common/pico_runtime/runtime.c.obj
 *fill*         0x1000aa42        0x2 
 .rodata.panic_unsupported.str1.4
                0x1000aa44        0xe CMakeFiles/lab5_sys.dir/Users/KuangYi/Desktop/EmbeddedSystems/pico/pico-sdk/src/rp2_common/pico_runtime/runtime.c.obj
 *fill*         0x1000aa52        0x2 
 .rodata.hard_assertion_failure.str1.4
                0x1000aa54        0xc CMakeFiles/lab5_sys.dir/Users/KuangYi/Desktop/EmbeddedSystems/pico/pico-sdk/src/rp2_common/pico_runtime/runtime.c.obj
 .rodata._ftoa.str1.4
                0x1000aa60       0x15 CMakeFiles/lab5_sys.dir/Users/KuangYi/Desktop/EmbeddedSystems/pico/pico-sdk/src/rp2_common/pico_printf/printf.c.obj
 *fill*         0x1000aa75        0x3 
 .rodata._vsnprintf
                0x1000aa78      0x19c CMakeFiles/lab5_sys.dir/Users/KuangYi/Desktop/EmbeddedSystems/pico/pico-sdk/src/rp2_common/pico_printf/printf.c.obj
 *fill*         0x1000ac14        0x4 
 .rodata.pow10.0
                0x1000ac18       0x50 CMakeFiles/lab5_sys.dir/Users/KuangYi/Desktop/EmbeddedSystems/pico/pico-sdk/src/rp2_common/pico_printf/printf.c.obj
 .rodata.missing_double_func_shim.str1.4
                0x1000ac68       0x18 CMakeFiles/lab5_sys.dir/Users/KuangYi/Desktop/EmbeddedSystems/pico/pico-sdk/src/rp2_common/pico_double/double_init_rom.c.obj
 .rodata.missing_float_func_shim.str1.4
                0x1000ac80       0x18 CMakeFiles/lab5_sys.dir/Users/KuangYi/Desktop/EmbeddedSystems/pico/pico-sdk/src/rp2_common/pico_float/float_init_rom.c.obj
                                  0x1 (size before relaxing)
 .rodata.str1.4
                0x1000ac80       0x40 CMakeFiles/lab5_sys.dir/Users/KuangYi/Desktop/EmbeddedSystems/pico/pico-sdk/src/rp2_common/pico_standard_link/binary_info.c.obj
 .rodata.__bi_81
                0x1000acc0        0xc CMakeFiles/lab5_sys.dir/Users/KuangYi/Desktop/EmbeddedSystems/pico/pico-sdk/src/rp2_common/pico_standard_link/binary_info.c.obj
 .rodata.__bi_75
                0x1000accc        0xc CMakeFiles/lab5_sys.dir/Users/KuangYi/Desktop/EmbeddedSystems/pico/pico-sdk/src/rp2_common/pico_standard_link/binary_info.c.obj
 .rodata.__bi_44
                0x1000acd8        0xc CMakeFiles/lab5_sys.dir/Users/KuangYi/Desktop/EmbeddedSystems/pico/pico-sdk/src/rp2_common/pico_standard_link/binary_info.c.obj
 .rodata.crlf_str.0
                0x1000ace4        0x2 CMakeFiles/lab5_sys.dir/Users/KuangYi/Desktop/EmbeddedSystems/pico/pico-sdk/src/rp2_common/pico_stdio/stdio.c.obj
 *fill*         0x1000ace6        0x2 
 .rodata.str1.4
                0x1000ace8       0x2c CMakeFiles/lab5_sys.dir/Users/KuangYi/Desktop/EmbeddedSystems/pico/pico-sdk/src/rp2_common/pico_stdio_uart/stdio_uart.c.obj
 .rodata.__bi_33.4
                0x1000ad14        0xc CMakeFiles/lab5_sys.dir/Users/KuangYi/Desktop/EmbeddedSystems/pico/pico-sdk/src/rp2_common/pico_stdio_uart/stdio_uart.c.obj
 .rodata.__bi_34.5
                0x1000ad20        0x8 CMakeFiles/lab5_sys.dir/Users/KuangYi/Desktop/EmbeddedSystems/pico/pico-sdk/src/rp2_common/pico_stdio_uart/stdio_uart.c.obj
 .rodata._resetd_driver
                0x1000ad28       0x18 CMakeFiles/lab5_sys.dir/Users/KuangYi/Desktop/EmbeddedSystems/pico/pico-sdk/src/rp2_common/pico_stdio_usb/reset_interface.c.obj
 .rodata.str1.4
                0x1000ad40       0x13 CMakeFiles/lab5_sys.dir/Users/KuangYi/Desktop/EmbeddedSystems/pico/pico-sdk/src/rp2_common/pico_stdio_usb/stdio_usb.c.obj
 *fill*         0x1000ad53        0x1 
 .rodata.__bi_182.0
                0x1000ad54        0xc CMakeFiles/lab5_sys.dir/Users/KuangYi/Desktop/EmbeddedSystems/pico/pico-sdk/src/rp2_common/pico_stdio_usb/stdio_usb.c.obj
 .rodata.str1.4
                0x1000ad60       0x2a CMakeFiles/lab5_sys.dir/Users/KuangYi/Desktop/EmbeddedSystems/pico/pico-sdk/src/rp2_common/pico_stdio_usb/stdio_usb_descriptors.c.obj
 *fill*         0x1000ad8a        0x2 
 .rodata.usbd_desc_str
                0x1000ad8c       0x18 CMakeFiles/lab5_sys.dir/Users/KuangYi/Desktop/EmbeddedSystems/pico/pico-sdk/src/rp2_common/pico_stdio_usb/stdio_usb_descriptors.c.obj
 .rodata.usbd_desc_cfg
                0x1000ada4       0x54 CMakeFiles/lab5_sys.dir/Users/KuangYi/Desktop/EmbeddedSystems/pico/pico-sdk/src/rp2_common/pico_stdio_usb/stdio_usb_descriptors.c.obj
 .rodata.usbd_desc_device
                0x1000adf8       0x12 CMakeFiles/lab5_sys.dir/Users/KuangYi/Desktop/EmbeddedSystems/pico/pico-sdk/src/rp2_common/pico_stdio_usb/stdio_usb_descriptors.c.obj
 *fill*         0x1000ae0a        0x2 
 .rodata.str1.4
                0x1000ae0c       0x14 CMakeFiles/lab5_sys.dir/Users/KuangYi/Desktop/EmbeddedSystems/pico/pico-sdk/lib/tinyusb/src/portable/raspberrypi/rp2040/dcd_rp2040.c.obj
 .rodata.str1.4
                0x1000ae20       0x49 CMakeFiles/lab5_sys.dir/Users/KuangYi/Desktop/EmbeddedSystems/pico/pico-sdk/lib/tinyusb/src/portable/raspberrypi/rp2040/rp2040_usb.c.obj
                                 0x53 (size before relaxing)
 *fill*         0x1000ae69        0x3 
 .rodata.tud_task_ext
                0x1000ae6c       0x8c CMakeFiles/lab5_sys.dir/Users/KuangYi/Desktop/EmbeddedSystems/pico/pico-sdk/lib/tinyusb/src/device/usbd.c.obj
 .rodata._usbd_driver
                0x1000aef8       0x18 CMakeFiles/lab5_sys.dir/Users/KuangYi/Desktop/EmbeddedSystems/pico/pico-sdk/lib/tinyusb/src/device/usbd.c.obj
 .rodata.prvTimerTask
                0x1000af10       0x28 CMakeFiles/lab5_sys.dir/Users/KuangYi/Desktop/EmbeddedSystems/pico/FreeRTOS-Kernel/timers.c.obj
 .rodata.xTimerCreateTimerTask.str1.4
                0x1000af38       0x10 CMakeFiles/lab5_sys.dir/Users/KuangYi/Desktop/EmbeddedSystems/pico/FreeRTOS-Kernel/timers.c.obj
                0x1000af48                        . = ALIGN (0x4)
 *(SORT_BY_ALIGNMENT(SORT_BY_NAME(.flashdata*)))
                0x1000af48                        . = ALIGN (0x4)

.ARM.extab
 *(.ARM.extab* .gnu.linkonce.armextab.*)
                0x1000af48                        __exidx_start = .

.ARM.exidx
 *(.ARM.exidx* .gnu.linkonce.armexidx.*)
                0x1000af48                        __exidx_end = .
                0x1000af48                        . = ALIGN (0x4)
                0x1000af48                        __binary_info_start = .

.binary_info    0x1000af48       0x28
 *(.binary_info.keep.*)
 .binary_info.keep.__bi_ptr81
                0x1000af48        0x4 CMakeFiles/lab5_sys.dir/Users/KuangYi/Desktop/EmbeddedSystems/pico/pico-sdk/src/rp2_common/pico_standard_link/binary_info.c.obj
 .binary_info.keep.__bi_ptr75
                0x1000af4c        0x4 CMakeFiles/lab5_sys.dir/Users/KuangYi/Desktop/EmbeddedSystems/pico/pico-sdk/src/rp2_common/pico_standard_link/binary_info.c.obj
 .binary_info.keep.__bi_ptr50
                0x1000af50        0x4 CMakeFiles/lab5_sys.dir/Users/KuangYi/Desktop/EmbeddedSystems/pico/pico-sdk/src/rp2_common/pico_standard_link/binary_info.c.obj
 .binary_info.keep.__bi_ptr44
                0x1000af54        0x4 CMakeFiles/lab5_sys.dir/Users/KuangYi/Desktop/EmbeddedSystems/pico/pico-sdk/src/rp2_common/pico_standard_link/binary_info.c.obj
 .binary_info.keep.__bi_ptr38
                0x1000af58        0x4 CMakeFiles/lab5_sys.dir/Users/KuangYi/Desktop/EmbeddedSystems/pico/pico-sdk/src/rp2_common/pico_standard_link/binary_info.c.obj
 .binary_info.keep.__bi_ptr30
                0x1000af5c        0x4 CMakeFiles/lab5_sys.dir/Users/KuangYi/Desktop/EmbeddedSystems/pico/pico-sdk/src/rp2_common/pico_standard_link/binary_info.c.obj
 .binary_info.keep.__bi_ptr22
                0x1000af60        0x4 CMakeFiles/lab5_sys.dir/Users/KuangYi/Desktop/EmbeddedSystems/pico/pico-sdk/src/rp2_common/pico_standard_link/binary_info.c.obj
 *(.binary_info.*)
 .binary_info.__bi_ptr34
                0x1000af64        0x4 CMakeFiles/lab5_sys.dir/Users/KuangYi/Desktop/EmbeddedSystems/pico/pico-sdk/src/rp2_common/pico_stdio_uart/stdio_uart.c.obj
 .binary_info.__bi_ptr33
                0x1000af68        0x4 CMakeFiles/lab5_sys.dir/Users/KuangYi/Desktop/EmbeddedSystems/pico/pico-sdk/src/rp2_common/pico_stdio_uart/stdio_uart.c.obj
 .binary_info.__bi_ptr182
                0x1000af6c        0x4 CMakeFiles/lab5_sys.dir/Users/KuangYi/Desktop/EmbeddedSystems/pico/pico-sdk/src/rp2_common/pico_stdio_usb/stdio_usb.c.obj
                0x1000af70                        __binary_info_end = .

.rel.dyn        0x1000af70        0x0
 .rel.iplt      0x1000af70        0x0 /Applications/ArmGNUToolchain/12.3.rel1/arm-none-eabi/bin/../lib/gcc/arm-none-eabi/12.3.1/thumb/v6-m/nofp/crtbegin.o
                0x1000af70                        . = ALIGN (0x4)

.ram_vector_table
                0x20000000       0xc0
 *(.ram_vector_table)
 .ram_vector_table
                0x20000000       0xc0 CMakeFiles/lab5_sys.dir/Users/KuangYi/Desktop/EmbeddedSystems/pico/pico-sdk/src/rp2_common/pico_runtime/runtime.c.obj
                0x20000000                ram_vector_table

.data           0x200000c0      0xe58 load address 0x1000af70
                0x200000c0                        __data_start__ = .
 *(vtable)
 *(.time_critical*)
 .time_critical.flash_init_boot2_copyout
                0x200000c0       0x30 CMakeFiles/lab5_sys.dir/Users/KuangYi/Desktop/EmbeddedSystems/pico/pico-sdk/src/rp2_common/hardware_flash/flash.c.obj
 .time_critical.flash_enable_xip_via_boot2
                0x200000f0        0xc CMakeFiles/lab5_sys.dir/Users/KuangYi/Desktop/EmbeddedSystems/pico/pico-sdk/src/rp2_common/hardware_flash/flash.c.obj
 .time_critical.flash_cs_force
                0x200000fc       0x38 CMakeFiles/lab5_sys.dir/Users/KuangYi/Desktop/EmbeddedSystems/pico/pico-sdk/src/rp2_common/hardware_flash/flash.c.obj
 .time_critical.flash_do_cmd
                0x20000134       0xc0 CMakeFiles/lab5_sys.dir/Users/KuangYi/Desktop/EmbeddedSystems/pico/pico-sdk/src/rp2_common/hardware_flash/flash.c.obj
                0x20000134                flash_do_cmd
 .time_critical.mutex_try_enter
                0x200001f4       0x40 CMakeFiles/lab5_sys.dir/Users/KuangYi/Desktop/EmbeddedSystems/pico/pico-sdk/src/common/pico_sync/mutex.c.obj
                0x200001f4                mutex_try_enter
 .time_critical.mutex_try_enter_block_until
                0x20000234       0xa0 CMakeFiles/lab5_sys.dir/Users/KuangYi/Desktop/EmbeddedSystems/pico/pico-sdk/src/common/pico_sync/mutex.c.obj
                0x20000234                mutex_try_enter_block_until
 .time_critical.mutex_enter_timeout_ms
                0x200002d4       0x78 CMakeFiles/lab5_sys.dir/Users/KuangYi/Desktop/EmbeddedSystems/pico/pico-sdk/src/common/pico_sync/mutex.c.obj
                0x200002d4                mutex_enter_timeout_ms
 .time_critical.mutex_exit
                0x2000034c       0x20 CMakeFiles/lab5_sys.dir/Users/KuangYi/Desktop/EmbeddedSystems/pico/pico-sdk/src/common/pico_sync/mutex.c.obj
                0x2000034c                mutex_exit
 .time_critical.reset_non_control_endpoints
                0x2000036c       0x68 CMakeFiles/lab5_sys.dir/Users/KuangYi/Desktop/EmbeddedSystems/pico/pico-sdk/lib/tinyusb/src/portable/raspberrypi/rp2040/dcd_rp2040.c.obj
 .time_critical.hw_handle_buff_status
                0x200003d4       0xac CMakeFiles/lab5_sys.dir/Users/KuangYi/Desktop/EmbeddedSystems/pico/pico-sdk/lib/tinyusb/src/portable/raspberrypi/rp2040/dcd_rp2040.c.obj
 .time_critical.dcd_rp2040_irq
                0x20000480      0x510 CMakeFiles/lab5_sys.dir/Users/KuangYi/Desktop/EmbeddedSystems/pico/pico-sdk/lib/tinyusb/src/portable/raspberrypi/rp2040/dcd_rp2040.c.obj
 .time_critical.e15_is_bulkin_ep
                0x20000990       0x28 CMakeFiles/lab5_sys.dir/Users/KuangYi/Desktop/EmbeddedSystems/pico/pico-sdk/lib/tinyusb/src/portable/raspberrypi/rp2040/rp2040_usb.c.obj
 .time_critical.e15_is_critical_frame_period
                0x200009b8       0x34 CMakeFiles/lab5_sys.dir/Users/KuangYi/Desktop/EmbeddedSystems/pico/pico-sdk/lib/tinyusb/src/portable/raspberrypi/rp2040/rp2040_usb.c.obj
 .time_critical.prepare_ep_buffer
                0x200009ec       0x6c CMakeFiles/lab5_sys.dir/Users/KuangYi/Desktop/EmbeddedSystems/pico/pico-sdk/lib/tinyusb/src/portable/raspberrypi/rp2040/rp2040_usb.c.obj
 .time_critical.sync_ep_buffer
                0x20000a58       0x48 CMakeFiles/lab5_sys.dir/Users/KuangYi/Desktop/EmbeddedSystems/pico/pico-sdk/lib/tinyusb/src/portable/raspberrypi/rp2040/rp2040_usb.c.obj
 .time_critical._hw_endpoint_xfer_sync
                0x20000aa0       0x28 CMakeFiles/lab5_sys.dir/Users/KuangYi/Desktop/EmbeddedSystems/pico/pico-sdk/lib/tinyusb/src/portable/raspberrypi/rp2040/rp2040_usb.c.obj
 .time_critical.hw_endpoint_reset_transfer
                0x20000ac8        0xc CMakeFiles/lab5_sys.dir/Users/KuangYi/Desktop/EmbeddedSystems/pico/pico-sdk/lib/tinyusb/src/portable/raspberrypi/rp2040/rp2040_usb.c.obj
                0x20000ac8                hw_endpoint_reset_transfer
 .time_critical._hw_endpoint_buffer_control_update32
                0x20000ad4       0x58 CMakeFiles/lab5_sys.dir/Users/KuangYi/Desktop/EmbeddedSystems/pico/pico-sdk/lib/tinyusb/src/portable/raspberrypi/rp2040/rp2040_usb.c.obj
                0x20000ad4                _hw_endpoint_buffer_control_update32
 .time_critical.hw_endpoint_start_next_buffer
                0x20000b2c       0x6c CMakeFiles/lab5_sys.dir/Users/KuangYi/Desktop/EmbeddedSystems/pico/pico-sdk/lib/tinyusb/src/portable/raspberrypi/rp2040/rp2040_usb.c.obj
                0x20000b2c                hw_endpoint_start_next_buffer
 .time_critical.hw_endpoint_xfer_continue
                0x20000b98       0x50 CMakeFiles/lab5_sys.dir/Users/KuangYi/Desktop/EmbeddedSystems/pico/pico-sdk/lib/tinyusb/src/portable/raspberrypi/rp2040/rp2040_usb.c.obj
                0x20000b98                hw_endpoint_xfer_continue
 .time_critical.tinyusb
                0x20000be8      0x170 CMakeFiles/lab5_sys.dir/Users/KuangYi/Desktop/EmbeddedSystems/pico/pico-sdk/lib/tinyusb/src/device/usbd.c.obj
                0x20000be8                dcd_event_handler
 *(.text*)
 .text          0x20000d58        0x4 /Applications/ArmGNUToolchain/12.3.rel1/arm-none-eabi/bin/../lib/gcc/arm-none-eabi/12.3.1/thumb/v6-m/nofp/libgcc.a(_dvmd_tls.o)
                0x20000d58                __aeabi_ldiv0
                0x20000d58                __aeabi_idiv0
 *fill*         0x20000d5c        0x4 
 .text.__stub   0x20000d60       0x90 linker stubs
                0x20000df0                        . = ALIGN (0x4)
 *(.rodata*)
                0x20000df0                        . = ALIGN (0x4)
 *(.data*)
 .data.striped_spin_lock_num
                0x20000df0        0x1 CMakeFiles/lab5_sys.dir/Users/KuangYi/Desktop/EmbeddedSystems/pico/pico-sdk/src/rp2_common/hardware_sync/sync.c.obj
 *fill*         0x20000df1        0x3 
 .data          0x20000df4       0x48 CMakeFiles/lab5_sys.dir/Users/KuangYi/Desktop/EmbeddedSystems/pico/pico-sdk/src/rp2_common/hardware_irq/irq_handler_chain.S.obj
                0x20000df4                irq_handler_chain_slots
                0x20000e24                irq_handler_chain_first_slot
                0x20000e2e                irq_handler_chain_remove_tail
 .data.default_alarm_pool
                0x20000e3c       0x18 CMakeFiles/lab5_sys.dir/Users/KuangYi/Desktop/EmbeddedSystems/pico/pico-sdk/src/common/pico_time/time.c.obj
 .data.default_alarm_pool_heap
                0x20000e54       0x10 CMakeFiles/lab5_sys.dir/Users/KuangYi/Desktop/EmbeddedSystems/pico/pico-sdk/src/common/pico_time/time.c.obj
 *fill*         0x20000e64        0xc 
 .data.aeabi_bits_funcs
                0x20000e70       0x10 CMakeFiles/lab5_sys.dir/Users/KuangYi/Desktop/EmbeddedSystems/pico/pico-sdk/src/rp2_common/pico_bit_ops/bit_ops_aeabi.S.obj
                0x20000e70                aeabi_bits_funcs
                0x20000e80                aeabi_bits_funcs_end
 .data.aeabi_mem_funcs
                0x20000e80       0x10 CMakeFiles/lab5_sys.dir/Users/KuangYi/Desktop/EmbeddedSystems/pico/pico-sdk/src/rp2_common/pico_mem_ops/mem_ops_aeabi.S.obj
                0x20000e80                aeabi_mem_funcs
                0x20000e90                aeabi_mem_funcs_end
 .data.stdio_uart
                0x20000e90       0x18 CMakeFiles/lab5_sys.dir/Users/KuangYi/Desktop/EmbeddedSystems/pico/pico-sdk/src/rp2_common/pico_stdio_uart/stdio_uart.c.obj
                0x20000e90                stdio_uart
 .data.stdio_usb
                0x20000ea8       0x18 CMakeFiles/lab5_sys.dir/Users/KuangYi/Desktop/EmbeddedSystems/pico/pico-sdk/src/rp2_common/pico_stdio_usb/stdio_usb.c.obj
                0x20000ea8                stdio_usb
 .data.ep_dir_string
                0x20000ec0        0x8 CMakeFiles/lab5_sys.dir/Users/KuangYi/Desktop/EmbeddedSystems/pico/pico-sdk/lib/tinyusb/src/portable/raspberrypi/rp2040/rp2040_usb.c.obj
                0x20000ec0                ep_dir_string
 .data._usbd_qdef
                0x20000ec8       0x1c CMakeFiles/lab5_sys.dir/Users/KuangYi/Desktop/EmbeddedSystems/pico/pico-sdk/lib/tinyusb/src/device/usbd.c.obj
                0x20000ec8                _usbd_qdef
 .data._usbd_rhport
                0x20000ee4        0x1 CMakeFiles/lab5_sys.dir/Users/KuangYi/Desktop/EmbeddedSystems/pico/pico-sdk/lib/tinyusb/src/device/usbd.c.obj
 .data.ucPrimaryCoreNum
                0x20000ee5        0x1 CMakeFiles/lab5_sys.dir/Users/KuangYi/Desktop/EmbeddedSystems/pico/FreeRTOS-Kernel/portable/ThirdParty/GCC/RP2040/port.c.obj
 *fill*         0x20000ee6        0x2 
 .data.uxTopUsedPriority
                0x20000ee8        0x4 CMakeFiles/lab5_sys.dir/Users/KuangYi/Desktop/EmbeddedSystems/pico/FreeRTOS-Kernel/tasks.c.obj
                0x20000ee8                uxTopUsedPriority
                0x20000eec                        . = ALIGN (0x4)
 *(.after_data.*)
                0x20000eec                        . = ALIGN (0x4)
                0x20000eec                        PROVIDE (__mutex_array_start = .)
 *(SORT_BY_NAME(.mutex_array.*))
 *(.mutex_array)
 .mutex_array   0x20000eec        0x8 CMakeFiles/lab5_sys.dir/Users/KuangYi/Desktop/EmbeddedSystems/pico/pico-sdk/src/rp2_common/pico_malloc/pico_malloc.c.obj
 .mutex_array   0x20000ef4        0x8 CMakeFiles/lab5_sys.dir/Users/KuangYi/Desktop/EmbeddedSystems/pico/pico-sdk/src/rp2_common/pico_stdio/stdio.c.obj
                0x20000efc                        PROVIDE (__mutex_array_end = .)
                0x20000efc                        . = ALIGN (0x4)
                0x20000efc                        PROVIDE (__preinit_array_start = .)
 *(SORT_BY_NAME(.preinit_array.*))
 .preinit_array.00001
                0x20000efc        0x4 CMakeFiles/lab5_sys.dir/Users/KuangYi/Desktop/EmbeddedSystems/pico/pico-sdk/src/rp2_common/pico_mem_ops/mem_ops_aeabi.S.obj
 .preinit_array.00010
                0x20000f00        0x4 CMakeFiles/lab5_sys.dir/Users/KuangYi/Desktop/EmbeddedSystems/pico/pico-sdk/src/rp2_common/pico_bit_ops/bit_ops_aeabi.S.obj
 .preinit_array.00020
                0x20000f04        0x4 CMakeFiles/lab5_sys.dir/Users/KuangYi/Desktop/EmbeddedSystems/pico/pico-sdk/src/rp2_common/pico_double/double_aeabi.S.obj
 .preinit_array.00020
                0x20000f08        0x4 CMakeFiles/lab5_sys.dir/Users/KuangYi/Desktop/EmbeddedSystems/pico/pico-sdk/src/rp2_common/pico_float/float_aeabi.S.obj
 *(.preinit_array)
                0x20000f0c                        PROVIDE (__preinit_array_end = .)
                0x20000f0c                        . = ALIGN (0x4)
                0x20000f0c                        PROVIDE (__init_array_start = .)
 *(SORT_BY_NAME(.init_array.*))
 *(.init_array)
 .init_array    0x20000f0c        0x4 /Applications/ArmGNUToolchain/12.3.rel1/arm-none-eabi/bin/../lib/gcc/arm-none-eabi/12.3.1/thumb/v6-m/nofp/crtbegin.o
 .init_array    0x20000f10        0x4 CMakeFiles/lab5_sys.dir/Users/KuangYi/Desktop/EmbeddedSystems/pico/pico-sdk/src/rp2_common/pico_unique_id/unique_id.c.obj
 .init_array    0x20000f14        0x4 CMakeFiles/lab5_sys.dir/Users/KuangYi/Desktop/EmbeddedSystems/pico/FreeRTOS-Kernel/portable/ThirdParty/GCC/RP2040/port.c.obj
                0x20000f18                        PROVIDE (__init_array_end = .)
                0x20000f18                        . = ALIGN (0x4)
                [!provide]                        PROVIDE (__fini_array_start = .)
 *(SORT_BY_NAME(.fini_array.*))
 *(.fini_array)
                [!provide]                        PROVIDE (__fini_array_end = .)
 *(.jcr)
                0x20000f18                        . = ALIGN (0x4)
                0x20000f18                        __data_end__ = .
                0x1000af70                        __etext = LOADADDR (.data)

.tm_clone_table