Archive member included to satisfy reference by file (symbol)

/Applications/ArmGNUToolchain/12.3.rel1/arm-none-eabi/bin/../lib/gcc/arm-none-eabi/12.3.1/thumb/v6-m/nofp/libgcc.a(_dvmd_tls.o)
                              CMakeFiles/lab5_sys.dir/Users/KuangYi/Desktop/EmbeddedSystems/pico/pico-sdk/src/rp2_common/pico_divider/divider.S.obj (__aeabi_idiv0)
/Applications/ArmGNUToolchain/12.3.rel1/arm-none-eabi/bin/../lib/gcc/arm-none-eabi/12.3.1/../../../../arm-none-eabi/lib/thumb/v6-m/nofp/libc.a(libc_a-atoi.o)
                              CMakeFiles/lab5_sys.dir/Users/KuangYi/Desktop/EmbeddedSystems/pico/pico-sdk/lib/lwip/src/core/netif.c.obj (atoi)
/Applications/ArmGNUToolchain/12.3.rel1/arm-none-eabi/bin/../lib/gcc/arm-none-eabi/12.3.1/../../../../arm-none-eabi/lib/thumb/v6-m/nofp/libc.a(libc_a-calloc.o)
                              CMakeFiles/lab5_sys.dir/Users/KuangYi/Desktop/EmbeddedSystems/pico/pico-sdk/src/rp2_common/pico_malloc/pico_malloc.c.obj (calloc)
/Applications/ArmGNUToolchain/12.3.rel1/arm-none-eabi/bin/../lib/gcc/arm-none-eabi/12.3.1/../../../../arm-none-eabi/lib/thumb/v6-m/nofp/libc.a(libc_a-callocr.o)
                              /Applications/ArmGNUToolchain/12.3.rel1/arm-none-eabi/bin/../lib/gcc/arm-none-eabi/12.3.1/../../../../arm-none-eabi/lib/thumb/v6-m/nofp/libc.a(libc_a-calloc.o) (_calloc_r)
/Applications/ArmGNUToolchain/12.3.rel1/arm-none-eabi/bin/../lib/gcc/arm-none-eabi/12.3.1/../../../../arm-none-eabi/lib/thumb/v6-m/nofp/libc.a(libc_a-malloc.o)
                              CMakeFiles/lab5_sys.dir/Users/KuangYi/Desktop/EmbeddedSystems/pico/pico-sdk/src/rp2_common/pico_malloc/pico_malloc.c.obj (malloc)
/Applications/ArmGNUToolchain/12.3.rel1/arm-none-eabi/bin/../lib/gcc/arm-none-eabi/12.3.1/../../../../arm-none-eabi/lib/thumb/v6-m/nofp/libc.a(libc_a-mallocr.o)
                              /Applications/ArmGNUToolchain/12.3.rel1/arm-none-eabi/bin/../lib/gcc/arm-none-eabi/12.3.1/../../../../arm-none-eabi/lib/thumb/v6-m/nofp/libc.a(libc_a-callocr.o) (_malloc_r)
/Applications/ArmGNUToolchain/12.3.rel1/arm-none-eabi/bin/../lib/gcc/arm-none-eabi/12.3.1/../../../../arm-none-eabi/lib/thumb/v6-m/nofp/libc.a(libc_a-mlock.o)
                              /Applications/ArmGNUToolchain/12.3.rel1/arm-none-eabi/bin/../lib/gcc/arm-none-eabi/12.3.1/../../../../arm-none-eabi/lib/thumb/v6-m/nofp/libc.a(libc_a-mallocr.o) (__malloc_lock)
/Applications/ArmGNUToolchain/12.3.rel1/arm-none-eabi/bin/../lib/gcc/arm-none-eabi/12.3.1/../../../../arm-none-eabi/lib/thumb/v6-m/nofp/libc.a(libc_a-realloc.o)
                              CMakeFiles/lab5_sys.dir/Users/KuangYi/Desktop/EmbeddedSystems/pico/pico-sdk/src/rp2_common/pico_malloc/pico_malloc.c.obj (realloc)
/Applications/ArmGNUToolchain/12.3.rel1/arm-none-eabi/bin/../lib/gcc/arm-none-eabi/12.3.1/../../../../arm-none-eabi/lib/thumb/v6-m/nofp/libc.a(libc_a-reallocr.o)
                              /Applications/ArmGNUToolchain/12.3.rel1/arm-none-eabi/bin/../lib/gcc/arm-none-eabi/12.3.1/../../../../arm-none-eabi/lib/thumb/v6-m/nofp/libc.a(libc_a-realloc.o) (_realloc_r)
/Applications/ArmGNUToolchain/12.3.rel1/arm-none-eabi/bin/../lib/gcc/arm-none-eabi/12.3.1/../../../../arm-none-eabi/lib/thumb/v6-m/nofp/libc.a(libc_a-strtol.o)
                              /Applications/ArmGNUToolchain/12.3.rel1/arm-none-eabi/bin/../lib/gcc/arm-none-eabi/12.3.1/../../../../arm-none-eabi/lib/thumb/v6-m/nofp/libc.a(libc_a-atoi.o) (_strtol_r)
/Applications/ArmGNUToolchain/12.3.rel1/arm-none-eabi/bin/../lib/gcc/arm-none-eabi/12.3.1/../../../../arm-none-eabi/lib/thumb/v6-m/nofp/libc.a(libc_a-memcmp.o)
                              CMakeFiles/lab5_sys.dir/Users/KuangYi/Desktop/EmbeddedSystems/pico/pico-sdk/lib/lwip/src/netif/ethernet.c.obj (memcmp)
/Applications/ArmGNUToolchain/12.3.rel1/arm-none-eabi/bin/../lib/gcc/arm-none-eabi/12.3.1/../../../../arm-none-eabi/lib/thumb/v6-m/nofp/libc.a(libc_a-memmove.o)
                              CMakeFiles/lab5_sys.dir/Users/KuangYi/Desktop/EmbeddedSystems/pico/pico-sdk/lib/lwip/src/core/def.c.obj (memmove)
/Applications/ArmGNUToolchain/12.3.rel1/arm-none-eabi/bin/../lib/gcc/arm-none-eabi/12.3.1/../../../../arm-none-eabi/lib/thumb/v6-m/nofp/libc.a(libc_a-strncmp.o)
                              CMakeFiles/lab5_sys.dir/Users/KuangYi/Desktop/EmbeddedSystems/pico/pico-sdk/lib/lwip/src/core/def.c.obj (strncmp)
/Applications/ArmGNUToolchain/12.3.rel1/arm-none-eabi/bin/../lib/gcc/arm-none-eabi/12.3.1/../../../../arm-none-eabi/lib/thumb/v6-m/nofp/libc.a(libc_a-strncpy.o)
                              CMakeFiles/lab5_sys.dir/Users/KuangYi/Desktop/EmbeddedSystems/pico/pico-sdk/lib/lwip/src/api/netdb.c.obj (strncpy)
/Applications/ArmGNUToolchain/12.3.rel1/arm-none-eabi/bin/../lib/gcc/arm-none-eabi/12.3.1/../../../../arm-none-eabi/lib/thumb/v6-m/nofp/libc.a(libc_a-reent.o)
                              CMakeFiles/lab5_sys.dir/Users/KuangYi/Desktop/EmbeddedSystems/pico/pico-sdk/lib/lwip/src/api/if_api.c.obj (errno)
[...]
Memory Configuration

Name             Origin             Length             Attributes
FLASH            0x10000000         0x00200000         xr
RAM              0x20000000         0x00040000         xrw
SCRATCH_X        0x20040000         0x00001000         xrw
SCRATCH_Y        0x20041000         0x00001000         xrw
*default*        0x00000000         0xffffffff

Linker script and memory map

LOAD /Applications/ArmGNUToolchain/12.3.rel1/arm-none-eabi/bin/../lib/gcc/arm-none-eabi/12.3.1/thumb/v6-m/nofp/crti.o
LOAD /Applications/ArmGNUToolchain/12.3.rel1/arm-none-eabi/bin/../lib/gcc/arm-none-eabi/12.3.1/thumb/v6-m/nofp/crtbegin.o
LOAD /Applications/ArmGNUToolchain/12.3.rel1/arm-none-eabi/bin/../lib/gcc/arm-none-eabi/12.3.1/../../../../arm-none-eabi/lib/thumb/v6-m/nofp/crt0.o

.flash_begin    0x10000000        0x0
                0x10000000                        __flash_binary_start = .

.boot2          0x10000000      0x100
                0x10000000                        __boot2_start__ = .
 *(.boot2)
 .boot2         0x10000000      0x100 /var/folders/qp/70x5myk55gn36d85345_k19w0000gn/T//ccvWxZuC.o
                0x10000100                        __boot2_end__ = .
                0x00000001                        ASSERT (((__boot2_end__ - __boot2_start__) == 0x100), ERROR: Pico second stage bootloader must be 256 bytes in size)

.text           0x10000100    0x1a1b0
                0x10000100                        __logical_binary_start = .
 *(.vectors)
 .vectors       0x10000100       0xd4 CMakeFiles/lab5_sys.dir/Users/KuangYi/Desktop/EmbeddedSystems/pico/pico-sdk/src/rp2_common/pico_standard_link/crt0.S.obj
                0x10000100                __VECTOR_TABLE
                0x10000100                __vectors
                0x100001c0                __default_isrs_start
                0x100001c0                isr_invalid
                0x100001c2                isr_nmi
                0x100001c4                isr_hardfault
                0x100001c6                isr_svcall
                0x100001c8                isr_pendsv
                0x100001ca                isr_systick
                0x100001cc                isr_irq28
                0x100001cc                isr_irq19
                0x100001cc                isr_irq0
                0x100001cc                isr_irq6
                0x100001cc                isr_irq22
                0x100001cc                isr_irq17
                0x100001cc                isr_irq14
                0x100001cc                isr_irq2
                0x100001cc                isr_irq10
                0x100001cc                isr_irq8
                0x100001cc                isr_irq24
                0x100001cc                isr_irq1
                0x100001cc                isr_irq7
                0x100001cc                isr_irq21
                0x100001cc                isr_irq20
                0x100001cc                isr_irq15
                0x100001cc                isr_irq25
                0x100001cc                isr_irq4
                0x100001cc                isr_irq16
                0x100001cc                isr_irq29
                0x100001cc                isr_irq26
                0x100001cc                __default_isrs_end
                0x100001cc                isr_irq3
                0x100001cc                isr_irq9
                0x100001cc                __unhandled_user_irq
                0x100001cc                isr_irq13
                0x100001cc                isr_irq27
                0x100001cc                isr_irq31
                0x100001cc                isr_irq5
                0x100001cc                isr_irq11
                0x100001cc                isr_irq23
                0x100001cc                isr_irq18
                0x100001cc                isr_irq30
                0x100001cc                isr_irq12
                0x100001d2                unhandled_user_irq_num_in_r0
 *(.binary_info_header)
 .binary_info_header
                0x100001d4       0x14 CMakeFiles/lab5_sys.dir/Users/KuangYi/Desktop/EmbeddedSystems/pico/pico-sdk/src/rp2_common/pico_standard_link/crt0.S.obj
                0x100001e8                        __binary_info_header_end = .
 *(.reset)
 .reset         0x100001e8       0xa0 CMakeFiles/lab5_sys.dir/Users/KuangYi/Desktop/EmbeddedSystems/pico/pico-sdk/src/rp2_common/pico_standard_link/crt0.S.obj
                0x100001e8                _entry_point
 .reset         0x10000288       0x30 CMakeFiles/lab5_sys.dir/Users/KuangYi/Desktop/EmbeddedSystems/pico/pico-sdk/src/rp2_common/pico_standard_link/binary_info.c.obj
 *(.init)
 .init          0x100002b8        0x4 /Applications/ArmGNUToolchain/12.3.rel1/arm-none-eabi/bin/../lib/gcc/arm-none-eabi/12.3.1/thumb/v6-m/nofp/crti.o
                0x100002b8                _init
 *(EXCLUDE_FILE(*libm.a: *libc.a:*lib_a-mem*.o *libgcc.a:) .text*)
 .text.register_tm_clones
                0x100002bc       0x28 /Applications/ArmGNUToolchain/12.3.rel1/arm-none-eabi/bin/../lib/gcc/arm-none-eabi/12.3.1/thumb/v6-m/nofp/crtbegin.o
 .text.frame_dummy
                0x100002e4       0x24 /Applications/ArmGNUToolchain/12.3.rel1/arm-none-eabi/bin/../lib/gcc/arm-none-eabi/12.3.1/thumb/v6-m/nofp/crtbegin.o
 .text.main_task
                0x10000308       0xa8 CMakeFiles/lab5_sys.dir/2201354.c.obj
                0x10000308                main_task
 .text.movingAverageTask
                0x100003b0       0x94 CMakeFiles/lab5_sys.dir/2201354.c.obj
                0x100003b0                movingAverageTask
 .text.simpleAverageTask
                0x10000444       0x54 CMakeFiles/lab5_sys.dir/2201354.c.obj
                0x10000444                simpleAverageTask
 .text.printerTask
                0x10000498       0xd8 CMakeFiles/lab5_sys.dir/2201354.c.obj
                0x10000498                printerTask
 .text.connectWifi
                0x10000570       0x64 CMakeFiles/lab5_sys.dir/2201354.c.obj
                0x10000570                connectWifi
 .text.vLaunch  0x100005d4       0xe0 CMakeFiles/lab5_sys.dir/2201354.c.obj
                0x100005d4                vLaunch
 .text.startup.main
                0x100006b4       0x20 CMakeFiles/lab5_sys.dir/2201354.c.obj
                0x100006b4                main
 .text.clear_lwip_context
                0x100006d4       0x10 CMakeFiles/lab5_sys.dir/Users/KuangYi/Desktop/EmbeddedSystems/pico/pico-sdk/src/rp2_common/pico_lwip/lwip_freertos.c.obj
 .text.tcpip_init_done
                0x100006e4       0x10 CMakeFiles/lab5_sys.dir/Users/KuangYi/Desktop/EmbeddedSystems/pico/pico-sdk/src/rp2_common/pico_lwip/lwip_freertos.c.obj
 .text.lwip_freertos_init
                0x100006f4       0x68 CMakeFiles/lab5_sys.dir/Users/KuangYi/Desktop/EmbeddedSystems/pico/pico-sdk/src/rp2_common/pico_lwip/lwip_freertos.c.obj
                0x100006f4                lwip_freertos_init
 .text.lwip_freertos_deinit
                0x1000075c       0x14 CMakeFiles/lab5_sys.dir/Users/KuangYi/Desktop/EmbeddedSystems/pico/pico-sdk/src/rp2_common/pico_lwip/lwip_freertos.c.obj
                0x1000075c                lwip_freertos_deinit
 .text.pico_lwip_custom_lock_tcpip_core
                0x10000770       0x30 CMakeFiles/lab5_sys.dir/Users/KuangYi/Desktop/EmbeddedSystems/pico/pico-sdk/src/rp2_common/pico_lwip/lwip_freertos.c.obj
                0x10000770                pico_lwip_custom_lock_tcpip_core
 .text.pico_lwip_custom_unlock_tcpip_core
                0x100007a0       0x14 CMakeFiles/lab5_sys.dir/Users/KuangYi/Desktop/EmbeddedSystems/pico/pico-sdk/src/rp2_common/pico_lwip/lwip_freertos.c.obj
                0x100007a0                pico_lwip_custom_unlock_tcpip_core
 .text.async_context_base_add_at_time_worker
                0x100007b4       0x24 CMakeFiles/lab5_sys.dir/Users/KuangYi/Desktop/EmbeddedSystems/pico/pico-sdk/src/rp2_common/pico_async_context/async_context_base.c.obj
                0x100007b4                async_context_base_add_at_time_worker
 .text.async_context_base_remove_at_time_worker
                0x100007d8       0x28 CMakeFiles/lab5_sys.dir/Users/KuangYi/Desktop/EmbeddedSystems/pico/pico-sdk/src/rp2_common/pico_async_context/async_context_base.c.obj
                0x100007d8                async_context_base_remove_at_time_worker
 .text.async_context_base_add_when_pending_worker
                0x10000800       0x24 CMakeFiles/lab5_sys.dir/Users/KuangYi/Desktop/EmbeddedSystems/pico/pico-sdk/src/rp2_common/pico_async_context/async_context_base.c.obj
                0x10000800                async_context_base_add_when_pending_worker
 .text.async_context_base_remove_when_pending_worker
                0x10000824       0x28 CMakeFiles/lab5_sys.dir/Users/KuangYi/Desktop/EmbeddedSystems/pico/pico-sdk/src/rp2_common/pico_async_context/async_context_base.c.obj
                0x10000824                async_context_base_remove_when_pending_worker
 .text.async_context_base_execute_once
                0x1000084c      0x108 CMakeFiles/lab5_sys.dir/Users/KuangYi/Desktop/EmbeddedSystems/pico/pico-sdk/src/rp2_common/pico_async_context/async_context_base.c.obj
                0x1000084c                async_context_base_execute_once
 .text.running_on_fpga
                0x10000954       0x10 CMakeFiles/lab5_sys.dir/Users/KuangYi/Desktop/EmbeddedSystems/pico/pico-sdk/src/rp2_common/pico_platform/platform.c.obj
                0x10000954                running_on_fpga
 .text.lwip_init
                0x10000964       0x28 CMakeFiles/lab5_sys.dir/Users/KuangYi/Desktop/EmbeddedSystems/pico/pico-sdk/lib/lwip/src/core/init.c.obj
                0x10000964                lwip_init
 .text.lwip_htons
                0x1000098c        0x8 CMakeFiles/lab5_sys.dir/Users/KuangYi/Desktop/EmbeddedSystems/pico/pico-sdk/lib/lwip/src/core/def.c.obj
                0x1000098c                lwip_htons
 .text.lwip_htonl
                0x10000994        0x4 CMakeFiles/lab5_sys.dir/Users/KuangYi/Desktop/EmbeddedSystems/pico/pico-sdk/lib/lwip/src/core/def.c.obj
                0x10000994                lwip_htonl
 .text.dns_call_found
                0x10000998      0x184 CMakeFiles/lab5_sys.dir/Users/KuangYi/Desktop/EmbeddedSystems/pico/pico-sdk/lib/lwip/src/core/dns.c.obj
 .text.dns_send.isra.0
                0x10000b1c      0x174 CMakeFiles/lab5_sys.dir/Users/KuangYi/Desktop/EmbeddedSystems/pico/pico-sdk/lib/lwip/src/core/dns.c.obj
 .text.dns_init
                0x10000c90        0x4 CMakeFiles/lab5_sys.dir/Users/KuangYi/Desktop/EmbeddedSystems/pico/pico-sdk/lib/lwip/src/core/dns.c.obj
                0x10000c90                dns_init
 .text.dns_setserver
                0x10000c94       0x24 CMakeFiles/lab5_sys.dir/Users/KuangYi/Desktop/EmbeddedSystems/pico/pico-sdk/lib/lwip/src/core/dns.c.obj
                0x10000c94                dns_setserver
 .text.dns_tmr  0x10000cb8      0x140 CMakeFiles/lab5_sys.dir/Users/KuangYi/Desktop/EmbeddedSystems/pico/pico-sdk/lib/lwip/src/core/dns.c.obj
                0x10000cb8                dns_tmr
 .text.lwip_standard_chksum
                0x10000df8       0xdc CMakeFiles/lab5_sys.dir/Users/KuangYi/Desktop/EmbeddedSystems/pico/pico-sdk/lib/lwip/src/core/inet_chksum.c.obj
                0x10000df8                lwip_standard_chksum
 .text.inet_chksum_pseudo
                0x10000ed4       0xbc CMakeFiles/lab5_sys.dir/Users/KuangYi/Desktop/EmbeddedSystems/pico/pico-sdk/lib/lwip/src/core/inet_chksum.c.obj
                0x10000ed4                inet_chksum_pseudo
 .text.ip_chksum_pseudo
                0x10000f90       0x10 CMakeFiles/lab5_sys.dir/Users/KuangYi/Desktop/EmbeddedSystems/pico/pico-sdk/lib/lwip/src/core/inet_chksum.c.obj
                0x10000f90                ip_chksum_pseudo
 .text.inet_chksum
                0x10000fa0        0xc CMakeFiles/lab5_sys.dir/Users/KuangYi/Desktop/EmbeddedSystems/pico/pico-sdk/lib/lwip/src/core/inet_chksum.c.obj
                0x10000fa0                inet_chksum
 .text.inet_chksum_pbuf
                0x10000fac       0x78 CMakeFiles/lab5_sys.dir/Users/KuangYi/Desktop/EmbeddedSystems/pico/pico-sdk/lib/lwip/src/core/inet_chksum.c.obj
                0x10000fac                inet_chksum_pbuf
 .text.mem_init
                0x10001024       0x58 CMakeFiles/lab5_sys.dir/Users/KuangYi/Desktop/EmbeddedSystems/pico/pico-sdk/lib/lwip/src/core/mem.c.obj
                0x10001024                mem_init
 .text.mem_free
                0x1000107c      0x148 CMakeFiles/lab5_sys.dir/Users/KuangYi/Desktop/EmbeddedSystems/pico/pico-sdk/lib/lwip/src/core/mem.c.obj
                0x1000107c                mem_free
 .text.mem_trim
                0x100011c4      0x13c CMakeFiles/lab5_sys.dir/Users/KuangYi/Desktop/EmbeddedSystems/pico/pico-sdk/lib/lwip/src/core/mem.c.obj
                0x100011c4                mem_trim
 .text.mem_malloc
                0x10001300      0x13c CMakeFiles/lab5_sys.dir/Users/KuangYi/Desktop/EmbeddedSystems/pico/pico-sdk/lib/lwip/src/core/mem.c.obj
                0x10001300                mem_malloc
 .text.memp_init
                0x1000143c       0x6c CMakeFiles/lab5_sys.dir/Users/KuangYi/Desktop/EmbeddedSystems/pico/pico-sdk/lib/lwip/src/core/memp.c.obj
                0x1000143c                memp_init
 .text.memp_malloc
                0x100014a8       0x40 CMakeFiles/lab5_sys.dir/Users/KuangYi/Desktop/EmbeddedSystems/pico/pico-sdk/lib/lwip/src/core/memp.c.obj
                0x100014a8                memp_malloc
 .text.memp_free
                0x100014e8       0x38 CMakeFiles/lab5_sys.dir/Users/KuangYi/Desktop/EmbeddedSystems/pico/pico-sdk/lib/lwip/src/core/memp.c.obj
                0x100014e8                memp_free
 .text.netif_null_output_ip4
                0x10001520        0x8 CMakeFiles/lab5_sys.dir/Users/KuangYi/Desktop/EmbeddedSystems/pico/pico-sdk/lib/lwip/src/core/netif.c.obj
 .text.netif_do_set_ipaddr.isra.0
                0x10001528       0x60 CMakeFiles/lab5_sys.dir/Users/KuangYi/Desktop/EmbeddedSystems/pico/pico-sdk/lib/lwip/src/core/netif.c.obj
 .text.netif_init
                0x10001588        0x4 CMakeFiles/lab5_sys.dir/Users/KuangYi/Desktop/EmbeddedSystems/pico/pico-sdk/lib/lwip/src/core/netif.c.obj
                0x10001588                netif_init
 .text.netif_add
                0x1000158c      0x16c CMakeFiles/lab5_sys.dir/Users/KuangYi/Desktop/EmbeddedSystems/pico/pico-sdk/lib/lwip/src/core/netif.c.obj
                0x1000158c                netif_add
 .text.netif_set_addr
                0x100016f8       0xb4 CMakeFiles/lab5_sys.dir/Users/KuangYi/Desktop/EmbeddedSystems/pico/pico-sdk/lib/lwip/src/core/netif.c.obj
                0x100016f8                netif_set_addr
 .text.netif_remove
                0x100017ac       0x94 CMakeFiles/lab5_sys.dir/Users/KuangYi/Desktop/EmbeddedSystems/pico/pico-sdk/lib/lwip/src/core/netif.c.obj
                0x100017ac                netif_remove
 .text.netif_set_default
                0x10001840        0xc CMakeFiles/lab5_sys.dir/Users/KuangYi/Desktop/EmbeddedSystems/pico/pico-sdk/lib/lwip/src/core/netif.c.obj
                0x10001840                netif_set_default
 .text.netif_set_up
                0x1000184c       0x40 CMakeFiles/lab5_sys.dir/Users/KuangYi/Desktop/EmbeddedSystems/pico/pico-sdk/lib/lwip/src/core/netif.c.obj
                0x1000184c                netif_set_up
 .text.netif_set_link_up
                0x1000188c       0x44 CMakeFiles/lab5_sys.dir/Users/KuangYi/Desktop/EmbeddedSystems/pico/pico-sdk/lib/lwip/src/core/netif.c.obj
                0x1000188c                netif_set_link_up
 .text.netif_set_link_down
                0x100018d0       0x20 CMakeFiles/lab5_sys.dir/Users/KuangYi/Desktop/EmbeddedSystems/pico/pico-sdk/lib/lwip/src/core/netif.c.obj
                0x100018d0                netif_set_link_down
 .text.netif_get_by_index
                0x100018f0       0x2c CMakeFiles/lab5_sys.dir/Users/KuangYi/Desktop/EmbeddedSystems/pico/pico-sdk/lib/lwip/src/core/netif.c.obj
                0x100018f0                netif_get_by_index
 .text.pbuf_free_ooseq_callback
                0x1000191c       0x34 CMakeFiles/lab5_sys.dir/Users/KuangYi/Desktop/EmbeddedSystems/pico/pico-sdk/lib/lwip/src/core/pbuf.c.obj
 .text.pbuf_free.part.0
                0x10001950       0x7c CMakeFiles/lab5_sys.dir/Users/KuangYi/Desktop/EmbeddedSystems/pico/pico-sdk/lib/lwip/src/core/pbuf.c.obj
 .text.pbuf_alloc
                0x100019cc      0x160 CMakeFiles/lab5_sys.dir/Users/KuangYi/Desktop/EmbeddedSystems/pico/pico-sdk/lib/lwip/src/core/pbuf.c.obj
                0x100019cc                pbuf_alloc
 .text.pbuf_realloc
                0x10001b2c       0x84 CMakeFiles/lab5_sys.dir/Users/KuangYi/Desktop/EmbeddedSystems/pico/pico-sdk/lib/lwip/src/core/pbuf.c.obj
                0x10001b2c                pbuf_realloc
 .text.pbuf_add_header
                0x10001bb0       0x50 CMakeFiles/lab5_sys.dir/Users/KuangYi/Desktop/EmbeddedSystems/pico/pico-sdk/lib/lwip/src/core/pbuf.c.obj
                0x10001bb0                pbuf_add_header
 .text.pbuf_remove_header
                0x10001c00       0x3c CMakeFiles/lab5_sys.dir/Users/KuangYi/Desktop/EmbeddedSystems/pico/pico-sdk/lib/lwip/src/core/pbuf.c.obj
                0x10001c00                pbuf_remove_header
 .text.pbuf_header_force
                0x10001c3c       0x68 CMakeFiles/lab5_sys.dir/Users/KuangYi/Desktop/EmbeddedSystems/pico/pico-sdk/lib/lwip/src/core/pbuf.c.obj
                0x10001c3c                pbuf_header_force
 .text.pbuf_free
                0x10001ca4       0x18 CMakeFiles/lab5_sys.dir/Users/KuangYi/Desktop/EmbeddedSystems/pico/pico-sdk/lib/lwip/src/core/pbuf.c.obj
                0x10001ca4                pbuf_free
 .text.pbuf_clen
                0x10001cbc       0x14 CMakeFiles/lab5_sys.dir/Users/KuangYi/Desktop/EmbeddedSystems/pico/pico-sdk/lib/lwip/src/core/pbuf.c.obj
                0x10001cbc                pbuf_clen
 .text.pbuf_ref
                0x10001cd0       0x28 CMakeFiles/lab5_sys.dir/Users/KuangYi/Desktop/EmbeddedSystems/pico/pico-sdk/lib/lwip/src/core/pbuf.c.obj
                0x10001cd0                pbuf_ref
 .text.pbuf_cat
                0x10001cf8       0x44 CMakeFiles/lab5_sys.dir/Users/KuangYi/Desktop/EmbeddedSystems/pico/pico-sdk/lib/lwip/src/core/pbuf.c.obj
                0x10001cf8                pbuf_cat
 .text.pbuf_chain
                0x10001d3c       0x64 CMakeFiles/lab5_sys.dir/Users/KuangYi/Desktop/EmbeddedSystems/pico/pico-sdk/lib/lwip/src/core/pbuf.c.obj
                0x10001d3c                pbuf_chain
 .text.pbuf_copy_partial_pbuf
                0x10001da0      0x130 CMakeFiles/lab5_sys.dir/Users/KuangYi/Desktop/EmbeddedSystems/pico/pico-sdk/lib/lwip/src/core/pbuf.c.obj
                0x10001da0                pbuf_copy_partial_pbuf
 .text.pbuf_copy
                0x10001ed0       0x18 CMakeFiles/lab5_sys.dir/Users/KuangYi/Desktop/EmbeddedSystems/pico/pico-sdk/lib/lwip/src/core/pbuf.c.obj
                0x10001ed0                pbuf_copy
 .text.pbuf_copy_partial
                0x10001ee8       0x68 CMakeFiles/lab5_sys.dir/Users/KuangYi/Desktop/EmbeddedSystems/pico/pico-sdk/lib/lwip/src/core/pbuf.c.obj
                0x10001ee8                pbuf_copy_partial
 .text.pbuf_take
                0x10001f50       0x78 CMakeFiles/lab5_sys.dir/Users/KuangYi/Desktop/EmbeddedSystems/pico/pico-sdk/lib/lwip/src/core/pbuf.c.obj
                0x10001f50                pbuf_take
 .text.pbuf_take_at
                0x10001fc8       0xcc CMakeFiles/lab5_sys.dir/Users/KuangYi/Desktop/EmbeddedSystems/pico/pico-sdk/lib/lwip/src/core/pbuf.c.obj
                0x10001fc8                pbuf_take_at
 .text.pbuf_clone
                0x10002094       0x30 CMakeFiles/lab5_sys.dir/Users/KuangYi/Desktop/EmbeddedSystems/pico/pico-sdk/lib/lwip/src/core/pbuf.c.obj
                0x10002094                pbuf_clone
 .text.pbuf_put_at
                0x100020c4       0x1c CMakeFiles/lab5_sys.dir/Users/KuangYi/Desktop/EmbeddedSystems/pico/pico-sdk/lib/lwip/src/core/pbuf.c.obj
                0x100020c4                pbuf_put_at
 .text.raw_input
                0x100020e0      0x164 CMakeFiles/lab5_sys.dir/Users/KuangYi/Desktop/EmbeddedSystems/pico/pico-sdk/lib/lwip/src/core/raw.c.obj
                0x100020e0                raw_input
 .text.raw_netif_ip_addr_changed
                0x10002244       0x40 CMakeFiles/lab5_sys.dir/Users/KuangYi/Desktop/EmbeddedSystems/pico/pico-sdk/lib/lwip/src/core/raw.c.obj
                0x10002244                raw_netif_ip_addr_changed
 .text.stats_init
                0x10002284        0x4 CMakeFiles/lab5_sys.dir/Users/KuangYi/Desktop/EmbeddedSystems/pico/pico-sdk/lib/lwip/src/core/stats.c.obj
                0x10002284                stats_init
 .text.tcp_close_shutdown_fin
                0x10002288       0x58 CMakeFiles/lab5_sys.dir/Users/KuangYi/Desktop/EmbeddedSystems/pico/pico-sdk/lib/lwip/src/core/tcp.c.obj
 .text.tcp_pcb_purge.part.0
                0x100022e0       0xc4 CMakeFiles/lab5_sys.dir/Users/KuangYi/Desktop/EmbeddedSystems/pico/pico-sdk/lib/lwip/src/core/tcp.c.obj
 .text.tcp_init
                0x100023a4       0x20 CMakeFiles/lab5_sys.dir/Users/KuangYi/Desktop/EmbeddedSystems/pico/pico-sdk/lib/lwip/src/core/tcp.c.obj
                0x100023a4                tcp_init
 .text.tcp_free
                0x100023c4       0x1c CMakeFiles/lab5_sys.dir/Users/KuangYi/Desktop/EmbeddedSystems/pico/pico-sdk/lib/lwip/src/core/tcp.c.obj
                0x100023c4                tcp_free
 .text.tcp_update_rcv_ann_wnd
                0x100023e0       0x58 CMakeFiles/lab5_sys.dir/Users/KuangYi/Desktop/EmbeddedSystems/pico/pico-sdk/lib/lwip/src/core/tcp.c.obj
                0x100023e0                tcp_update_rcv_ann_wnd
 .text.tcp_recved
                0x10002438       0x98 CMakeFiles/lab5_sys.dir/Users/KuangYi/Desktop/EmbeddedSystems/pico/pico-sdk/lib/lwip/src/core/tcp.c.obj
                0x10002438                tcp_recved
 .text.tcp_slowtmr
                0x100024d0      0x518 CMakeFiles/lab5_sys.dir/Users/KuangYi/Desktop/EmbeddedSystems/pico/pico-sdk/lib/lwip/src/core/tcp.c.obj
                0x100024d0                tcp_slowtmr
 .text.tcp_segs_free
                0x100029e8       0x38 CMakeFiles/lab5_sys.dir/Users/KuangYi/Desktop/EmbeddedSystems/pico/pico-sdk/lib/lwip/src/core/tcp.c.obj
                0x100029e8                tcp_segs_free
 .text.tcp_seg_free
                0x10002a20       0x1c CMakeFiles/lab5_sys.dir/Users/KuangYi/Desktop/EmbeddedSystems/pico/pico-sdk/lib/lwip/src/core/tcp.c.obj
                0x10002a20                tcp_seg_free
 .text.tcp_seg_copy
                0x10002a3c       0x2c CMakeFiles/lab5_sys.dir/Users/KuangYi/Desktop/EmbeddedSystems/pico/pico-sdk/lib/lwip/src/core/tcp.c.obj
                0x10002a3c                tcp_seg_copy
 .text.tcp_pcb_purge
                0x10002a68       0x18 CMakeFiles/lab5_sys.dir/Users/KuangYi/Desktop/EmbeddedSystems/pico/pico-sdk/lib/lwip/src/core/tcp.c.obj
                0x10002a68                tcp_pcb_purge
 .text.tcp_pcb_remove
                0x10002a80       0xc8 CMakeFiles/lab5_sys.dir/Users/KuangYi/Desktop/EmbeddedSystems/pico/pico-sdk/lib/lwip/src/core/tcp.c.obj
                0x10002a80                tcp_pcb_remove
 .text.tcp_abandon
                0x10002b48      0x1a0 CMakeFiles/lab5_sys.dir/Users/KuangYi/Desktop/EmbeddedSystems/pico/pico-sdk/lib/lwip/src/core/tcp.c.obj
                0x10002b48                tcp_abandon
 .text.tcp_abort
                0x10002ce8        0xc CMakeFiles/lab5_sys.dir/Users/KuangYi/Desktop/EmbeddedSystems/pico/pico-sdk/lib/lwip/src/core/tcp.c.obj
                0x10002ce8                tcp_abort
 .text.tcp_alloc
                0x10002cf4      0x1d4 CMakeFiles/lab5_sys.dir/Users/KuangYi/Desktop/EmbeddedSystems/pico/pico-sdk/lib/lwip/src/core/tcp.c.obj
                0x10002cf4                tcp_alloc
 .text.tcp_close_shutdown
                0x10002ec8      0x18c CMakeFiles/lab5_sys.dir/Users/KuangYi/Desktop/EmbeddedSystems/pico/pico-sdk/lib/lwip/src/core/tcp.c.obj
 .text.tcp_recv_null
                0x10003054       0xcc CMakeFiles/lab5_sys.dir/Users/KuangYi/Desktop/EmbeddedSystems/pico/pico-sdk/lib/lwip/src/core/tcp.c.obj
                0x10003054                tcp_recv_null
 .text.tcp_process_refused_data
                0x10003120       0x78 CMakeFiles/lab5_sys.dir/Users/KuangYi/Desktop/EmbeddedSystems/pico/pico-sdk/lib/lwip/src/core/tcp.c.obj
                0x10003120                tcp_process_refused_data
 .text.tcp_fasttmr
                0x10003198       0x98 CMakeFiles/lab5_sys.dir/Users/KuangYi/Desktop/EmbeddedSystems/pico/pico-sdk/lib/lwip/src/core/tcp.c.obj
                0x10003198                tcp_fasttmr
 .text.tcp_tmr  0x10003230       0x20 CMakeFiles/lab5_sys.dir/Users/KuangYi/Desktop/EmbeddedSystems/pico/pico-sdk/lib/lwip/src/core/tcp.c.obj
                0x10003230                tcp_tmr
 .text.tcp_next_iss
                0x10003250       0x28 CMakeFiles/lab5_sys.dir/Users/KuangYi/Desktop/EmbeddedSystems/pico/pico-sdk/lib/lwip/src/core/tcp.c.obj
                0x10003250                tcp_next_iss
 .text.tcp_eff_send_mss_netif
                0x10003278       0x34 CMakeFiles/lab5_sys.dir/Users/KuangYi/Desktop/EmbeddedSystems/pico/pico-sdk/lib/lwip/src/core/tcp.c.obj
                0x10003278                tcp_eff_send_mss_netif
 .text.tcp_netif_ip_addr_changed
                0x100032ac       0x94 CMakeFiles/lab5_sys.dir/Users/KuangYi/Desktop/EmbeddedSystems/pico/pico-sdk/lib/lwip/src/core/tcp.c.obj
                0x100032ac                tcp_netif_ip_addr_changed
 .text.tcp_free_ooseq
                0x10003340       0x40 CMakeFiles/lab5_sys.dir/Users/KuangYi/Desktop/EmbeddedSystems/pico/pico-sdk/lib/lwip/src/core/tcp.c.obj
                0x10003340                tcp_free_ooseq
 .text.tcp_parseopt
                0x10003380      0x1c0 CMakeFiles/lab5_sys.dir/Users/KuangYi/Desktop/EmbeddedSystems/pico/pico-sdk/lib/lwip/src/core/tcp_in.c.obj
 .text.tcp_oos_insert_segment
                0x10003540       0xdc CMakeFiles/lab5_sys.dir/Users/KuangYi/Desktop/EmbeddedSystems/pico/pico-sdk/lib/lwip/src/core/tcp_in.c.obj
 .text.tcp_free_acked_segments.constprop.0
                0x1000361c       0xdc CMakeFiles/lab5_sys.dir/Users/KuangYi/Desktop/EmbeddedSystems/pico/pico-sdk/lib/lwip/src/core/tcp_in.c.obj
 .text.tcp_receive
                0x100036f8      0xa18 CMakeFiles/lab5_sys.dir/Users/KuangYi/Desktop/EmbeddedSystems/pico/pico-sdk/lib/lwip/src/core/tcp_in.c.obj
 .text.tcp_input
                0x10004110      0xe64 CMakeFiles/lab5_sys.dir/Users/KuangYi/Desktop/EmbeddedSystems/pico/pico-sdk/lib/lwip/src/core/tcp_in.c.obj
                0x10004110                tcp_input
 .text.tcp_trigger_input_pcb_close
                0x10004f74       0x10 CMakeFiles/lab5_sys.dir/Users/KuangYi/Desktop/EmbeddedSystems/pico/pico-sdk/lib/lwip/src/core/tcp_in.c.obj
                0x10004f74                tcp_trigger_input_pcb_close
 .text.tcp_create_segment
                0x10004f84       0xf8 CMakeFiles/lab5_sys.dir/Users/KuangYi/Desktop/EmbeddedSystems/pico/pico-sdk/lib/lwip/src/core/tcp_out.c.obj
 .text.tcp_output_control_segment
                0x1000507c       0xc0 CMakeFiles/lab5_sys.dir/Users/KuangYi/Desktop/EmbeddedSystems/pico/pico-sdk/lib/lwip/src/core/tcp_out.c.obj
 .text.tcp_output_alloc_header.constprop.0
                0x1000513c       0xc8 CMakeFiles/lab5_sys.dir/Users/KuangYi/Desktop/EmbeddedSystems/pico/pico-sdk/lib/lwip/src/core/tcp_out.c.obj
 .text.tcp_split_unsent_seg
                0x10005204      0x1b4 CMakeFiles/lab5_sys.dir/Users/KuangYi/Desktop/EmbeddedSystems/pico/pico-sdk/lib/lwip/src/core/tcp_out.c.obj
                0x10005204                tcp_split_unsent_seg
 .text.tcp_send_fin
                0x100053b8      0x118 CMakeFiles/lab5_sys.dir/Users/KuangYi/Desktop/EmbeddedSystems/pico/pico-sdk/lib/lwip/src/core/tcp_out.c.obj
                0x100053b8                tcp_send_fin
 .text.tcp_enqueue_flags
                0x100054d0      0x108 CMakeFiles/lab5_sys.dir/Users/KuangYi/Desktop/EmbeddedSystems/pico/pico-sdk/lib/lwip/src/core/tcp_out.c.obj
                0x100054d0                tcp_enqueue_flags
 .text.tcp_rexmit_rto_prepare
                0x100055d8       0x9c CMakeFiles/lab5_sys.dir/Users/KuangYi/Desktop/EmbeddedSystems/pico/pico-sdk/lib/lwip/src/core/tcp_out.c.obj
                0x100055d8                tcp_rexmit_rto_prepare
 .text.tcp_rexmit
                0x10005674       0x9c CMakeFiles/lab5_sys.dir/Users/KuangYi/Desktop/EmbeddedSystems/pico/pico-sdk/lib/lwip/src/core/tcp_out.c.obj
                0x10005674                tcp_rexmit
 .text.tcp_rexmit_fast
                0x10005710       0x64 CMakeFiles/lab5_sys.dir/Users/KuangYi/Desktop/EmbeddedSystems/pico/pico-sdk/lib/lwip/src/core/tcp_out.c.obj
                0x10005710                tcp_rexmit_fast
 .text.tcp_rst  0x10005774       0xe8 CMakeFiles/lab5_sys.dir/Users/KuangYi/Desktop/EmbeddedSystems/pico/pico-sdk/lib/lwip/src/core/tcp_out.c.obj
                0x10005774                tcp_rst
 .text.tcp_rst_netif
                0x1000585c      0x130 CMakeFiles/lab5_sys.dir/Users/KuangYi/Desktop/EmbeddedSystems/pico/pico-sdk/lib/lwip/src/core/tcp_out.c.obj
                0x1000585c                tcp_rst_netif
 .text.tcp_send_empty_ack
                0x1000598c       0x4c CMakeFiles/lab5_sys.dir/Users/KuangYi/Desktop/EmbeddedSystems/pico/pico-sdk/lib/lwip/src/core/tcp_out.c.obj
                0x1000598c                tcp_send_empty_ack
 .text.tcp_output
                0x100059d8      0x454 CMakeFiles/lab5_sys.dir/Users/KuangYi/Desktop/EmbeddedSystems/pico/pico-sdk/lib/lwip/src/core/tcp_out.c.obj
                0x100059d8                tcp_output
 .text.tcp_rexmit_rto_commit
                0x10005e2c       0x24 CMakeFiles/lab5_sys.dir/Users/KuangYi/Desktop/EmbeddedSystems/pico/pico-sdk/lib/lwip/src/core/tcp_out.c.obj
                0x10005e2c                tcp_rexmit_rto_commit
 .text.tcp_rexmit_rto
                0x10005e50       0xa4 CMakeFiles/lab5_sys.dir/Users/KuangYi/Desktop/EmbeddedSystems/pico/pico-sdk/lib/lwip/src/core/tcp_out.c.obj
                0x10005e50                tcp_rexmit_rto
 .text.tcp_keepalive
                0x10005ef4       0xdc CMakeFiles/lab5_sys.dir/Users/KuangYi/Desktop/EmbeddedSystems/pico/pico-sdk/lib/lwip/src/core/tcp_out.c.obj
                0x10005ef4                tcp_keepalive
 .text.tcp_zero_window_probe
                0x10005fd0      0x110 CMakeFiles/lab5_sys.dir/Users/KuangYi/Desktop/EmbeddedSystems/pico/pico-sdk/lib/lwip/src/core/tcp_out.c.obj
                0x10005fd0                tcp_zero_window_probe
 .text.tcpip_tcp_timer
                0x100060e0       0x78 CMakeFiles/lab5_sys.dir/Users/KuangYi/Desktop/EmbeddedSystems/pico/pico-sdk/lib/lwip/src/core/timeouts.c.obj
 .text.lwip_cyclic_timer
                0x10006158       0x98 CMakeFiles/lab5_sys.dir/Users/KuangYi/Desktop/EmbeddedSystems/pico/pico-sdk/lib/lwip/src/core/timeouts.c.obj
 .text.tcp_timer_needed
                0x100061f0       0x7c CMakeFiles/lab5_sys.dir/Users/KuangYi/Desktop/EmbeddedSystems/pico/pico-sdk/lib/lwip/src/core/timeouts.c.obj
                0x100061f0                tcp_timer_needed
 .text.sys_timeouts_init
                0x1000626c       0x8c CMakeFiles/lab5_sys.dir/Users/KuangYi/Desktop/EmbeddedSystems/pico/pico-sdk/lib/lwip/src/core/timeouts.c.obj
                0x1000626c                sys_timeouts_init
 .text.sys_check_timeouts
                0x100062f8       0x48 CMakeFiles/lab5_sys.dir/Users/KuangYi/Desktop/EmbeddedSystems/pico/pico-sdk/lib/lwip/src/core/timeouts.c.obj
                0x100062f8                sys_check_timeouts
 .text.sys_timeouts_sleeptime
                0x10006340       0x28 CMakeFiles/lab5_sys.dir/Users/KuangYi/Desktop/EmbeddedSystems/pico/pico-sdk/lib/lwip/src/core/timeouts.c.obj
                0x10006340                sys_timeouts_sleeptime
 .text.udp_init
                0x10006368       0x20 CMakeFiles/lab5_sys.dir/Users/KuangYi/Desktop/EmbeddedSystems/pico/pico-sdk/lib/lwip/src/core/udp.c.obj
                0x10006368                udp_init
 .text.udp_input
                0x10006388      0x270 CMakeFiles/lab5_sys.dir/Users/KuangYi/Desktop/EmbeddedSystems/pico/pico-sdk/lib/lwip/src/core/udp.c.obj
                0x10006388                udp_input
 .text.udp_bind
                0x100065f8      0x108 CMakeFiles/lab5_sys.dir/Users/KuangYi/Desktop/EmbeddedSystems/pico/pico-sdk/lib/lwip/src/core/udp.c.obj
                0x100065f8                udp_bind
 .text.udp_sendto_if_src
                0x10006700      0x130 CMakeFiles/lab5_sys.dir/Users/KuangYi/Desktop/EmbeddedSystems/pico/pico-sdk/lib/lwip/src/core/udp.c.obj
                0x10006700                udp_sendto_if_src
 .text.udp_sendto_if
                0x10006830       0x48 CMakeFiles/lab5_sys.dir/Users/KuangYi/Desktop/EmbeddedSystems/pico/pico-sdk/lib/lwip/src/core/udp.c.obj
                0x10006830                udp_sendto_if
 .text.udp_sendto
                0x10006878       0x78 CMakeFiles/lab5_sys.dir/Users/KuangYi/Desktop/EmbeddedSystems/pico/pico-sdk/lib/lwip/src/core/udp.c.obj
                0x10006878                udp_sendto
 .text.udp_connect
                0x100068f0       0x60 CMakeFiles/lab5_sys.dir/Users/KuangYi/Desktop/EmbeddedSystems/pico/pico-sdk/lib/lwip/src/core/udp.c.obj
                0x100068f0                udp_connect
 .text.udp_recv
                0x10006950        0xc CMakeFiles/lab5_sys.dir/Users/KuangYi/Desktop/EmbeddedSystems/pico/pico-sdk/lib/lwip/src/core/udp.c.obj
                0x10006950                udp_recv
 .text.udp_remove
                0x1000695c       0x3c CMakeFiles/lab5_sys.dir/Users/KuangYi/Desktop/EmbeddedSystems/pico/pico-sdk/lib/lwip/src/core/udp.c.obj
                0x1000695c                udp_remove
 .text.udp_new  0x10006998       0x1c CMakeFiles/lab5_sys.dir/Users/KuangYi/Desktop/EmbeddedSystems/pico/pico-sdk/lib/lwip/src/core/udp.c.obj
                0x10006998                udp_new
 .text.udp_netif_ip_addr_changed
                0x100069b4       0x40 CMakeFiles/lab5_sys.dir/Users/KuangYi/Desktop/EmbeddedSystems/pico/pico-sdk/lib/lwip/src/core/udp.c.obj
                0x100069b4                udp_netif_ip_addr_changed
 .text.dhcp_create_msg
                0x100069f4      0x164 CMakeFiles/lab5_sys.dir/Users/KuangYi/Desktop/EmbeddedSystems/pico/pico-sdk/lib/lwip/src/core/ipv4/dhcp.c.obj
 .text.dhcp_inc_pcb_refcount
                0x10006b58       0x6c CMakeFiles/lab5_sys.dir/Users/KuangYi/Desktop/EmbeddedSystems/pico/pico-sdk/lib/lwip/src/core/ipv4/dhcp.c.obj
 .text.dhcp_bind
                0x10006bc4      0x154 CMakeFiles/lab5_sys.dir/Users/KuangYi/Desktop/EmbeddedSystems/pico/pico-sdk/lib/lwip/src/core/ipv4/dhcp.c.obj
 .text.dhcp_option_hostname.isra.0
                0x10006d18       0x88 CMakeFiles/lab5_sys.dir/Users/KuangYi/Desktop/EmbeddedSystems/pico/pico-sdk/lib/lwip/src/core/ipv4/dhcp.c.obj
 .text.dhcp_handle_ack.isra.0
                0x10006da0       0xcc CMakeFiles/lab5_sys.dir/Users/KuangYi/Desktop/EmbeddedSystems/pico/pico-sdk/lib/lwip/src/core/ipv4/dhcp.c.obj
 .text.dhcp_reboot.isra.0
                0x10006e6c      0x178 CMakeFiles/lab5_sys.dir/Users/KuangYi/Desktop/EmbeddedSystems/pico/pico-sdk/lib/lwip/src/core/ipv4/dhcp.c.obj
 .text.dhcp_discover
                0x10006fe4      0x140 CMakeFiles/lab5_sys.dir/Users/KuangYi/Desktop/EmbeddedSystems/pico/pico-sdk/lib/lwip/src/core/ipv4/dhcp.c.obj
 .text.dhcp_select.isra.0
                0x10007124      0x1e0 CMakeFiles/lab5_sys.dir/Users/KuangYi/Desktop/EmbeddedSystems/pico/pico-sdk/lib/lwip/src/core/ipv4/dhcp.c.obj
 .text.dhcp_recv
                0x10007304      0x480 CMakeFiles/lab5_sys.dir/Users/KuangYi/Desktop/EmbeddedSystems/pico/pico-sdk/lib/lwip/src/core/ipv4/dhcp.c.obj
 .text.dhcp_set_struct
                0x10007784       0x44 CMakeFiles/lab5_sys.dir/Users/KuangYi/Desktop/EmbeddedSystems/pico/pico-sdk/lib/lwip/src/core/ipv4/dhcp.c.obj
                0x10007784                dhcp_set_struct
 .text.dhcp_network_changed_link_up
                0x100077c8       0x40 CMakeFiles/lab5_sys.dir/Users/KuangYi/Desktop/EmbeddedSystems/pico/pico-sdk/lib/lwip/src/core/ipv4/dhcp.c.obj
                0x100077c8                dhcp_network_changed_link_up
 .text.dhcp_renew
                0x10007808      0x138 CMakeFiles/lab5_sys.dir/Users/KuangYi/Desktop/EmbeddedSystems/pico/pico-sdk/lib/lwip/src/core/ipv4/dhcp.c.obj
                0x10007808                dhcp_renew
 .text.dhcp_release_and_stop
                0x10007940      0x158 CMakeFiles/lab5_sys.dir/Users/KuangYi/Desktop/EmbeddedSystems/pico/pico-sdk/lib/lwip/src/core/ipv4/dhcp.c.obj
                0x10007940                dhcp_release_and_stop
 .text.dhcp_start
                0x10007a98       0xb0 CMakeFiles/lab5_sys.dir/Users/KuangYi/Desktop/EmbeddedSystems/pico/pico-sdk/lib/lwip/src/core/ipv4/dhcp.c.obj
                0x10007a98                dhcp_start
 .text.dhcp_coarse_tmr
                0x10007b48      0x1d4 CMakeFiles/lab5_sys.dir/Users/KuangYi/Desktop/EmbeddedSystems/pico/pico-sdk/lib/lwip/src/core/ipv4/dhcp.c.obj
                0x10007b48                dhcp_coarse_tmr
 .text.dhcp_fine_tmr
                0x10007d1c       0x78 CMakeFiles/lab5_sys.dir/Users/KuangYi/Desktop/EmbeddedSystems/pico/pico-sdk/lib/lwip/src/core/ipv4/dhcp.c.obj
                0x10007d1c                dhcp_fine_tmr
 .text.dhcp_stop
                0x10007d94      0x158 CMakeFiles/lab5_sys.dir/Users/KuangYi/Desktop/EmbeddedSystems/pico/pico-sdk/lib/lwip/src/core/ipv4/dhcp.c.obj
                0x10007d94                dhcp_stop
 .text.etharp_find_entry
                0x10007eec      0x3d4 CMakeFiles/lab5_sys.dir/Users/KuangYi/Desktop/EmbeddedSystems/pico/pico-sdk/lib/lwip/src/core/ipv4/etharp.c.obj
 .text.etharp_raw
                0x100082c0       0xec CMakeFiles/lab5_sys.dir/Users/KuangYi/Desktop/EmbeddedSystems/pico/pico-sdk/lib/lwip/src/core/ipv4/etharp.c.obj
 .text.etharp_output_to_arp_index
                0x100083ac       0xc0 CMakeFiles/lab5_sys.dir/Users/KuangYi/Desktop/EmbeddedSystems/pico/pico-sdk/lib/lwip/src/core/ipv4/etharp.c.obj
 .text.etharp_tmr
                0x1000846c       0x94 CMakeFiles/lab5_sys.dir/Users/KuangYi/Desktop/EmbeddedSystems/pico/pico-sdk/lib/lwip/src/core/ipv4/etharp.c.obj
                0x1000846c                etharp_tmr
 .text.etharp_cleanup_netif
                0x10008500      0x188 CMakeFiles/lab5_sys.dir/Users/KuangYi/Desktop/EmbeddedSystems/pico/pico-sdk/lib/lwip/src/core/ipv4/etharp.c.obj
                0x10008500                etharp_cleanup_netif
 .text.etharp_input
                0x10008688      0x1ac CMakeFiles/lab5_sys.dir/Users/KuangYi/Desktop/EmbeddedSystems/pico/pico-sdk/lib/lwip/src/core/ipv4/etharp.c.obj
                0x10008688                etharp_input
 .text.etharp_query
                0x10008834      0x1b8 CMakeFiles/lab5_sys.dir/Users/KuangYi/Desktop/EmbeddedSystems/pico/pico-sdk/lib/lwip/src/core/ipv4/etharp.c.obj
                0x10008834                etharp_query
 .text.etharp_output
                0x100089ec      0x24c CMakeFiles/lab5_sys.dir/Users/KuangYi/Desktop/EmbeddedSystems/pico/pico-sdk/lib/lwip/src/core/ipv4/etharp.c.obj
                0x100089ec                etharp_output
 .text.etharp_request
                0x10008c38       0x2c CMakeFiles/lab5_sys.dir/Users/KuangYi/Desktop/EmbeddedSystems/pico/pico-sdk/lib/lwip/src/core/ipv4/etharp.c.obj
                0x10008c38                etharp_request
 .text.icmp_input
                0x10008c64      0x1ec CMakeFiles/lab5_sys.dir/Users/KuangYi/Desktop/EmbeddedSystems/pico/pico-sdk/lib/lwip/src/core/ipv4/icmp.c.obj
                0x10008c64                icmp_input
 .text.icmp_dest_unreach
                0x10008e50       0xcc CMakeFiles/lab5_sys.dir/Users/KuangYi/Desktop/EmbeddedSystems/pico/pico-sdk/lib/lwip/src/core/ipv4/icmp.c.obj
                0x10008e50                icmp_dest_unreach
 .text.icmp_time_exceeded
                0x10008f1c       0xcc CMakeFiles/lab5_sys.dir/Users/KuangYi/Desktop/EmbeddedSystems/pico/pico-sdk/lib/lwip/src/core/ipv4/icmp.c.obj
                0x10008f1c                icmp_time_exceeded
 .text.ip_reass_free_complete_datagram
                0x10008fe8      0x11c CMakeFiles/lab5_sys.dir/Users/KuangYi/Desktop/EmbeddedSystems/pico/pico-sdk/lib/lwip/src/core/ipv4/ip4_frag.c.obj
 .text.ip_reass_remove_oldest_datagram
                0x10009104       0xd8 CMakeFiles/lab5_sys.dir/Users/KuangYi/Desktop/EmbeddedSystems/pico/pico-sdk/lib/lwip/src/core/ipv4/ip4_frag.c.obj
 .text.ip_reass_tmr
                0x100091dc       0x30 CMakeFiles/lab5_sys.dir/Users/KuangYi/Desktop/EmbeddedSystems/pico/pico-sdk/lib/lwip/src/core/ipv4/ip4_frag.c.obj
                0x100091dc                ip_reass_tmr
 .text.ip4_reass
                0x1000920c      0x55c CMakeFiles/lab5_sys.dir/Users/KuangYi/Desktop/EmbeddedSystems/pico/pico-sdk/lib/lwip/src/core/ipv4/ip4_frag.c.obj
                0x1000920c                ip4_reass
 .text.ip4_frag
                0x10009768      0x184 CMakeFiles/lab5_sys.dir/Users/KuangYi/Desktop/EmbeddedSystems/pico/pico-sdk/lib/lwip/src/core/ipv4/ip4_frag.c.obj
                0x10009768                ip4_frag
 .text.ip4_route
                0x100098ec       0x7c CMakeFiles/lab5_sys.dir/Users/KuangYi/Desktop/EmbeddedSystems/pico/pico-sdk/lib/lwip/src/core/ipv4/ip4.c.obj
                0x100098ec                ip4_route
 .text.ip4_input
                0x10009968      0x300 CMakeFiles/lab5_sys.dir/Users/KuangYi/Desktop/EmbeddedSystems/pico/pico-sdk/lib/lwip/src/core/ipv4/ip4.c.obj
                0x10009968                ip4_input
 .text.ip4_output_if
                0x10009c68      0x188 CMakeFiles/lab5_sys.dir/Users/KuangYi/Desktop/EmbeddedSystems/pico/pico-sdk/lib/lwip/src/core/ipv4/ip4.c.obj
                0x10009c68                ip4_output_if
 .text.ip4_output_if_src
                0x10009df0      0x180 CMakeFiles/lab5_sys.dir/Users/KuangYi/Desktop/EmbeddedSystems/pico/pico-sdk/lib/lwip/src/core/ipv4/ip4.c.obj
                0x10009df0                ip4_output_if_src
 .text.ip4_addr_isbroadcast_u32
                0x10009f70       0x3c CMakeFiles/lab5_sys.dir/Users/KuangYi/Desktop/EmbeddedSystems/pico/pico-sdk/lib/lwip/src/core/ipv4/ip4_addr.c.obj
                0x10009f70                ip4_addr_isbroadcast_u32
 .text.tcpip_thread
                0x10009fac       0x94 CMakeFiles/lab5_sys.dir/Users/KuangYi/Desktop/EmbeddedSystems/pico/pico-sdk/lib/lwip/src/api/tcpip.c.obj
 .text.tcpip_input
                0x1000a040       0x3c CMakeFiles/lab5_sys.dir/Users/KuangYi/Desktop/EmbeddedSystems/pico/pico-sdk/lib/lwip/src/api/tcpip.c.obj
                0x1000a040                tcpip_input
 .text.tcpip_try_callback
                0x1000a07c       0x4c CMakeFiles/lab5_sys.dir/Users/KuangYi/Desktop/EmbeddedSystems/pico/pico-sdk/lib/lwip/src/api/tcpip.c.obj
                0x1000a07c                tcpip_try_callback
 .text.tcpip_init
                0x1000a0c8       0x6c CMakeFiles/lab5_sys.dir/Users/KuangYi/Desktop/EmbeddedSystems/pico/pico-sdk/lib/lwip/src/api/tcpip.c.obj
                0x1000a0c8                tcpip_init
 .text.ethernet_input
                0x1000a134       0xd0 CMakeFiles/lab5_sys.dir/Users/KuangYi/Desktop/EmbeddedSystems/pico/pico-sdk/lib/lwip/src/netif/ethernet.c.obj
                0x1000a134                ethernet_input
 .text.ethernet_output
                0x1000a204       0x6c CMakeFiles/lab5_sys.dir/Users/KuangYi/Desktop/EmbeddedSystems/pico/pico-sdk/lib/lwip/src/netif/ethernet.c.obj
                0x1000a204                ethernet_output
 .text.sys_init
                0x1000a270        0x4 CMakeFiles/lab5_sys.dir/Users/KuangYi/Desktop/EmbeddedSystems/pico/pico-sdk/lib/lwip/contrib/ports/freertos/sys_arch.c.obj
                0x1000a270                sys_init
 .text.sys_now  0x1000a274        0x8 CMakeFiles/lab5_sys.dir/Users/KuangYi/Desktop/EmbeddedSystems/pico/pico-sdk/lib/lwip/contrib/ports/freertos/sys_arch.c.obj
                0x1000a274                sys_now
 .text.sys_arch_protect
                0x1000a27c        0xc CMakeFiles/lab5_sys.dir/Users/KuangYi/Desktop/EmbeddedSystems/pico/pico-sdk/lib/lwip/contrib/ports/freertos/sys_arch.c.obj
                0x1000a27c                sys_arch_protect
 .text.sys_arch_unprotect
                0x1000a288        0x8 CMakeFiles/lab5_sys.dir/Users/KuangYi/Desktop/EmbeddedSystems/pico/pico-sdk/lib/lwip/contrib/ports/freertos/sys_arch.c.obj
                0x1000a288                sys_arch_unprotect
 .text.sys_mutex_new
                0x1000a290       0x20 CMakeFiles/lab5_sys.dir/Users/KuangYi/Desktop/EmbeddedSystems/pico/pico-sdk/lib/lwip/contrib/ports/freertos/sys_arch.c.obj
                0x1000a290                sys_mutex_new
 .text.sys_mutex_lock
                0x1000a2b0       0x38 CMakeFiles/lab5_sys.dir/Users/KuangYi/Desktop/EmbeddedSystems/pico/pico-sdk/lib/lwip/contrib/ports/freertos/sys_arch.c.obj
                0x1000a2b0                sys_mutex_lock
 .text.sys_mutex_unlock
                0x1000a2e8       0x34 CMakeFiles/lab5_sys.dir/Users/KuangYi/Desktop/EmbeddedSystems/pico/pico-sdk/lib/lwip/contrib/ports/freertos/sys_arch.c.obj
                0x1000a2e8                sys_mutex_unlock
 .text.sys_mbox_new
                0x1000a31c       0x34 CMakeFiles/lab5_sys.dir/Users/KuangYi/Desktop/EmbeddedSystems/pico/pico-sdk/lib/lwip/contrib/ports/freertos/sys_arch.c.obj
                0x1000a31c                sys_mbox_new
 .text.sys_mbox_trypost
                0x1000a350       0x4c CMakeFiles/lab5_sys.dir/Users/KuangYi/Desktop/EmbeddedSystems/pico/pico-sdk/lib/lwip/contrib/ports/freertos/sys_arch.c.obj
                0x1000a350                sys_mbox_trypost
 .text.sys_arch_mbox_fetch
                0x1000a39c       0x60 CMakeFiles/lab5_sys.dir/Users/KuangYi/Desktop/EmbeddedSystems/pico/pico-sdk/lib/lwip/contrib/ports/freertos/sys_arch.c.obj
                0x1000a39c                sys_arch_mbox_fetch
 .text.sys_thread_new
                0x1000a3fc       0x40 CMakeFiles/lab5_sys.dir/Users/KuangYi/Desktop/EmbeddedSystems/pico/pico-sdk/lib/lwip/contrib/ports/freertos/sys_arch.c.obj
                0x1000a3fc                sys_thread_new
 .text.splitmix64
                0x1000a43c       0x58 CMakeFiles/lab5_sys.dir/Users/KuangYi/Desktop/EmbeddedSystems/pico/pico-sdk/src/rp2_common/pico_rand/rand.c.obj
 .text.xoroshiro128ss
                0x1000a494       0x90 CMakeFiles/lab5_sys.dir/Users/KuangYi/Desktop/EmbeddedSystems/pico/pico-sdk/src/rp2_common/pico_rand/rand.c.obj
 .text.get_rand_64
                0x1000a524      0x4a4 CMakeFiles/lab5_sys.dir/Users/KuangYi/Desktop/EmbeddedSystems/pico/pico-sdk/src/rp2_common/pico_rand/rand.c.obj
                0x1000a524                get_rand_64
 .text.get_rand_32
                0x1000a9c8        0x8 CMakeFiles/lab5_sys.dir/Users/KuangYi/Desktop/EmbeddedSystems/pico/pico-sdk/src/rp2_common/pico_rand/rand.c.obj
                0x1000a9c8                get_rand_32
 .text.startup._retrieve_unique_id_on_boot
                0x1000a9d0       0x10 CMakeFiles/lab5_sys.dir/Users/KuangYi/Desktop/EmbeddedSystems/pico/pico-sdk/src/rp2_common/pico_unique_id/unique_id.c.obj
 .text.pico_get_unique_board_id
                0x1000a9e0       0x10 CMakeFiles/lab5_sys.dir/Users/KuangYi/Desktop/EmbeddedSystems/pico/pico-sdk/src/rp2_common/pico_unique_id/unique_id.c.obj
                0x1000a9e0                pico_get_unique_board_id
 .text.pico_get_unique_board_id_string
                0x1000a9f0      0x1a8 CMakeFiles/lab5_sys.dir/Users/KuangYi/Desktop/EmbeddedSystems/pico/pico-sdk/src/rp2_common/pico_unique_id/unique_id.c.obj
                0x1000a9f0                pico_get_unique_board_id_string
 .text.flash_get_unique_id
                0x1000ab98       0x40 CMakeFiles/lab5_sys.dir/Users/KuangYi/Desktop/EmbeddedSystems/pico/pico-sdk/src/rp2_common/hardware_flash/flash.c.obj
                0x1000ab98                flash_get_unique_id
 .text.hw_claim_lock
                0x1000abd8       0x18 CMakeFiles/lab5_sys.dir/Users/KuangYi/Desktop/EmbeddedSystems/pico/pico-sdk/src/rp2_common/hardware_claim/claim.c.obj
                0x1000abd8                hw_claim_lock
 .text.hw_claim_unlock
                0x1000abf0       0x14 CMakeFiles/lab5_sys.dir/Users/KuangYi/Desktop/EmbeddedSystems/pico/pico-sdk/src/rp2_common/hardware_claim/claim.c.obj
                0x1000abf0                hw_claim_unlock
 .text.hw_claim_or_assert
                0x1000ac04       0x44 CMakeFiles/lab5_sys.dir/Users/KuangYi/Desktop/EmbeddedSystems/pico/pico-sdk/src/rp2_common/hardware_claim/claim.c.obj
                0x1000ac04                hw_claim_or_assert
 .text.hw_claim_unused_from_range
                0x1000ac48       0x9c CMakeFiles/lab5_sys.dir/Users/KuangYi/Desktop/EmbeddedSystems/pico/pico-sdk/src/rp2_common/hardware_claim/claim.c.obj
                0x1000ac48                hw_claim_unused_from_range
 .text.hw_claim_clear
                0x1000ace4       0x38 CMakeFiles/lab5_sys.dir/Users/KuangYi/Desktop/EmbeddedSystems/pico/pico-sdk/src/rp2_common/hardware_claim/claim.c.obj
                0x1000ace4                hw_claim_clear
 .text.spin_locks_reset
                0x1000ad1c       0x1c CMakeFiles/lab5_sys.dir/Users/KuangYi/Desktop/EmbeddedSystems/pico/pico-sdk/src/rp2_common/hardware_sync/sync.c.obj
                0x1000ad1c                spin_locks_reset
 .text.next_striped_spin_lock_num
                0x1000ad38       0x18 CMakeFiles/lab5_sys.dir/Users/KuangYi/Desktop/EmbeddedSystems/pico/pico-sdk/src/rp2_common/hardware_sync/sync.c.obj
                0x1000ad38                next_striped_spin_lock_num
 .text.spin_lock_claim
                0x1000ad50       0x18 CMakeFiles/lab5_sys.dir/Users/KuangYi/Desktop/EmbeddedSystems/pico/pico-sdk/src/rp2_common/hardware_sync/sync.c.obj
                0x1000ad50                spin_lock_claim
 .text.spin_lock_claim_unused
                0x1000ad68       0x24 CMakeFiles/lab5_sys.dir/Users/KuangYi/Desktop/EmbeddedSystems/pico/pico-sdk/src/rp2_common/hardware_sync/sync.c.obj
                0x1000ad68                spin_lock_claim_unused
 .text.rom_func_lookup
                0x1000ad8c       0x10 CMakeFiles/lab5_sys.dir/Users/KuangYi/Desktop/EmbeddedSystems/pico/pico-sdk/src/rp2_common/pico_bootrom/bootrom.c.obj
                0x1000ad8c                rom_func_lookup
 .text.rom_data_lookup
                0x1000ad9c       0x10 CMakeFiles/lab5_sys.dir/Users/KuangYi/Desktop/EmbeddedSystems/pico/pico-sdk/src/rp2_common/pico_bootrom/bootrom.c.obj
                0x1000ad9c                rom_data_lookup
 .text.rom_funcs_lookup
                0x1000adac       0x44 CMakeFiles/lab5_sys.dir/Users/KuangYi/Desktop/EmbeddedSystems/pico/pico-sdk/src/rp2_common/pico_bootrom/bootrom.c.obj
                0x1000adac                rom_funcs_lookup
 .text.clocks_init
                0x1000adf0      0x2c8 CMakeFiles/lab5_sys.dir/Users/KuangYi/Desktop/EmbeddedSystems/pico/pico-sdk/src/rp2_common/hardware_clocks/clocks.c.obj
                0x1000adf0                clocks_init
 .text.clock_get_hz
                0x1000b0b8        0xc CMakeFiles/lab5_sys.dir/Users/KuangYi/Desktop/EmbeddedSystems/pico/pico-sdk/src/rp2_common/hardware_clocks/clocks.c.obj
                0x1000b0b8                clock_get_hz
 .text.gpio_set_function
                0x1000b0c4       0x30 CMakeFiles/lab5_sys.dir/Users/KuangYi/Desktop/EmbeddedSystems/pico/pico-sdk/src/rp2_common/hardware_gpio/gpio.c.obj
                0x1000b0c4                gpio_set_function
 .text.gpio_set_pulls
                0x1000b0f4       0x24 CMakeFiles/lab5_sys.dir/Users/KuangYi/Desktop/EmbeddedSystems/pico/pico-sdk/src/rp2_common/hardware_gpio/gpio.c.obj
                0x1000b0f4                gpio_set_pulls
 .text.gpio_set_input_hysteresis_enabled
                0x1000b118       0x28 CMakeFiles/lab5_sys.dir/Users/KuangYi/Desktop/EmbeddedSystems/pico/pico-sdk/src/rp2_common/hardware_gpio/gpio.c.obj
                0x1000b118                gpio_set_input_hysteresis_enabled
 .text.gpio_set_irq_enabled
                0x1000b140       0x54 CMakeFiles/lab5_sys.dir/Users/KuangYi/Desktop/EmbeddedSystems/pico/pico-sdk/src/rp2_common/hardware_gpio/gpio.c.obj
                0x1000b140                gpio_set_irq_enabled
 .text.gpio_add_raw_irq_handler_with_order_priority_masked
                0x1000b194       0x44 CMakeFiles/lab5_sys.dir/Users/KuangYi/Desktop/EmbeddedSystems/pico/pico-sdk/src/rp2_common/hardware_gpio/gpio.c.obj
                0x1000b194                gpio_add_raw_irq_handler_with_order_priority_masked
 .text.gpio_remove_raw_irq_handler_masked
                0x1000b1d8       0x20 CMakeFiles/lab5_sys.dir/Users/KuangYi/Desktop/EmbeddedSystems/pico/pico-sdk/src/rp2_common/hardware_gpio/gpio.c.obj
                0x1000b1d8                gpio_remove_raw_irq_handler_masked
 .text.gpio_init
                0x1000b1f8       0x3c CMakeFiles/lab5_sys.dir/Users/KuangYi/Desktop/EmbeddedSystems/pico/pico-sdk/src/rp2_common/hardware_gpio/gpio.c.obj
                0x1000b1f8                gpio_init
 .text.irq_set_enabled
                0x1000b234       0x24 CMakeFiles/lab5_sys.dir/Users/KuangYi/Desktop/EmbeddedSystems/pico/pico-sdk/src/rp2_common/hardware_irq/irq.c.obj
                0x1000b234                irq_set_enabled
 .text.irq_set_pending
                0x1000b258       0x10 CMakeFiles/lab5_sys.dir/Users/KuangYi/Desktop/EmbeddedSystems/pico/pico-sdk/src/rp2_common/hardware_irq/irq.c.obj
                0x1000b258                irq_set_pending
 .text.irq_has_shared_handler
                0x1000b268       0x2c CMakeFiles/lab5_sys.dir/Users/KuangYi/Desktop/EmbeddedSystems/pico/pico-sdk/src/rp2_common/hardware_irq/irq.c.obj
                0x1000b268                irq_has_shared_handler
 .text.irq_get_vtable_handler
                0x1000b294       0x10 CMakeFiles/lab5_sys.dir/Users/KuangYi/Desktop/EmbeddedSystems/pico/pico-sdk/src/rp2_common/hardware_irq/irq.c.obj
                0x1000b294                irq_get_vtable_handler
 .text.irq_set_exclusive_handler
                0x1000b2a4       0x54 CMakeFiles/lab5_sys.dir/Users/KuangYi/Desktop/EmbeddedSystems/pico/pico-sdk/src/rp2_common/hardware_irq/irq.c.obj
                0x1000b2a4                irq_set_exclusive_handler
 .text.irq_add_shared_handler
                0x1000b2f8      0x1e0 CMakeFiles/lab5_sys.dir/Users/KuangYi/Desktop/EmbeddedSystems/pico/pico-sdk/src/rp2_common/hardware_irq/irq.c.obj
                0x1000b2f8                irq_add_shared_handler
 .text.irq_remove_handler
                0x1000b4d8      0x1c4 CMakeFiles/lab5_sys.dir/Users/KuangYi/Desktop/EmbeddedSystems/pico/pico-sdk/src/rp2_common/hardware_irq/irq.c.obj
                0x1000b4d8                irq_remove_handler
 .text.irq_set_priority
                0x1000b69c       0x28 CMakeFiles/lab5_sys.dir/Users/KuangYi/Desktop/EmbeddedSystems/pico/pico-sdk/src/rp2_common/hardware_irq/irq.c.obj
                0x1000b69c                irq_set_priority
 .text.irq_add_tail_to_free_list
                0x1000b6c4       0xb4 CMakeFiles/lab5_sys.dir/Users/KuangYi/Desktop/EmbeddedSystems/pico/pico-sdk/src/rp2_common/hardware_irq/irq.c.obj
                0x1000b6c4                irq_add_tail_to_free_list
 .text.irq_init_priorities
                0x1000b778       0x24 CMakeFiles/lab5_sys.dir/Users/KuangYi/Desktop/EmbeddedSystems/pico/pico-sdk/src/rp2_common/hardware_irq/irq.c.obj
                0x1000b778                irq_init_priorities
 .text.user_irq_claim_unused
                0x1000b79c       0x2c CMakeFiles/lab5_sys.dir/Users/KuangYi/Desktop/EmbeddedSystems/pico/pico-sdk/src/rp2_common/hardware_irq/irq.c.obj
                0x1000b79c                user_irq_claim_unused
 .text.lock_init
                0x1000b7c8       0x10 CMakeFiles/lab5_sys.dir/Users/KuangYi/Desktop/EmbeddedSystems/pico/pico-sdk/src/common/pico_sync/lock_core.c.obj
                0x1000b7c8                lock_init
 .text.mutex_init
                0x1000b7d8       0x1c CMakeFiles/lab5_sys.dir/Users/KuangYi/Desktop/EmbeddedSystems/pico/pico-sdk/src/common/pico_sync/mutex.c.obj
                0x1000b7d8                mutex_init
 .text.recursive_mutex_init
                0x1000b7f4       0x20 CMakeFiles/lab5_sys.dir/Users/KuangYi/Desktop/EmbeddedSystems/pico/pico-sdk/src/common/pico_sync/mutex.c.obj
                0x1000b7f4                recursive_mutex_init
 .text.critical_section_init
                0x1000b814       0x1c CMakeFiles/lab5_sys.dir/Users/KuangYi/Desktop/EmbeddedSystems/pico/pico-sdk/src/common/pico_sync/critical_section.c.obj
                0x1000b814                critical_section_init
 .text.critical_section_init_with_lock_num
                0x1000b830       0x14 CMakeFiles/lab5_sys.dir/Users/KuangYi/Desktop/EmbeddedSystems/pico/pico-sdk/src/common/pico_sync/critical_section.c.obj
                0x1000b830                critical_section_init_with_lock_num
 .text.timer_pool_entry_comparator
                0x1000b844       0x34 CMakeFiles/lab5_sys.dir/Users/KuangYi/Desktop/EmbeddedSystems/pico/pico-sdk/src/common/pico_time/time.c.obj
                0x1000b844                timer_pool_entry_comparator
 .text.sleep_until_callback
                0x1000b878       0x24 CMakeFiles/lab5_sys.dir/Users/KuangYi/Desktop/EmbeddedSystems/pico/pico-sdk/src/common/pico_time/time.c.obj
 .text.add_alarm_under_lock.isra.0
                0x1000b89c       0xf8 CMakeFiles/lab5_sys.dir/Users/KuangYi/Desktop/EmbeddedSystems/pico/pico-sdk/src/common/pico_time/time.c.obj
 .text.alarm_pool_alarm_callback
                0x1000b994      0x1c0 CMakeFiles/lab5_sys.dir/Users/KuangYi/Desktop/EmbeddedSystems/pico/pico-sdk/src/common/pico_time/time.c.obj
 .text.alarm_pool_init_default
                0x1000bb54       0x6c CMakeFiles/lab5_sys.dir/Users/KuangYi/Desktop/EmbeddedSystems/pico/pico-sdk/src/common/pico_time/time.c.obj
                0x1000bb54                alarm_pool_init_default
 .text.alarm_pool_get_default
                0x1000bbc0        0x8 CMakeFiles/lab5_sys.dir/Users/KuangYi/Desktop/EmbeddedSystems/pico/pico-sdk/src/common/pico_time/time.c.obj
                0x1000bbc0                alarm_pool_get_default
 .text.alarm_pool_add_alarm_at
                0x1000bbc8      0x17c CMakeFiles/lab5_sys.dir/Users/KuangYi/Desktop/EmbeddedSystems/pico/pico-sdk/src/common/pico_time/time.c.obj
                0x1000bbc8                alarm_pool_add_alarm_at
 .text.alarm_pool_core_num
                0x1000bd44        0x4 CMakeFiles/lab5_sys.dir/Users/KuangYi/Desktop/EmbeddedSystems/pico/pico-sdk/src/common/pico_time/time.c.obj
                0x1000bd44                alarm_pool_core_num
 .text.sleep_until
                0x1000bd48       0xbc CMakeFiles/lab5_sys.dir/Users/KuangYi/Desktop/EmbeddedSystems/pico/pico-sdk/src/common/pico_time/time.c.obj
                0x1000bd48                sleep_until
 .text.sleep_ms
                0x1000be04       0x38 CMakeFiles/lab5_sys.dir/Users/KuangYi/Desktop/EmbeddedSystems/pico/pico-sdk/src/common/pico_time/time.c.obj
                0x1000be04                sleep_ms
 .text.best_effort_wfe_or_timeout
                0x1000be3c       0xcc CMakeFiles/lab5_sys.dir/Users/KuangYi/Desktop/EmbeddedSystems/pico/pico-sdk/src/common/pico_time/time.c.obj
                0x1000be3c                best_effort_wfe_or_timeout
 .text.hardware_alarm_irq_handler
                0x1000bf08       0xbc CMakeFiles/lab5_sys.dir/Users/KuangYi/Desktop/EmbeddedSystems/pico/pico-sdk/src/rp2_common/hardware_timer/timer.c.obj
 .text.hardware_alarm_claim
                0x1000bfc4       0x18 CMakeFiles/lab5_sys.dir/Users/KuangYi/Desktop/EmbeddedSystems/pico/pico-sdk/src/rp2_common/hardware_timer/timer.c.obj
                0x1000bfc4                hardware_alarm_claim
 .text.time_us_64
                0x1000bfdc       0x14 CMakeFiles/lab5_sys.dir/Users/KuangYi/Desktop/EmbeddedSystems/pico/pico-sdk/src/rp2_common/hardware_timer/timer.c.obj
                0x1000bfdc                time_us_64
 .text.busy_wait_us
                0x1000bff0       0x68 CMakeFiles/lab5_sys.dir/Users/KuangYi/Desktop/EmbeddedSystems/pico/pico-sdk/src/rp2_common/hardware_timer/timer.c.obj
                0x1000bff0                busy_wait_us
 .text.busy_wait_until
                0x1000c058       0x20 CMakeFiles/lab5_sys.dir/Users/KuangYi/Desktop/EmbeddedSystems/pico/pico-sdk/src/rp2_common/hardware_timer/timer.c.obj
                0x1000c058                busy_wait_until
 .text.hardware_alarm_set_callback
                0x1000c078       0x8c CMakeFiles/lab5_sys.dir/Users/KuangYi/Desktop/EmbeddedSystems/pico/pico-sdk/src/rp2_common/hardware_timer/timer.c.obj
                0x1000c078                hardware_alarm_set_callback
 .text.hardware_alarm_set_target
                0x1000c104       0xd0 CMakeFiles/lab5_sys.dir/Users/KuangYi/Desktop/EmbeddedSystems/pico/pico-sdk/src/rp2_common/hardware_timer/timer.c.obj
                0x1000c104                hardware_alarm_set_target
 .text.hardware_alarm_cancel
                0x1000c1d4       0x3c CMakeFiles/lab5_sys.dir/Users/KuangYi/Desktop/EmbeddedSystems/pico/pico-sdk/src/rp2_common/hardware_timer/timer.c.obj
                0x1000c1d4                hardware_alarm_cancel
 .text.ph_merge_nodes
                0x1000c210       0x58 CMakeFiles/lab5_sys.dir/Users/KuangYi/Desktop/EmbeddedSystems/pico/pico-sdk/src/common/pico_util/pheap.c.obj
 .text.ph_post_alloc_init
                0x1000c268       0x3c CMakeFiles/lab5_sys.dir/Users/KuangYi/Desktop/EmbeddedSystems/pico/pico-sdk/src/common/pico_util/pheap.c.obj
                0x1000c268                ph_post_alloc_init
 .text.ph_merge_two_pass
                0x1000c2a4       0x8c CMakeFiles/lab5_sys.dir/Users/KuangYi/Desktop/EmbeddedSystems/pico/pico-sdk/src/common/pico_util/pheap.c.obj
                0x1000c2a4                ph_merge_two_pass
 .text.ph_remove_any_head
                0x1000c330      0x100 CMakeFiles/lab5_sys.dir/Users/KuangYi/Desktop/EmbeddedSystems/pico/pico-sdk/src/common/pico_util/pheap.c.obj
 .text.ph_remove_head
                0x1000c430      0x104 CMakeFiles/lab5_sys.dir/Users/KuangYi/Desktop/EmbeddedSystems/pico/pico-sdk/src/common/pico_util/pheap.c.obj
                0x1000c430                ph_remove_head
 .text.ph_remove_and_free_node
                0x1000c534       0x78 CMakeFiles/lab5_sys.dir/Users/KuangYi/Desktop/EmbeddedSystems/pico/pico-sdk/src/common/pico_util/pheap.c.obj
                0x1000c534                ph_remove_and_free_node
 .text.pll_init
                0x1000c5ac       0xa0 CMakeFiles/lab5_sys.dir/Users/KuangYi/Desktop/EmbeddedSystems/pico/pico-sdk/src/rp2_common/hardware_pll/pll.c.obj
                0x1000c5ac                pll_init
 .text.watchdog_start_tick
                0x1000c64c       0x10 CMakeFiles/lab5_sys.dir/Users/KuangYi/Desktop/EmbeddedSystems/pico/pico-sdk/src/rp2_common/hardware_watchdog/watchdog.c.obj
                0x1000c64c                watchdog_start_tick
 .text.watchdog_reboot
                0x1000c65c       0x9c CMakeFiles/lab5_sys.dir/Users/KuangYi/Desktop/EmbeddedSystems/pico/pico-sdk/src/rp2_common/hardware_watchdog/watchdog.c.obj
                0x1000c65c                watchdog_reboot
 .text.xosc_init
                0x1000c6f8       0x28 CMakeFiles/lab5_sys.dir/Users/KuangYi/Desktop/EmbeddedSystems/pico/pico-sdk/src/rp2_common/hardware_xosc/xosc.c.obj
                0x1000c6f8                xosc_init
 .text.cyw43_arch_wifi_connect_bssid_until.part.0
                0x1000c720       0xd0 CMakeFiles/lab5_sys.dir/Users/KuangYi/Desktop/EmbeddedSystems/pico/pico-sdk/src/rp2_common/pico_cyw43_arch/cyw43_arch.c.obj
 .text.cyw43_arch_set_async_context
                0x1000c7f0        0xc CMakeFiles/lab5_sys.dir/Users/KuangYi/Desktop/EmbeddedSystems/pico/pico-sdk/src/rp2_common/pico_cyw43_arch/cyw43_arch.c.obj
                0x1000c7f0                cyw43_arch_set_async_context
 .text.cyw43_arch_enable_sta_mode
                0x1000c7fc       0x1c CMakeFiles/lab5_sys.dir/Users/KuangYi/Desktop/EmbeddedSystems/pico/pico-sdk/src/rp2_common/pico_cyw43_arch/cyw43_arch.c.obj
                0x1000c7fc                cyw43_arch_enable_sta_mode
 .text.cyw43_arch_wifi_connect_timeout_ms
                0x1000c818       0xa0 CMakeFiles/lab5_sys.dir/Users/KuangYi/Desktop/EmbeddedSystems/pico/pico-sdk/src/rp2_common/pico_cyw43_arch/cyw43_arch.c.obj
                0x1000c818                cyw43_arch_wifi_connect_timeout_ms
 .text.cyw43_arch_async_context
                0x1000c8b8        0xc CMakeFiles/lab5_sys.dir/Users/KuangYi/Desktop/EmbeddedSystems/pico/pico-sdk/src/rp2_common/pico_cyw43_arch/cyw43_arch.c.obj
                0x1000c8b8                cyw43_arch_async_context
 .text.cyw43_arch_init
                0x1000c8c4       0x78 CMakeFiles/lab5_sys.dir/Users/KuangYi/Desktop/EmbeddedSystems/pico/pico-sdk/src/rp2_common/pico_cyw43_arch/cyw43_arch_freertos.c.obj
                0x1000c8c4                cyw43_arch_init
 .text.ns_delay.constprop.0
                0x1000c93c       0x20 CMakeFiles/lab5_sys.dir/Users/KuangYi/Desktop/EmbeddedSystems/pico/pico-sdk/src/rp2_common/pico_cyw43_driver/cyw43_bus_pio_spi.c.obj
 .text.cyw43_spi_deinit
                0x1000c95c       0x7c CMakeFiles/lab5_sys.dir/Users/KuangYi/Desktop/EmbeddedSystems/pico/pico-sdk/src/rp2_common/pico_cyw43_driver/cyw43_bus_pio_spi.c.obj
                0x1000c95c                cyw43_spi_deinit
 .text.cyw43_spi_init
                0x1000c9d8      0x14c CMakeFiles/lab5_sys.dir/Users/KuangYi/Desktop/EmbeddedSystems/pico/pico-sdk/src/rp2_common/pico_cyw43_driver/cyw43_bus_pio_spi.c.obj
                0x1000c9d8                cyw43_spi_init
 .text.cyw43_spi_transfer
                0x1000cb24      0x3e0 CMakeFiles/lab5_sys.dir/Users/KuangYi/Desktop/EmbeddedSystems/pico/pico-sdk/src/rp2_common/pico_cyw43_driver/cyw43_bus_pio_spi.c.obj
                0x1000cb24                cyw43_spi_transfer
 .text.cyw43_spi_gpio_setup
                0x1000cf04       0x3c CMakeFiles/lab5_sys.dir/Users/KuangYi/Desktop/EmbeddedSystems/pico/pico-sdk/src/rp2_common/pico_cyw43_driver/cyw43_bus_pio_spi.c.obj
                0x1000cf04                cyw43_spi_gpio_setup
 .text.cyw43_spi_reset
                0x1000cf40       0x28 CMakeFiles/lab5_sys.dir/Users/KuangYi/Desktop/EmbeddedSystems/pico/pico-sdk/src/rp2_common/pico_cyw43_driver/cyw43_bus_pio_spi.c.obj
                0x1000cf40                cyw43_spi_reset
 .text.read_reg_u32_swap
                0x1000cf68       0x3c CMakeFiles/lab5_sys.dir/Users/KuangYi/Desktop/EmbeddedSystems/pico/pico-sdk/src/rp2_common/pico_cyw43_driver/cyw43_bus_pio_spi.c.obj
                0x1000cf68                read_reg_u32_swap
 .text.cyw43_read_reg_u32
                0x1000cfa4       0x54 CMakeFiles/lab5_sys.dir/Users/KuangYi/Desktop/EmbeddedSystems/pico/pico-sdk/src/rp2_common/pico_cyw43_driver/cyw43_bus_pio_spi.c.obj
                0x1000cfa4                cyw43_read_reg_u32
 .text.cyw43_read_reg_u16
                0x1000cff8       0x54 CMakeFiles/lab5_sys.dir/Users/KuangYi/Desktop/EmbeddedSystems/pico/pico-sdk/src/rp2_common/pico_cyw43_driver/cyw43_bus_pio_spi.c.obj
                0x1000cff8                cyw43_read_reg_u16
 .text.cyw43_read_reg_u8
                0x1000d04c       0x54 CMakeFiles/lab5_sys.dir/Users/KuangYi/Desktop/EmbeddedSystems/pico/pico-sdk/src/rp2_common/pico_cyw43_driver/cyw43_bus_pio_spi.c.obj
                0x1000d04c                cyw43_read_reg_u8
 .text.write_reg_u32_swap
                0x1000d0a0      0x1e8 CMakeFiles/lab5_sys.dir/Users/KuangYi/Desktop/EmbeddedSystems/pico/pico-sdk/src/rp2_common/pico_cyw43_driver/cyw43_bus_pio_spi.c.obj
                0x1000d0a0                write_reg_u32_swap
 .text.cyw43_write_reg_u32
                0x1000d288      0x208 CMakeFiles/lab5_sys.dir/Users/KuangYi/Desktop/EmbeddedSystems/pico/pico-sdk/src/rp2_common/pico_cyw43_driver/cyw43_bus_pio_spi.c.obj
                0x1000d288                cyw43_write_reg_u32
 .text.cyw43_write_reg_u16
                0x1000d490      0x208 CMakeFiles/lab5_sys.dir/Users/KuangYi/Desktop/EmbeddedSystems/pico/pico-sdk/src/rp2_common/pico_cyw43_driver/cyw43_bus_pio_spi.c.obj
                0x1000d490                cyw43_write_reg_u16
 .text.cyw43_write_reg_u8
                0x1000d698      0x208 CMakeFiles/lab5_sys.dir/Users/KuangYi/Desktop/EmbeddedSystems/pico/pico-sdk/src/rp2_common/pico_cyw43_driver/cyw43_bus_pio_spi.c.obj
                0x1000d698                cyw43_write_reg_u8
 .text.cyw43_read_bytes
                0x1000d8a0       0x78 CMakeFiles/lab5_sys.dir/Users/KuangYi/Desktop/EmbeddedSystems/pico/pico-sdk/src/rp2_common/pico_cyw43_driver/cyw43_bus_pio_spi.c.obj
                0x1000d8a0                cyw43_read_bytes
 .text.cyw43_write_bytes
                0x1000d918       0xc4 CMakeFiles/lab5_sys.dir/Users/KuangYi/Desktop/EmbeddedSystems/pico/pico-sdk/src/rp2_common/pico_cyw43_driver/cyw43_bus_pio_spi.c.obj
                0x1000d918                cyw43_write_bytes
 .text.cyw43_set_backplane_window
                0x1000d9dc       0x68 CMakeFiles/lab5_sys.dir/Users/KuangYi/Desktop/EmbeddedSystems/pico/pico-sdk/lib/cyw43-driver/src/cyw43_ll.c.obj
 .text.cyw43_ll_parse_async_event
                0x1000da44      0x134 CMakeFiles/lab5_sys.dir/Users/KuangYi/Desktop/EmbeddedSystems/pico/pico-sdk/lib/cyw43-driver/src/cyw43_ll.c.obj
 .text.cyw43_kso_set
                0x1000db78       0x80 CMakeFiles/lab5_sys.dir/Users/KuangYi/Desktop/EmbeddedSystems/pico/pico-sdk/lib/cyw43-driver/src/cyw43_ll.c.obj
 .text.cyw43_ll_sdpcm_poll_device
                0x1000dbf8      0x238 CMakeFiles/lab5_sys.dir/Users/KuangYi/Desktop/EmbeddedSystems/pico/pico-sdk/lib/cyw43-driver/src/cyw43_ll.c.obj
 .text.cyw43_sdpcm_send_common
                0x1000de30       0xf4 CMakeFiles/lab5_sys.dir/Users/KuangYi/Desktop/EmbeddedSystems/pico/pico-sdk/lib/cyw43-driver/src/cyw43_ll.c.obj
 .text.cyw43_do_ioctl
                0x1000df24      0x110 CMakeFiles/lab5_sys.dir/Users/KuangYi/Desktop/EmbeddedSystems/pico/pico-sdk/lib/cyw43-driver/src/cyw43_ll.c.obj
 .text.cyw43_do_ioctl.constprop.0
                0x1000e034      0x108 CMakeFiles/lab5_sys.dir/Users/KuangYi/Desktop/EmbeddedSystems/pico/pico-sdk/lib/cyw43-driver/src/cyw43_ll.c.obj
 .text.cyw43_read_backplane.constprop.0
                0x1000e13c       0xe4 CMakeFiles/lab5_sys.dir/Users/KuangYi/Desktop/EmbeddedSystems/pico/pico-sdk/lib/cyw43-driver/src/cyw43_ll.c.obj
 .text.reset_device_core.constprop.0
                0x1000e220      0x410 CMakeFiles/lab5_sys.dir/Users/KuangYi/Desktop/EmbeddedSystems/pico/pico-sdk/lib/cyw43-driver/src/cyw43_ll.c.obj
 .text.cyw43_ll_init
                0x1000e630       0x1c CMakeFiles/lab5_sys.dir/Users/KuangYi/Desktop/EmbeddedSystems/pico/pico-sdk/lib/cyw43-driver/src/cyw43_ll.c.obj
                0x1000e630                cyw43_ll_init
 .text.cyw43_ll_deinit
                0x1000e64c        0x8 CMakeFiles/lab5_sys.dir/Users/KuangYi/Desktop/EmbeddedSystems/pico/pico-sdk/lib/cyw43-driver/src/cyw43_ll.c.obj
                0x1000e64c                cyw43_ll_deinit
 .text.cyw43_ll_send_ethernet
                0x1000e654       0x60 CMakeFiles/lab5_sys.dir/Users/KuangYi/Desktop/EmbeddedSystems/pico/pico-sdk/lib/cyw43-driver/src/cyw43_ll.c.obj
                0x1000e654                cyw43_ll_send_ethernet
 .text.cyw43_ll_process_packets
                0x1000e6b4       0x54 CMakeFiles/lab5_sys.dir/Users/KuangYi/Desktop/EmbeddedSystems/pico/pico-sdk/lib/cyw43-driver/src/cyw43_ll.c.obj
                0x1000e6b4                cyw43_ll_process_packets
 .text.cyw43_ll_ioctl
                0x1000e708       0x20 CMakeFiles/lab5_sys.dir/Users/KuangYi/Desktop/EmbeddedSystems/pico/pico-sdk/lib/cyw43-driver/src/cyw43_ll.c.obj
                0x1000e708                cyw43_ll_ioctl
 .text.cyw43_ll_bus_sleep
                0x1000e728       0x34 CMakeFiles/lab5_sys.dir/Users/KuangYi/Desktop/EmbeddedSystems/pico/pico-sdk/lib/cyw43-driver/src/cyw43_ll.c.obj
                0x1000e728                cyw43_ll_bus_sleep
 .text.cyw43_ll_bus_init
                0x1000e75c      0xbd0 CMakeFiles/lab5_sys.dir/Users/KuangYi/Desktop/EmbeddedSystems/pico/pico-sdk/lib/cyw43-driver/src/cyw43_ll.c.obj
                0x1000e75c                cyw43_ll_bus_init
 .text.cyw43_ll_wifi_on
                0x1000f32c      0x238 CMakeFiles/lab5_sys.dir/Users/KuangYi/Desktop/EmbeddedSystems/pico/pico-sdk/lib/cyw43-driver/src/cyw43_ll.c.obj
                0x1000f32c                cyw43_ll_wifi_on
 .text.cyw43_ll_wifi_get_mac
                0x1000f564       0x40 CMakeFiles/lab5_sys.dir/Users/KuangYi/Desktop/EmbeddedSystems/pico/pico-sdk/lib/cyw43-driver/src/cyw43_ll.c.obj
                0x1000f564                cyw43_ll_wifi_get_mac
 .text.cyw43_ll_wifi_pm
                0x1000f5a4      0x19c CMakeFiles/lab5_sys.dir/Users/KuangYi/Desktop/EmbeddedSystems/pico/pico-sdk/lib/cyw43-driver/src/cyw43_ll.c.obj
                0x1000f5a4                cyw43_ll_wifi_pm
 .text.cyw43_ll_wifi_join
                0x1000f740      0x2ec CMakeFiles/lab5_sys.dir/Users/KuangYi/Desktop/EmbeddedSystems/pico/pico-sdk/lib/cyw43-driver/src/cyw43_ll.c.obj
                0x1000f740                cyw43_ll_wifi_join
 .text.cyw43_ll_wifi_set_wpa_auth
                0x1000fa2c       0x2c CMakeFiles/lab5_sys.dir/Users/KuangYi/Desktop/EmbeddedSystems/pico/pico-sdk/lib/cyw43-driver/src/cyw43_ll.c.obj
                0x1000fa2c                cyw43_ll_wifi_set_wpa_auth
 .text.cyw43_ll_wifi_rejoin
                0x1000fa58       0x1c CMakeFiles/lab5_sys.dir/Users/KuangYi/Desktop/EmbeddedSystems/pico/pico-sdk/lib/cyw43-driver/src/cyw43_ll.c.obj
                0x1000fa58                cyw43_ll_wifi_rejoin
 .text.cyw43_ll_wifi_ap_init
                0x1000fa74      0x2c0 CMakeFiles/lab5_sys.dir/Users/KuangYi/Desktop/EmbeddedSystems/pico/pico-sdk/lib/cyw43-driver/src/cyw43_ll.c.obj
                0x1000fa74                cyw43_ll_wifi_ap_init
 .text.cyw43_ll_wifi_ap_set_up
                0x1000fd34       0x54 CMakeFiles/lab5_sys.dir/Users/KuangYi/Desktop/EmbeddedSystems/pico/pico-sdk/lib/cyw43-driver/src/cyw43_ll.c.obj
                0x1000fd34                cyw43_ll_wifi_ap_set_up
 .text.cyw43_ll_has_work
                0x1000fd88       0x14 CMakeFiles/lab5_sys.dir/Users/KuangYi/Desktop/EmbeddedSystems/pico/pico-sdk/lib/cyw43-driver/src/cyw43_ll.c.obj
                0x1000fd88                cyw43_ll_has_work
 .text.cyw43_netif_init
                0x1000fd9c       0x3c CMakeFiles/lab5_sys.dir/Users/KuangYi/Desktop/EmbeddedSystems/pico/pico-sdk/lib/cyw43-driver/src/cyw43_lwip.c.obj
 .text.cyw43_netif_output
                0x1000fdd8       0x34 CMakeFiles/lab5_sys.dir/Users/KuangYi/Desktop/EmbeddedSystems/pico/pico-sdk/lib/cyw43-driver/src/cyw43_lwip.c.obj
 .text.cyw43_cb_tcpip_init
                0x1000fe0c      0x104 CMakeFiles/lab5_sys.dir/Users/KuangYi/Desktop/EmbeddedSystems/pico/pico-sdk/lib/cyw43-driver/src/cyw43_lwip.c.obj
                0x1000fe0c                cyw43_cb_tcpip_init
 .text.cyw43_cb_tcpip_deinit
                0x1000ff10       0x4c CMakeFiles/lab5_sys.dir/Users/KuangYi/Desktop/EmbeddedSystems/pico/pico-sdk/lib/cyw43-driver/src/cyw43_lwip.c.obj
                0x1000ff10                cyw43_cb_tcpip_deinit
 .text.cyw43_cb_process_ethernet
                0x1000ff5c       0x6c CMakeFiles/lab5_sys.dir/Users/KuangYi/Desktop/EmbeddedSystems/pico/pico-sdk/lib/cyw43-driver/src/cyw43_lwip.c.obj
                0x1000ff5c                cyw43_cb_process_ethernet
 .text.cyw43_cb_tcpip_set_link_up
                0x1000ffc8       0x18 CMakeFiles/lab5_sys.dir/Users/KuangYi/Desktop/EmbeddedSystems/pico/pico-sdk/lib/cyw43-driver/src/cyw43_lwip.c.obj
                0x1000ffc8                cyw43_cb_tcpip_set_link_up
 .text.cyw43_cb_tcpip_set_link_down
                0x1000ffe0       0x18 CMakeFiles/lab5_sys.dir/Users/KuangYi/Desktop/EmbeddedSystems/pico/pico-sdk/lib/cyw43-driver/src/cyw43_lwip.c.obj
                0x1000ffe0                cyw43_cb_tcpip_set_link_down
 .text.cyw43_tcpip_link_status
                0x1000fff8       0x34 CMakeFiles/lab5_sys.dir/Users/KuangYi/Desktop/EmbeddedSystems/pico/pico-sdk/lib/cyw43-driver/src/cyw43_lwip.c.obj
                0x1000fff8                cyw43_tcpip_link_status
 .text.cyw43_poll_func
                0x1001002c       0xc0 CMakeFiles/lab5_sys.dir/Users/KuangYi/Desktop/EmbeddedSystems/pico/pico-sdk/lib/cyw43-driver/src/cyw43_ctrl.c.obj
 .text.cyw43_init
                0x100100ec       0x6c CMakeFiles/lab5_sys.dir/Users/KuangYi/Desktop/EmbeddedSystems/pico/pico-sdk/lib/cyw43-driver/src/cyw43_ctrl.c.obj
                0x100100ec                cyw43_init
 .text.cyw43_deinit
                0x10010158       0x90 CMakeFiles/lab5_sys.dir/Users/KuangYi/Desktop/EmbeddedSystems/pico/pico-sdk/lib/cyw43-driver/src/cyw43_ctrl.c.obj
                0x10010158                cyw43_deinit
 .text.cyw43_cb_read_host_interrupt_pin
                0x100101e8        0xc CMakeFiles/lab5_sys.dir/Users/KuangYi/Desktop/EmbeddedSystems/pico/pico-sdk/lib/cyw43-driver/src/cyw43_ctrl.c.obj
                0x100101e8                cyw43_cb_read_host_interrupt_pin
 .text.cyw43_cb_ensure_awake
                0x100101f4        0xc CMakeFiles/lab5_sys.dir/Users/KuangYi/Desktop/EmbeddedSystems/pico/pico-sdk/lib/cyw43-driver/src/cyw43_ctrl.c.obj
                0x100101f4                cyw43_cb_ensure_awake
 .text.cyw43_cb_process_async_event
                0x10010200      0x214 CMakeFiles/lab5_sys.dir/Users/KuangYi/Desktop/EmbeddedSystems/pico/pico-sdk/lib/cyw43-driver/src/cyw43_ctrl.c.obj
                0x10010200                cyw43_cb_process_async_event
 .text.cyw43_send_ethernet
                0x10010414       0xc0 CMakeFiles/lab5_sys.dir/Users/KuangYi/Desktop/EmbeddedSystems/pico/pico-sdk/lib/cyw43-driver/src/cyw43_ctrl.c.obj
                0x10010414                cyw43_send_ethernet
 .text.cyw43_wifi_get_mac
                0x100104d4       0x10 CMakeFiles/lab5_sys.dir/Users/KuangYi/Desktop/EmbeddedSystems/pico/pico-sdk/lib/cyw43-driver/src/cyw43_ctrl.c.obj
                0x100104d4                cyw43_wifi_get_mac
 .text.cyw43_wifi_set_up
                0x100104e4      0x308 CMakeFiles/lab5_sys.dir/Users/KuangYi/Desktop/EmbeddedSystems/pico/pico-sdk/lib/cyw43-driver/src/cyw43_ctrl.c.obj
                0x100104e4                cyw43_wifi_set_up
 .text.cyw43_wifi_link_status
                0x100107ec       0x3c CMakeFiles/lab5_sys.dir/Users/KuangYi/Desktop/EmbeddedSystems/pico/pico-sdk/lib/cyw43-driver/src/cyw43_ctrl.c.obj
                0x100107ec                cyw43_wifi_link_status
 .text.cyw43_wifi_join
                0x10010828       0xf4 CMakeFiles/lab5_sys.dir/Users/KuangYi/Desktop/EmbeddedSystems/pico/pico-sdk/lib/cyw43-driver/src/cyw43_ctrl.c.obj
                0x10010828                cyw43_wifi_join
 .text.pio_sm_unclaim
                0x1001091c       0x20 CMakeFiles/lab5_sys.dir/Users/KuangYi/Desktop/EmbeddedSystems/pico/pico-sdk/src/rp2_common/hardware_pio/pio.c.obj
                0x1001091c                pio_sm_unclaim
 .text.pio_claim_unused_sm
                0x1001093c       0x3c CMakeFiles/lab5_sys.dir/Users/KuangYi/Desktop/EmbeddedSystems/pico/pico-sdk/src/rp2_common/hardware_pio/pio.c.obj
                0x1001093c                pio_claim_unused_sm
 .text.pio_can_add_program
                0x10010978       0x68 CMakeFiles/lab5_sys.dir/Users/KuangYi/Desktop/EmbeddedSystems/pico/pico-sdk/src/rp2_common/hardware_pio/pio.c.obj
                0x10010978                pio_can_add_program
 .text.pio_add_program
                0x100109e0       0xf0 CMakeFiles/lab5_sys.dir/Users/KuangYi/Desktop/EmbeddedSystems/pico/pico-sdk/src/rp2_common/hardware_pio/pio.c.obj
                0x100109e0                pio_add_program
 .text.pio_remove_program
                0x10010ad0       0x34 CMakeFiles/lab5_sys.dir/Users/KuangYi/Desktop/EmbeddedSystems/pico/pico-sdk/src/rp2_common/hardware_pio/pio.c.obj
                0x10010ad0                pio_remove_program
 .text.pio_sm_set_pindirs_with_mask
                0x10010b04       0xa8 CMakeFiles/lab5_sys.dir/Users/KuangYi/Desktop/EmbeddedSystems/pico/pico-sdk/src/rp2_common/hardware_pio/pio.c.obj
                0x10010b04                pio_sm_set_pindirs_with_mask
 .text.pio_sm_set_consecutive_pindirs
                0x10010bac       0xa8 CMakeFiles/lab5_sys.dir/Users/KuangYi/Desktop/EmbeddedSystems/pico/pico-sdk/src/rp2_common/hardware_pio/pio.c.obj
                0x10010bac                pio_sm_set_consecutive_pindirs
 .text.dma_channel_unclaim
                0x10010c54       0x14 CMakeFiles/lab5_sys.dir/Users/KuangYi/Desktop/EmbeddedSystems/pico/pico-sdk/src/rp2_common/hardware_dma/dma.c.obj
                0x10010c54                dma_channel_unclaim
 .text.dma_claim_unused_channel
                0x10010c68       0x24 CMakeFiles/lab5_sys.dir/Users/KuangYi/Desktop/EmbeddedSystems/pico/pico-sdk/src/rp2_common/hardware_dma/dma.c.obj
                0x10010c68                dma_claim_unused_channel
 .text.dma_channel_cleanup
                0x10010c8c       0x60 CMakeFiles/lab5_sys.dir/Users/KuangYi/Desktop/EmbeddedSystems/pico/pico-sdk/src/rp2_common/hardware_dma/dma.c.obj
                0x10010c8c                dma_channel_cleanup
 .text.exception_set_exclusive_handler
                0x10010cec       0x48 CMakeFiles/lab5_sys.dir/Users/KuangYi/Desktop/EmbeddedSystems/pico/pico-sdk/src/rp2_common/hardware_exception/exception.c.obj
                0x10010cec                exception_set_exclusive_handler
 .text.cyw43_sleep_timeout_reached
                0x10010d34       0x10 CMakeFiles/lab5_sys.dir/Users/KuangYi/Desktop/EmbeddedSystems/pico/pico-sdk/src/rp2_common/pico_cyw43_driver/cyw43_driver.c.obj
 .text.cyw43_irq_init
                0x10010d44       0x28 CMakeFiles/lab5_sys.dir/Users/KuangYi/Desktop/EmbeddedSystems/pico/pico-sdk/src/rp2_common/pico_cyw43_driver/cyw43_driver.c.obj
                0x10010d44                cyw43_irq_init
 .text.cyw43_irq_deinit
                0x10010d6c       0x20 CMakeFiles/lab5_sys.dir/Users/KuangYi/Desktop/EmbeddedSystems/pico/pico-sdk/src/rp2_common/pico_cyw43_driver/cyw43_driver.c.obj
                0x10010d6c                cyw43_irq_deinit
 .text.cyw43_gpio_irq_handler
                0x10010d8c       0x44 CMakeFiles/lab5_sys.dir/Users/KuangYi/Desktop/EmbeddedSystems/pico/pico-sdk/src/rp2_common/pico_cyw43_driver/cyw43_driver.c.obj
 .text.cyw43_do_poll
                0x10010dd0       0x70 CMakeFiles/lab5_sys.dir/Users/KuangYi/Desktop/EmbeddedSystems/pico/pico-sdk/src/rp2_common/pico_cyw43_driver/cyw43_driver.c.obj
 .text.cyw43_post_poll_hook
                0x10010e40       0x10 CMakeFiles/lab5_sys.dir/Users/KuangYi/Desktop/EmbeddedSystems/pico/pico-sdk/src/rp2_common/pico_cyw43_driver/cyw43_driver.c.obj
                0x10010e40                cyw43_post_poll_hook
 .text.cyw43_schedule_internal_poll_dispatch
                0x10010e50       0x18 CMakeFiles/lab5_sys.dir/Users/KuangYi/Desktop/EmbeddedSystems/pico/pico-sdk/src/rp2_common/pico_cyw43_driver/cyw43_driver.c.obj
                0x10010e50                cyw43_schedule_internal_poll_dispatch
 .text.cyw43_driver_init
                0x10010e68       0x38 CMakeFiles/lab5_sys.dir/Users/KuangYi/Desktop/EmbeddedSystems/pico/pico-sdk/src/rp2_common/pico_cyw43_driver/cyw43_driver.c.obj
                0x10010e68                cyw43_driver_init
 .text.cyw43_driver_deinit
                0x10010ea0       0x44 CMakeFiles/lab5_sys.dir/Users/KuangYi/Desktop/EmbeddedSystems/pico/pico-sdk/src/rp2_common/pico_cyw43_driver/cyw43_driver.c.obj
                0x10010ea0                cyw43_driver_deinit
 .text.cyw43_hal_generate_laa_mac
                0x10010ee4       0x28 CMakeFiles/lab5_sys.dir/Users/KuangYi/Desktop/EmbeddedSystems/pico/pico-sdk/src/rp2_common/pico_cyw43_driver/cyw43_driver.c.obj
                0x10010ee4                cyw43_hal_generate_laa_mac
 .text.cyw43_hal_get_mac
                0x10010f0c       0x14 CMakeFiles/lab5_sys.dir/Users/KuangYi/Desktop/EmbeddedSystems/pico/pico-sdk/src/rp2_common/pico_cyw43_driver/cyw43_driver.c.obj
                0x10010f0c                cyw43_hal_get_mac
 .text.cyw43_thread_enter
                0x10010f20       0x14 CMakeFiles/lab5_sys.dir/Users/KuangYi/Desktop/EmbeddedSystems/pico/pico-sdk/src/rp2_common/pico_cyw43_driver/cyw43_driver.c.obj
                0x10010f20                cyw43_thread_enter
 .text.cyw43_thread_exit
                0x10010f34       0x14 CMakeFiles/lab5_sys.dir/Users/KuangYi/Desktop/EmbeddedSystems/pico/pico-sdk/src/rp2_common/pico_cyw43_driver/cyw43_driver.c.obj
                0x10010f34                cyw43_thread_exit
 .text.cyw43_await_background_or_timeout_us
                0x10010f48       0x34 CMakeFiles/lab5_sys.dir/Users/KuangYi/Desktop/EmbeddedSystems/pico/pico-sdk/src/rp2_common/pico_cyw43_driver/cyw43_driver.c.obj
                0x10010f48                cyw43_await_background_or_timeout_us
 .text.cyw43_delay_ms
                0x10010f7c       0x48 CMakeFiles/lab5_sys.dir/Users/KuangYi/Desktop/EmbeddedSystems/pico/pico-sdk/src/rp2_common/pico_cyw43_driver/cyw43_driver.c.obj
                0x10010f7c                cyw43_delay_ms
 .text.cyw43_delay_us
                0x10010fc4       0x34 CMakeFiles/lab5_sys.dir/Users/KuangYi/Desktop/EmbeddedSystems/pico/pico-sdk/src/rp2_common/pico_cyw43_driver/cyw43_driver.c.obj
                0x10010fc4                cyw43_delay_us
 .text.end_task_func
                0x10010ff8        0xc CMakeFiles/lab5_sys.dir/Users/KuangYi/Desktop/EmbeddedSystems/pico/pico-sdk/src/rp2_common/pico_async_context/async_context_freertos.c.obj
 .text.async_context_freertos_lock_check
                0x10011004        0x4 CMakeFiles/lab5_sys.dir/Users/KuangYi/Desktop/EmbeddedSystems/pico/pico-sdk/src/rp2_common/pico_async_context/async_context_freertos.c.obj
 .text.async_context_freertos_acquire_lock_blocking
                0x10011008       0x18 CMakeFiles/lab5_sys.dir/Users/KuangYi/Desktop/EmbeddedSystems/pico/pico-sdk/src/rp2_common/pico_async_context/async_context_freertos.c.obj
 .text.handle_sync_func_call
                0x10011020       0x28 CMakeFiles/lab5_sys.dir/Users/KuangYi/Desktop/EmbeddedSystems/pico/pico-sdk/src/rp2_common/pico_async_context/async_context_freertos.c.obj
 .text.async_context_freertos_wait_until
                0x10011048       0x48 CMakeFiles/lab5_sys.dir/Users/KuangYi/Desktop/EmbeddedSystems/pico/pico-sdk/src/rp2_common/pico_async_context/async_context_freertos.c.obj
 .text.async_context_freertos_deinit
                0x10011090       0x50 CMakeFiles/lab5_sys.dir/Users/KuangYi/Desktop/EmbeddedSystems/pico/pico-sdk/src/rp2_common/pico_async_context/async_context_freertos.c.obj
                0x10011090                async_context_freertos_deinit
 .text.async_context_freertos_execute_sync
                0x100110e0       0x64 CMakeFiles/lab5_sys.dir/Users/KuangYi/Desktop/EmbeddedSystems/pico/pico-sdk/src/rp2_common/pico_async_context/async_context_freertos.c.obj
                0x100110e0                async_context_freertos_execute_sync
 .text.async_context_freertos_wait_for_work_until
                0x10011144       0x80 CMakeFiles/lab5_sys.dir/Users/KuangYi/Desktop/EmbeddedSystems/pico/pico-sdk/src/rp2_common/pico_async_context/async_context_freertos.c.obj
 .text.process_under_lock
                0x100111c4       0x80 CMakeFiles/lab5_sys.dir/Users/KuangYi/Desktop/EmbeddedSystems/pico/pico-sdk/src/rp2_common/pico_async_context/async_context_freertos.c.obj
 .text.async_context_freertos_release_lock
                0x10011244       0x90 CMakeFiles/lab5_sys.dir/Users/KuangYi/Desktop/EmbeddedSystems/pico/pico-sdk/src/rp2_common/pico_async_context/async_context_freertos.c.obj
 .text.async_context_freertos_set_work_pending
                0x100112d4       0x54 CMakeFiles/lab5_sys.dir/Users/KuangYi/Desktop/EmbeddedSystems/pico/pico-sdk/src/rp2_common/pico_async_context/async_context_freertos.c.obj
 .text.timer_handler
                0x10011328       0x54 CMakeFiles/lab5_sys.dir/Users/KuangYi/Desktop/EmbeddedSystems/pico/pico-sdk/src/rp2_common/pico_async_context/async_context_freertos.c.obj
 .text.async_context_task
                0x1001137c       0xd0 CMakeFiles/lab5_sys.dir/Users/KuangYi/Desktop/EmbeddedSystems/pico/pico-sdk/src/rp2_common/pico_async_context/async_context_freertos.c.obj
 .text.async_context_freertos_remove_at_time_worker
                0x1001144c       0xac CMakeFiles/lab5_sys.dir/Users/KuangYi/Desktop/EmbeddedSystems/pico/pico-sdk/src/rp2_common/pico_async_context/async_context_freertos.c.obj
 .text.async_context_freertos_add_when_pending_worker
                0x100114f8       0xac CMakeFiles/lab5_sys.dir/Users/KuangYi/Desktop/EmbeddedSystems/pico/pico-sdk/src/rp2_common/pico_async_context/async_context_freertos.c.obj
 .text.async_context_freertos_remove_when_pending_worker
                0x100115a4       0xac CMakeFiles/lab5_sys.dir/Users/KuangYi/Desktop/EmbeddedSystems/pico/pico-sdk/src/rp2_common/pico_async_context/async_context_freertos.c.obj
 .text.async_context_freertos_add_at_time_worker
                0x10011650       0xac CMakeFiles/lab5_sys.dir/Users/KuangYi/Desktop/EmbeddedSystems/pico/pico-sdk/src/rp2_common/pico_async_context/async_context_freertos.c.obj
 .text.async_context_freertos_init
                0x100116fc       0x98 CMakeFiles/lab5_sys.dir/Users/KuangYi/Desktop/EmbeddedSystems/pico/pico-sdk/src/rp2_common/pico_async_context/async_context_freertos.c.obj
                0x100116fc                async_context_freertos_init
 .text.uart_init
                0x10011794      0x188 CMakeFiles/lab5_sys.dir/Users/KuangYi/Desktop/EmbeddedSystems/pico/pico-sdk/src/rp2_common/hardware_uart/uart.c.obj
                0x10011794                uart_init
 .text.runtime_init
                0x1001191c       0xf0 CMakeFiles/lab5_sys.dir/Users/KuangYi/Desktop/EmbeddedSystems/pico/pico-sdk/src/rp2_common/pico_runtime/runtime.c.obj
                0x1001191c                runtime_init
 .text._exit    0x10011a0c        0x4 CMakeFiles/lab5_sys.dir/Users/KuangYi/Desktop/EmbeddedSystems/pico/pico-sdk/src/rp2_common/pico_runtime/runtime.c.obj
                0x10011a0c                _exit
 .text.exit     0x10011a10        0x8 CMakeFiles/lab5_sys.dir/Users/KuangYi/Desktop/EmbeddedSystems/pico/pico-sdk/src/rp2_common/pico_runtime/runtime.c.obj
                0x10011a10                exit
 .text.panic    0x10011a18       0x30 CMakeFiles/lab5_sys.dir/Users/KuangYi/Desktop/EmbeddedSystems/pico/pico-sdk/src/rp2_common/pico_runtime/runtime.c.obj
                0x10011a18                panic
 .text.panic_unsupported
                0x10011a48        0xc CMakeFiles/lab5_sys.dir/Users/KuangYi/Desktop/EmbeddedSystems/pico/pico-sdk/src/rp2_common/pico_runtime/runtime.c.obj
                0x10011a48                panic_unsupported
 .text.hard_assertion_failure
                0x10011a54        0xc CMakeFiles/lab5_sys.dir/Users/KuangYi/Desktop/EmbeddedSystems/pico/pico-sdk/src/rp2_common/pico_runtime/runtime.c.obj
                0x10011a54                hard_assertion_failure
 .text._out_null
                0x10011a60        0x4 CMakeFiles/lab5_sys.dir/Users/KuangYi/Desktop/EmbeddedSystems/pico/pico-sdk/src/rp2_common/pico_printf/printf.c.obj
 .text._out_rev
                0x10011a64       0x90 CMakeFiles/lab5_sys.dir/Users/KuangYi/Desktop/EmbeddedSystems/pico/pico-sdk/src/rp2_common/pico_printf/printf.c.obj
 .text._ntoa_format
                0x10011af4      0x208 CMakeFiles/lab5_sys.dir/Users/KuangYi/Desktop/EmbeddedSystems/pico/pico-sdk/src/rp2_common/pico_printf/printf.c.obj
 .text._out_char
                0x10011cfc       0x10 CMakeFiles/lab5_sys.dir/Users/KuangYi/Desktop/EmbeddedSystems/pico/pico-sdk/src/rp2_common/pico_printf/printf.c.obj
 .text._out_fct
                0x10011d0c       0x10 CMakeFiles/lab5_sys.dir/Users/KuangYi/Desktop/EmbeddedSystems/pico/pico-sdk/src/rp2_common/pico_printf/printf.c.obj
 .text._etoa    0x10011d1c      0x464 CMakeFiles/lab5_sys.dir/Users/KuangYi/Desktop/EmbeddedSystems/pico/pico-sdk/src/rp2_common/pico_printf/printf.c.obj
 .text._ftoa    0x10012180      0x3c4 CMakeFiles/lab5_sys.dir/Users/KuangYi/Desktop/EmbeddedSystems/pico/pico-sdk/src/rp2_common/pico_printf/printf.c.obj
 .text._vsnprintf
                0x10012544      0xc18 CMakeFiles/lab5_sys.dir/Users/KuangYi/Desktop/EmbeddedSystems/pico/pico-sdk/src/rp2_common/pico_printf/printf.c.obj
 .text.vfctprintf
                0x1001315c       0x20 CMakeFiles/lab5_sys.dir/Users/KuangYi/Desktop/EmbeddedSystems/pico/pico-sdk/src/rp2_common/pico_printf/printf.c.obj
                0x1001315c                vfctprintf
 .text.weak_raw_vprintf
                0x1001317c       0x30 CMakeFiles/lab5_sys.dir/Users/KuangYi/Desktop/EmbeddedSystems/pico/pico-sdk/src/rp2_common/pico_printf/printf.c.obj
                0x1001317c                weak_raw_vprintf
 .text          0x100131ac       0x10 CMakeFiles/lab5_sys.dir/Users/KuangYi/Desktop/EmbeddedSystems/pico/pico-sdk/src/rp2_common/pico_bit_ops/bit_ops_aeabi.S.obj
 .text.ctzsi    0x100131bc        0xc CMakeFiles/lab5_sys.dir/Users/KuangYi/Desktop/EmbeddedSystems/pico/pico-sdk/src/rp2_common/pico_bit_ops/bit_ops_aeabi.S.obj
                0x100131bc                __wrap___ctzsi2
 .text.__wrap___aeabi_idiv
                0x100131c8       0x50 CMakeFiles/lab5_sys.dir/Users/KuangYi/Desktop/EmbeddedSystems/pico/pico-sdk/src/rp2_common/pico_divider/divider.S.obj
                0x100131c8                __wrap___aeabi_idivmod
                0x100131c8                divmod_s32s32
                0x100131c8                div_s32s32
                0x100131c8                __wrap___aeabi_idiv
                0x100131d0                divmod_s32s32_unsafe
                0x100131fc                divmod_s32s32_savestate
 .text.__wrap___aeabi_uidiv
                0x10013218       0x4c CMakeFiles/lab5_sys.dir/Users/KuangYi/Desktop/EmbeddedSystems/pico/pico-sdk/src/rp2_common/pico_divider/divider.S.obj
                0x10013218                __wrap___aeabi_uidiv
                0x10013218                __wrap___aeabi_uidivmod
                0x10013218                div_u32u32
                0x10013218                divmod_u32u32
                0x10013220                divmod_u32u32_unsafe
                0x10013248                divmod_u32u32_savestate
 .text.__wrap___aeabi_ldiv