Archive member included to satisfy reference by file (symbol)

/Applications/ArmGNUToolchain/12.3.rel1/arm-none-eabi/bin/../lib/gcc/arm-none-eabi/12.3.1/thumb/v6-m/nofp/libgcc.a(_dvmd_tls.o)
                              CMakeFiles/lab5_nosys.dir/Users/KuangYi/Desktop/EmbeddedSystems/pico/pico-sdk/src/rp2_common/pico_divider/divider.S.obj (__aeabi_idiv0)
/Applications/ArmGNUToolchain/12.3.rel1/arm-none-eabi/bin/../lib/gcc/arm-none-eabi/12.3.1/../../../../arm-none-eabi/lib/thumb/v6-m/nofp/libc.a(libc_a-atoi.o)
                              CMakeFiles/lab5_nosys.dir/Users/KuangYi/Desktop/EmbeddedSystems/pico/pico-sdk/lib/lwip/src/core/netif.c.obj (atoi)
/Applications/ArmGNUToolchain/12.3.rel1/arm-none-eabi/bin/../lib/gcc/arm-none-eabi/12.3.1/../../../../arm-none-eabi/lib/thumb/v6-m/nofp/libc.a(libc_a-calloc.o)
                              CMakeFiles/lab5_nosys.dir/Users/KuangYi/Desktop/EmbeddedSystems/pico/pico-sdk/src/rp2_common/pico_malloc/pico_malloc.c.obj (calloc)
/Applications/ArmGNUToolchain/12.3.rel1/arm-none-eabi/bin/../lib/gcc/arm-none-eabi/12.3.1/../../../../arm-none-eabi/lib/thumb/v6-m/nofp/libc.a(libc_a-callocr.o)
                              /Applications/ArmGNUToolchain/12.3.rel1/arm-none-eabi/bin/../lib/gcc/arm-none-eabi/12.3.1/../../../../arm-none-eabi/lib/thumb/v6-m/nofp/libc.a(libc_a-calloc.o) (_calloc_r)
/Applications/ArmGNUToolchain/12.3.rel1/arm-none-eabi/bin/../lib/gcc/arm-none-eabi/12.3.1/../../../../arm-none-eabi/lib/thumb/v6-m/nofp/libc.a(libc_a-malloc.o)
                              CMakeFiles/lab5_nosys.dir/Users/KuangYi/Desktop/EmbeddedSystems/pico/pico-sdk/src/rp2_common/pico_malloc/pico_malloc.c.obj (malloc)
/Applications/ArmGNUToolchain/12.3.rel1/arm-none-eabi/bin/../lib/gcc/arm-none-eabi/12.3.1/../../../../arm-none-eabi/lib/thumb/v6-m/nofp/libc.a(libc_a-mallocr.o)
                              /Applications/ArmGNUToolchain/12.3.rel1/arm-none-eabi/bin/../lib/gcc/arm-none-eabi/12.3.1/../../../../arm-none-eabi/lib/thumb/v6-m/nofp/libc.a(libc_a-callocr.o) (_malloc_r)
/Applications/ArmGNUToolchain/12.3.rel1/arm-none-eabi/bin/../lib/gcc/arm-none-eabi/12.3.1/../../../../arm-none-eabi/lib/thumb/v6-m/nofp/libc.a(libc_a-mlock.o)
                              /Applications/ArmGNUToolchain/12.3.rel1/arm-none-eabi/bin/../lib/gcc/arm-none-eabi/12.3.1/../../../../arm-none-eabi/lib/thumb/v6-m/nofp/libc.a(libc_a-mallocr.o) (__malloc_lock)
/Applications/ArmGNUToolchain/12.3.rel1/arm-none-eabi/bin/../lib/gcc/arm-none-eabi/12.3.1/../../../../arm-none-eabi/lib/thumb/v6-m/nofp/libc.a(libc_a-realloc.o)
                              CMakeFiles/lab5_nosys.dir/Users/KuangYi/Desktop/EmbeddedSystems/pico/pico-sdk/src/rp2_common/pico_malloc/pico_malloc.c.obj (realloc)
/Applications/ArmGNUToolchain/12.3.rel1/arm-none-eabi/bin/../lib/gcc/arm-none-eabi/12.3.1/../../../../arm-none-eabi/lib/thumb/v6-m/nofp/libc.a(libc_a-reallocr.o)
                              /Applications/ArmGNUToolchain/12.3.rel1/arm-none-eabi/bin/../lib/gcc/arm-none-eabi/12.3.1/../../../../arm-none-eabi/lib/thumb/v6-m/nofp/libc.a(libc_a-realloc.o) (_realloc_r)
/Applications/ArmGNUToolchain/12.3.rel1/arm-none-eabi/bin/../lib/gcc/arm-none-eabi/12.3.1/../../../../arm-none-eabi/lib/thumb/v6-m/nofp/libc.a(libc_a-strtol.o)
                              /Applications/ArmGNUToolchain/12.3.rel1/arm-none-eabi/bin/../lib/gcc/arm-none-eabi/12.3.1/../../../../arm-none-eabi/lib/thumb/v6-m/nofp/libc.a(libc_a-atoi.o) (_strtol_r)
/Applications/ArmGNUToolchain/12.3.rel1/arm-none-eabi/bin/../lib/gcc/arm-none-eabi/12.3.1/../../../../arm-none-eabi/lib/thumb/v6-m/nofp/libc.a(libc_a-memcmp.o)
                              CMakeFiles/lab5_nosys.dir/Users/KuangYi/Desktop/EmbeddedSystems/pico/pico-sdk/lib/lwip/src/netif/ethernet.c.obj (memcmp)
/Applications/ArmGNUToolchain/12.3.rel1/arm-none-eabi/bin/../lib/gcc/arm-none-eabi/12.3.1/../../../../arm-none-eabi/lib/thumb/v6-m/nofp/libc.a(libc_a-memmove.o)
                              CMakeFiles/lab5_nosys.dir/Users/KuangYi/Desktop/EmbeddedSystems/pico/pico-sdk/lib/lwip/src/core/def.c.obj (memmove)
/Applications/ArmGNUToolchain/12.3.rel1/arm-none-eabi/bin/../lib/gcc/arm-none-eabi/12.3.1/../../../../arm-none-eabi/lib/thumb/v6-m/nofp/libc.a(libc_a-strncmp.o)
                              CMakeFiles/lab5_nosys.dir/Users/KuangYi/Desktop/EmbeddedSystems/pico/pico-sdk/lib/lwip/src/core/def.c.obj (strncmp)
/Applications/ArmGNUToolchain/12.3.rel1/arm-none-eabi/bin/../lib/gcc/arm-none-eabi/12.3.1/../../../../arm-none-eabi/lib/thumb/v6-m/nofp/libc.a(libc_a-impure.o)
                              /Applications/ArmGNUToolchain/12.3.rel1/arm-none-eabi/bin/../lib/gcc/arm-none-eabi/12.3.1/../../../../arm-none-eabi/lib/thumb/v6-m/nofp/libc.a(libc_a-calloc.o) (_impure_ptr)
/Applications/ArmGNUToolchain/12.3.rel1/arm-none-eabi/bin/../lib/gcc/arm-none-eabi/12.3.1/../../../../arm-none-eabi/lib/thumb/v6-m/nofp/libc.a(libc_a-sbrkr.o)
[...]
Memory Configuration

Name             Origin             Length             Attributes
FLASH            0x10000000         0x00200000         xr
RAM              0x20000000         0x00040000         xrw
SCRATCH_X        0x20040000         0x00001000         xrw
SCRATCH_Y        0x20041000         0x00001000         xrw
*default*        0x00000000         0xffffffff

Linker script and memory map

LOAD /Applications/ArmGNUToolchain/12.3.rel1/arm-none-eabi/bin/../lib/gcc/arm-none-eabi/12.3.1/thumb/v6-m/nofp/crti.o
LOAD /Applications/ArmGNUToolchain/12.3.rel1/arm-none-eabi/bin/../lib/gcc/arm-none-eabi/12.3.1/thumb/v6-m/nofp/crtbegin.o
LOAD /Applications/ArmGNUToolchain/12.3.rel1/arm-none-eabi/bin/../lib/gcc/arm-none-eabi/12.3.1/../../../../arm-none-eabi/lib/thumb/v6-m/nofp/crt0.o

.flash_begin    0x10000000        0x0
                0x10000000                        __flash_binary_start = .

.boot2          0x10000000      0x100
                0x10000000                        __boot2_start__ = .
 *(.boot2)
 .boot2         0x10000000      0x100 /var/folders/qp/70x5myk55gn36d85345_k19w0000gn/T//ccNMT5ev.o
                0x10000100                        __boot2_end__ = .
                0x00000001                        ASSERT (((__boot2_end__ - __boot2_start__) == 0x100), ERROR: Pico second stage bootloader must be 256 bytes in size)

.text           0x10000100     0x8088
                0x10000100                        __logical_binary_start = .
 *(.vectors)
 .vectors       0x10000100       0xd4 CMakeFiles/lab5_nosys.dir/Users/KuangYi/Desktop/EmbeddedSystems/pico/pico-sdk/src/rp2_common/pico_standard_link/crt0.S.obj
                0x10000100                __VECTOR_TABLE
                0x10000100                __vectors
                0x100001c0                __default_isrs_start
                0x100001c0                isr_invalid
                0x100001c2                isr_nmi
                0x100001c4                isr_hardfault
                0x100001c6                isr_svcall
                0x100001c8                isr_pendsv
                0x100001ca                isr_systick
                0x100001cc                isr_irq28
                0x100001cc                isr_irq19
                0x100001cc                isr_irq0
                0x100001cc                isr_irq6
                0x100001cc                isr_irq22
                0x100001cc                isr_irq17
                0x100001cc                isr_irq14
                0x100001cc                isr_irq2
                0x100001cc                isr_irq10
                0x100001cc                isr_irq8
                0x100001cc                isr_irq24
                0x100001cc                isr_irq1
                0x100001cc                isr_irq7
                0x100001cc                isr_irq21
                0x100001cc                isr_irq20
                0x100001cc                isr_irq15
                0x100001cc                isr_irq25
                0x100001cc                isr_irq4
                0x100001cc                isr_irq16
                0x100001cc                isr_irq29
                0x100001cc                isr_irq26
                0x100001cc                __default_isrs_end
                0x100001cc                isr_irq3
                0x100001cc                isr_irq9
                0x100001cc                __unhandled_user_irq
                0x100001cc                isr_irq13
                0x100001cc                isr_irq27
                0x100001cc                isr_irq31
                0x100001cc                isr_irq5
                0x100001cc                isr_irq11
                0x100001cc                isr_irq23
                0x100001cc                isr_irq18
                0x100001cc                isr_irq30
                0x100001cc                isr_irq12
                0x100001d2                unhandled_user_irq_num_in_r0
 *(.binary_info_header)
 .binary_info_header
                0x100001d4       0x14 CMakeFiles/lab5_nosys.dir/Users/KuangYi/Desktop/EmbeddedSystems/pico/pico-sdk/src/rp2_common/pico_standard_link/crt0.S.obj
                0x100001e8                        __binary_info_header_end = .
 *(.reset)
 .reset         0x100001e8       0xa0 CMakeFiles/lab5_nosys.dir/Users/KuangYi/Desktop/EmbeddedSystems/pico/pico-sdk/src/rp2_common/pico_standard_link/crt0.S.obj
                0x100001e8                _entry_point
 .reset         0x10000288       0x30 CMakeFiles/lab5_nosys.dir/Users/KuangYi/Desktop/EmbeddedSystems/pico/pico-sdk/src/rp2_common/pico_standard_link/binary_info.c.obj
 *(.init)
 .init          0x100002b8        0x4 /Applications/ArmGNUToolchain/12.3.rel1/arm-none-eabi/bin/../lib/gcc/arm-none-eabi/12.3.1/thumb/v6-m/nofp/crti.o
                0x100002b8                _init
 *(EXCLUDE_FILE(*libm.a: *libc.a:*lib_a-mem*.o *libgcc.a:) .text*)
 .text.register_tm_clones
                0x100002bc       0x28 /Applications/ArmGNUToolchain/12.3.rel1/arm-none-eabi/bin/../lib/gcc/arm-none-eabi/12.3.1/thumb/v6-m/nofp/crtbegin.o
 .text.frame_dummy
                0x100002e4       0x24 /Applications/ArmGNUToolchain/12.3.rel1/arm-none-eabi/bin/../lib/gcc/arm-none-eabi/12.3.1/thumb/v6-m/nofp/crtbegin.o
 .text.main_task
                0x10000308       0xa8 CMakeFiles/lab5_nosys.dir/2201354.c.obj
                0x10000308                main_task
 .text.movingAverageTask
                0x100003b0       0x94 CMakeFiles/lab5_nosys.dir/2201354.c.obj
                0x100003b0                movingAverageTask
 .text.simpleAverageTask
                0x10000444       0x54 CMakeFiles/lab5_nosys.dir/2201354.c.obj
                0x10000444                simpleAverageTask
 .text.printerTask
                0x10000498       0xd8 CMakeFiles/lab5_nosys.dir/2201354.c.obj
                0x10000498                printerTask
 .text.vLaunch  0x10000570       0xc8 CMakeFiles/lab5_nosys.dir/2201354.c.obj
                0x10000570                vLaunch
 .text.startup.main
                0x10000638       0x20 CMakeFiles/lab5_nosys.dir/2201354.c.obj
                0x10000638                main
 .text.running_on_fpga
                0x10000658       0x10 CMakeFiles/lab5_nosys.dir/Users/KuangYi/Desktop/EmbeddedSystems/pico/pico-sdk/src/rp2_common/pico_platform/platform.c.obj
                0x10000658                running_on_fpga
 .text.startup._retrieve_unique_id_on_boot
                0x10000668       0x10 CMakeFiles/lab5_nosys.dir/Users/KuangYi/Desktop/EmbeddedSystems/pico/pico-sdk/src/rp2_common/pico_unique_id/unique_id.c.obj
 .text.flash_get_unique_id
                0x10000678       0x40 CMakeFiles/lab5_nosys.dir/Users/KuangYi/Desktop/EmbeddedSystems/pico/pico-sdk/src/rp2_common/hardware_flash/flash.c.obj
                0x10000678                flash_get_unique_id
 .text.hw_claim_or_assert
                0x100006b8       0x44 CMakeFiles/lab5_nosys.dir/Users/KuangYi/Desktop/EmbeddedSystems/pico/pico-sdk/src/rp2_common/hardware_claim/claim.c.obj
                0x100006b8                hw_claim_or_assert
 .text.spin_locks_reset
                0x100006fc       0x1c CMakeFiles/lab5_nosys.dir/Users/KuangYi/Desktop/EmbeddedSystems/pico/pico-sdk/src/rp2_common/hardware_sync/sync.c.obj
                0x100006fc                spin_locks_reset
 .text.next_striped_spin_lock_num
                0x10000718       0x18 CMakeFiles/lab5_nosys.dir/Users/KuangYi/Desktop/EmbeddedSystems/pico/pico-sdk/src/rp2_common/hardware_sync/sync.c.obj
                0x10000718                next_striped_spin_lock_num
 .text.spin_lock_claim
                0x10000730       0x18 CMakeFiles/lab5_nosys.dir/Users/KuangYi/Desktop/EmbeddedSystems/pico/pico-sdk/src/rp2_common/hardware_sync/sync.c.obj
                0x10000730                spin_lock_claim
 .text.rom_func_lookup
                0x10000748       0x10 CMakeFiles/lab5_nosys.dir/Users/KuangYi/Desktop/EmbeddedSystems/pico/pico-sdk/src/rp2_common/pico_bootrom/bootrom.c.obj
                0x10000748                rom_func_lookup
 .text.rom_data_lookup
                0x10000758       0x10 CMakeFiles/lab5_nosys.dir/Users/KuangYi/Desktop/EmbeddedSystems/pico/pico-sdk/src/rp2_common/pico_bootrom/bootrom.c.obj
                0x10000758                rom_data_lookup
 .text.rom_funcs_lookup
                0x10000768       0x44 CMakeFiles/lab5_nosys.dir/Users/KuangYi/Desktop/EmbeddedSystems/pico/pico-sdk/src/rp2_common/pico_bootrom/bootrom.c.obj
                0x10000768                rom_funcs_lookup
 .text.clocks_init
                0x100007ac      0x2c8 CMakeFiles/lab5_nosys.dir/Users/KuangYi/Desktop/EmbeddedSystems/pico/pico-sdk/src/rp2_common/hardware_clocks/clocks.c.obj
                0x100007ac                clocks_init
 .text.clock_get_hz
                0x10000a74        0xc CMakeFiles/lab5_nosys.dir/Users/KuangYi/Desktop/EmbeddedSystems/pico/pico-sdk/src/rp2_common/hardware_clocks/clocks.c.obj
                0x10000a74                clock_get_hz
 .text.gpio_set_function
                0x10000a80       0x30 CMakeFiles/lab5_nosys.dir/Users/KuangYi/Desktop/EmbeddedSystems/pico/pico-sdk/src/rp2_common/hardware_gpio/gpio.c.obj
                0x10000a80                gpio_set_function
 .text.irq_set_enabled
                0x10000ab0       0x24 CMakeFiles/lab5_nosys.dir/Users/KuangYi/Desktop/EmbeddedSystems/pico/pico-sdk/src/rp2_common/hardware_irq/irq.c.obj
                0x10000ab0                irq_set_enabled
 .text.irq_is_enabled
                0x10000ad4       0x18 CMakeFiles/lab5_nosys.dir/Users/KuangYi/Desktop/EmbeddedSystems/pico/pico-sdk/src/rp2_common/hardware_irq/irq.c.obj
                0x10000ad4                irq_is_enabled
 .text.irq_get_vtable_handler
                0x10000aec       0x10 CMakeFiles/lab5_nosys.dir/Users/KuangYi/Desktop/EmbeddedSystems/pico/pico-sdk/src/rp2_common/hardware_irq/irq.c.obj
                0x10000aec                irq_get_vtable_handler
 .text.irq_set_exclusive_handler
                0x10000afc       0x54 CMakeFiles/lab5_nosys.dir/Users/KuangYi/Desktop/EmbeddedSystems/pico/pico-sdk/src/rp2_common/hardware_irq/irq.c.obj
                0x10000afc                irq_set_exclusive_handler
 .text.irq_remove_handler
                0x10000b50      0x1c4 CMakeFiles/lab5_nosys.dir/Users/KuangYi/Desktop/EmbeddedSystems/pico/pico-sdk/src/rp2_common/hardware_irq/irq.c.obj
                0x10000b50                irq_remove_handler
 .text.irq_set_priority
                0x10000d14       0x28 CMakeFiles/lab5_nosys.dir/Users/KuangYi/Desktop/EmbeddedSystems/pico/pico-sdk/src/rp2_common/hardware_irq/irq.c.obj
                0x10000d14                irq_set_priority
 .text.irq_add_tail_to_free_list
                0x10000d3c       0xb4 CMakeFiles/lab5_nosys.dir/Users/KuangYi/Desktop/EmbeddedSystems/pico/pico-sdk/src/rp2_common/hardware_irq/irq.c.obj
                0x10000d3c                irq_add_tail_to_free_list
 .text.irq_init_priorities
                0x10000df0       0x24 CMakeFiles/lab5_nosys.dir/Users/KuangYi/Desktop/EmbeddedSystems/pico/pico-sdk/src/rp2_common/hardware_irq/irq.c.obj
                0x10000df0                irq_init_priorities
 .text.lock_init
                0x10000e14       0x10 CMakeFiles/lab5_nosys.dir/Users/KuangYi/Desktop/EmbeddedSystems/pico/pico-sdk/src/common/pico_sync/lock_core.c.obj
                0x10000e14                lock_init
 .text.mutex_init
                0x10000e24       0x1c CMakeFiles/lab5_nosys.dir/Users/KuangYi/Desktop/EmbeddedSystems/pico/pico-sdk/src/common/pico_sync/mutex.c.obj
                0x10000e24                mutex_init
 .text.recursive_mutex_init
                0x10000e40       0x20 CMakeFiles/lab5_nosys.dir/Users/KuangYi/Desktop/EmbeddedSystems/pico/pico-sdk/src/common/pico_sync/mutex.c.obj
                0x10000e40                recursive_mutex_init
 .text.timer_pool_entry_comparator
                0x10000e60       0x34 CMakeFiles/lab5_nosys.dir/Users/KuangYi/Desktop/EmbeddedSystems/pico/pico-sdk/src/common/pico_time/time.c.obj
                0x10000e60                timer_pool_entry_comparator
 .text.sleep_until_callback
                0x10000e94       0x24 CMakeFiles/lab5_nosys.dir/Users/KuangYi/Desktop/EmbeddedSystems/pico/pico-sdk/src/common/pico_time/time.c.obj
 .text.add_alarm_under_lock.isra.0
                0x10000eb8       0xf8 CMakeFiles/lab5_nosys.dir/Users/KuangYi/Desktop/EmbeddedSystems/pico/pico-sdk/src/common/pico_time/time.c.obj
 .text.alarm_pool_alarm_callback
                0x10000fb0      0x1c0 CMakeFiles/lab5_nosys.dir/Users/KuangYi/Desktop/EmbeddedSystems/pico/pico-sdk/src/common/pico_time/time.c.obj
 .text.alarm_pool_init_default
                0x10001170       0x6c CMakeFiles/lab5_nosys.dir/Users/KuangYi/Desktop/EmbeddedSystems/pico/pico-sdk/src/common/pico_time/time.c.obj
                0x10001170                alarm_pool_init_default
 .text.alarm_pool_add_alarm_at
                0x100011dc      0x17c CMakeFiles/lab5_nosys.dir/Users/KuangYi/Desktop/EmbeddedSystems/pico/pico-sdk/src/common/pico_time/time.c.obj
                0x100011dc                alarm_pool_add_alarm_at
 .text.best_effort_wfe_or_timeout
                0x10001358       0xcc CMakeFiles/lab5_nosys.dir/Users/KuangYi/Desktop/EmbeddedSystems/pico/pico-sdk/src/common/pico_time/time.c.obj
                0x10001358                best_effort_wfe_or_timeout
 .text.hardware_alarm_irq_handler
                0x10001424       0xbc CMakeFiles/lab5_nosys.dir/Users/KuangYi/Desktop/EmbeddedSystems/pico/pico-sdk/src/rp2_common/hardware_timer/timer.c.obj
 .text.hardware_alarm_claim
                0x100014e0       0x18 CMakeFiles/lab5_nosys.dir/Users/KuangYi/Desktop/EmbeddedSystems/pico/pico-sdk/src/rp2_common/hardware_timer/timer.c.obj
                0x100014e0                hardware_alarm_claim
 .text.time_us_64
                0x100014f8       0x14 CMakeFiles/lab5_nosys.dir/Users/KuangYi/Desktop/EmbeddedSystems/pico/pico-sdk/src/rp2_common/hardware_timer/timer.c.obj
                0x100014f8                time_us_64
 .text.busy_wait_us
                0x1000150c       0x68 CMakeFiles/lab5_nosys.dir/Users/KuangYi/Desktop/EmbeddedSystems/pico/pico-sdk/src/rp2_common/hardware_timer/timer.c.obj
                0x1000150c                busy_wait_us
 .text.hardware_alarm_set_callback
                0x10001574       0x8c CMakeFiles/lab5_nosys.dir/Users/KuangYi/Desktop/EmbeddedSystems/pico/pico-sdk/src/rp2_common/hardware_timer/timer.c.obj
                0x10001574                hardware_alarm_set_callback
 .text.hardware_alarm_set_target
                0x10001600       0xd0 CMakeFiles/lab5_nosys.dir/Users/KuangYi/Desktop/EmbeddedSystems/pico/pico-sdk/src/rp2_common/hardware_timer/timer.c.obj
                0x10001600                hardware_alarm_set_target
 .text.hardware_alarm_cancel
                0x100016d0       0x3c CMakeFiles/lab5_nosys.dir/Users/KuangYi/Desktop/EmbeddedSystems/pico/pico-sdk/src/rp2_common/hardware_timer/timer.c.obj
                0x100016d0                hardware_alarm_cancel
 .text.ph_merge_nodes
                0x1000170c       0x58 CMakeFiles/lab5_nosys.dir/Users/KuangYi/Desktop/EmbeddedSystems/pico/pico-sdk/src/common/pico_util/pheap.c.obj
 .text.ph_post_alloc_init
                0x10001764       0x3c CMakeFiles/lab5_nosys.dir/Users/KuangYi/Desktop/EmbeddedSystems/pico/pico-sdk/src/common/pico_util/pheap.c.obj
                0x10001764                ph_post_alloc_init
 .text.ph_merge_two_pass
                0x100017a0       0x8c CMakeFiles/lab5_nosys.dir/Users/KuangYi/Desktop/EmbeddedSystems/pico/pico-sdk/src/common/pico_util/pheap.c.obj
                0x100017a0                ph_merge_two_pass
 .text.ph_remove_any_head
                0x1000182c      0x100 CMakeFiles/lab5_nosys.dir/Users/KuangYi/Desktop/EmbeddedSystems/pico/pico-sdk/src/common/pico_util/pheap.c.obj
 .text.ph_remove_head
                0x1000192c      0x104 CMakeFiles/lab5_nosys.dir/Users/KuangYi/Desktop/EmbeddedSystems/pico/pico-sdk/src/common/pico_util/pheap.c.obj
                0x1000192c                ph_remove_head
 .text.ph_remove_and_free_node
                0x10001a30       0x78 CMakeFiles/lab5_nosys.dir/Users/KuangYi/Desktop/EmbeddedSystems/pico/pico-sdk/src/common/pico_util/pheap.c.obj
                0x10001a30                ph_remove_and_free_node
 .text.pll_init
                0x10001aa8       0xa0 CMakeFiles/lab5_nosys.dir/Users/KuangYi/Desktop/EmbeddedSystems/pico/pico-sdk/src/rp2_common/hardware_pll/pll.c.obj
                0x10001aa8                pll_init
 .text.watchdog_start_tick
                0x10001b48       0x10 CMakeFiles/lab5_nosys.dir/Users/KuangYi/Desktop/EmbeddedSystems/pico/pico-sdk/src/rp2_common/hardware_watchdog/watchdog.c.obj
                0x10001b48                watchdog_start_tick
 .text.xosc_init
                0x10001b58       0x28 CMakeFiles/lab5_nosys.dir/Users/KuangYi/Desktop/EmbeddedSystems/pico/pico-sdk/src/rp2_common/hardware_xosc/xosc.c.obj
                0x10001b58                xosc_init
 .text.exception_set_exclusive_handler
                0x10001b80       0x48 CMakeFiles/lab5_nosys.dir/Users/KuangYi/Desktop/EmbeddedSystems/pico/pico-sdk/src/rp2_common/hardware_exception/exception.c.obj
                0x10001b80                exception_set_exclusive_handler
 .text.uart_init
                0x10001bc8      0x188 CMakeFiles/lab5_nosys.dir/Users/KuangYi/Desktop/EmbeddedSystems/pico/pico-sdk/src/rp2_common/hardware_uart/uart.c.obj
                0x10001bc8                uart_init
 .text.runtime_init
                0x10001d50       0xf0 CMakeFiles/lab5_nosys.dir/Users/KuangYi/Desktop/EmbeddedSystems/pico/pico-sdk/src/rp2_common/pico_runtime/runtime.c.obj
                0x10001d50                runtime_init
 .text._exit    0x10001e40        0x4 CMakeFiles/lab5_nosys.dir/Users/KuangYi/Desktop/EmbeddedSystems/pico/pico-sdk/src/rp2_common/pico_runtime/runtime.c.obj
                0x10001e40                _exit
 .text.exit     0x10001e44        0x8 CMakeFiles/lab5_nosys.dir/Users/KuangYi/Desktop/EmbeddedSystems/pico/pico-sdk/src/rp2_common/pico_runtime/runtime.c.obj
                0x10001e44                exit
 .text.panic    0x10001e4c       0x30 CMakeFiles/lab5_nosys.dir/Users/KuangYi/Desktop/EmbeddedSystems/pico/pico-sdk/src/rp2_common/pico_runtime/runtime.c.obj
                0x10001e4c                panic
 .text.panic_unsupported
                0x10001e7c        0xc CMakeFiles/lab5_nosys.dir/Users/KuangYi/Desktop/EmbeddedSystems/pico/pico-sdk/src/rp2_common/pico_runtime/runtime.c.obj
                0x10001e7c                panic_unsupported
 .text.hard_assertion_failure
                0x10001e88        0xc CMakeFiles/lab5_nosys.dir/Users/KuangYi/Desktop/EmbeddedSystems/pico/pico-sdk/src/rp2_common/pico_runtime/runtime.c.obj
                0x10001e88                hard_assertion_failure
 .text._out_null
                0x10001e94        0x4 CMakeFiles/lab5_nosys.dir/Users/KuangYi/Desktop/EmbeddedSystems/pico/pico-sdk/src/rp2_common/pico_printf/printf.c.obj
 .text._out_rev
                0x10001e98       0x90 CMakeFiles/lab5_nosys.dir/Users/KuangYi/Desktop/EmbeddedSystems/pico/pico-sdk/src/rp2_common/pico_printf/printf.c.obj
 .text._ntoa_format
                0x10001f28      0x208 CMakeFiles/lab5_nosys.dir/Users/KuangYi/Desktop/EmbeddedSystems/pico/pico-sdk/src/rp2_common/pico_printf/printf.c.obj
 .text._out_char
                0x10002130       0x10 CMakeFiles/lab5_nosys.dir/Users/KuangYi/Desktop/EmbeddedSystems/pico/pico-sdk/src/rp2_common/pico_printf/printf.c.obj
 .text._out_fct
                0x10002140       0x10 CMakeFiles/lab5_nosys.dir/Users/KuangYi/Desktop/EmbeddedSystems/pico/pico-sdk/src/rp2_common/pico_printf/printf.c.obj
 .text._etoa    0x10002150      0x464 CMakeFiles/lab5_nosys.dir/Users/KuangYi/Desktop/EmbeddedSystems/pico/pico-sdk/src/rp2_common/pico_printf/printf.c.obj
 .text._ftoa    0x100025b4      0x3c4 CMakeFiles/lab5_nosys.dir/Users/KuangYi/Desktop/EmbeddedSystems/pico/pico-sdk/src/rp2_common/pico_printf/printf.c.obj
 .text._vsnprintf
                0x10002978      0xc18 CMakeFiles/lab5_nosys.dir/Users/KuangYi/Desktop/EmbeddedSystems/pico/pico-sdk/src/rp2_common/pico_printf/printf.c.obj
 .text.vfctprintf
                0x10003590       0x20 CMakeFiles/lab5_nosys.dir/Users/KuangYi/Desktop/EmbeddedSystems/pico/pico-sdk/src/rp2_common/pico_printf/printf.c.obj
                0x10003590                vfctprintf
 .text.weak_raw_vprintf
                0x100035b0       0x30 CMakeFiles/lab5_nosys.dir/Users/KuangYi/Desktop/EmbeddedSystems/pico/pico-sdk/src/rp2_common/pico_printf/printf.c.obj
                0x100035b0                weak_raw_vprintf
 .text          0x100035e0       0x10 CMakeFiles/lab5_nosys.dir/Users/KuangYi/Desktop/EmbeddedSystems/pico/pico-sdk/src/rp2_common/pico_bit_ops/bit_ops_aeabi.S.obj
 .text.clzsi    0x100035f0        0xc CMakeFiles/lab5_nosys.dir/Users/KuangYi/Desktop/EmbeddedSystems/pico/pico-sdk/src/rp2_common/pico_bit_ops/bit_ops_aeabi.S.obj
                0x100035f0                __wrap___clz
                0x100035f0                __wrap___clzsi2
                0x100035f0                __wrap___clzl
 .text.__wrap___aeabi_idiv
                0x100035fc       0x50 CMakeFiles/lab5_nosys.dir/Users/KuangYi/Desktop/EmbeddedSystems/pico/pico-sdk/src/rp2_common/pico_divider/divider.S.obj
                0x100035fc                __wrap___aeabi_idivmod
                0x100035fc                divmod_s32s32
                0x100035fc                div_s32s32
                0x100035fc                __wrap___aeabi_idiv
                0x10003604                divmod_s32s32_unsafe
                0x10003630                divmod_s32s32_savestate
 .text.__wrap___aeabi_uidiv
                0x1000364c       0x4c CMakeFiles/lab5_nosys.dir/Users/KuangYi/Desktop/EmbeddedSystems/pico/pico-sdk/src/rp2_common/pico_divider/divider.S.obj
                0x1000364c                __wrap___aeabi_uidiv
                0x1000364c                __wrap___aeabi_uidivmod
                0x1000364c                div_u32u32
                0x1000364c                divmod_u32u32
                0x10003654                divmod_u32u32_unsafe
                0x1000367c                divmod_u32u32_savestate
 .text.__wrap___aeabi_ldiv
                0x10003698      0x424 CMakeFiles/lab5_nosys.dir/Users/KuangYi/Desktop/EmbeddedSystems/pico/pico-sdk/src/rp2_common/pico_divider/divider.S.obj
                0x10003698                __wrap___aeabi_ldivmod
                0x10003698                div_s64s64
                0x10003698                divmod_s64s64
                0x100036c8                divmod_u64u64
                0x100036c8                div_u64u64
                0x100036c8                __wrap___aeabi_uldivmod
                0x100036d8                divmod_u64u64_savestate
                0x100036f8                divmod_s64s64_unsafe
                0x10003780                divmod_u64u64_unsafe
 .text.__wrap___aeabi_darithmetic
                0x10003abc       0x60 CMakeFiles/lab5_nosys.dir/Users/KuangYi/Desktop/EmbeddedSystems/pico/pico-sdk/src/rp2_common/pico_double/double_aeabi.S.obj
                0x10003abc                __wrap___aeabi_drsub
                0x10003ac2                __wrap___aeabi_dsub
                0x10003acc                __wrap___aeabi_dadd
                0x10003ad6                __wrap___aeabi_ddiv
                0x10003b0a                __wrap___aeabi_dmul
 .text.__wrap___aeabi_cdcmple
                0x10003b1c       0x6c CMakeFiles/lab5_nosys.dir/Users/KuangYi/Desktop/EmbeddedSystems/pico/pico-sdk/src/rp2_common/pico_double/double_aeabi.S.obj
                0x10003b1c                __wrap___aeabi_cdrcmple
                0x10003b2c                __wrap___aeabi_cdcmple
                0x10003b2c                __wrap___aeabi_cdcmpeq
 .text.__wrap___aeabi_dcmplt
                0x10003b88        0xc CMakeFiles/lab5_nosys.dir/Users/KuangYi/Desktop/EmbeddedSystems/pico/pico-sdk/src/rp2_common/pico_double/double_aeabi.S.obj
                0x10003b88                __wrap___aeabi_dcmplt
 .text.__wrap___aeabi_dcmpge
                0x10003b94       0x10 CMakeFiles/lab5_nosys.dir/Users/KuangYi/Desktop/EmbeddedSystems/pico/pico-sdk/src/rp2_common/pico_double/double_aeabi.S.obj
                0x10003b94                __wrap___aeabi_dcmpge
 .text.__wrap___aeabi_dcmpgt
                0x10003ba4        0xa CMakeFiles/lab5_nosys.dir/Users/KuangYi/Desktop/EmbeddedSystems/pico/pico-sdk/src/rp2_common/pico_double/double_aeabi.S.obj
                0x10003ba4                __wrap___aeabi_dcmpgt
 .text.__wrap___aeabi_dcmpun
                0x10003bae       0x1c CMakeFiles/lab5_nosys.dir/Users/KuangYi/Desktop/EmbeddedSystems/pico/pico-sdk/src/rp2_common/pico_double/double_aeabi.S.obj
                0x10003bae                __wrap___aeabi_dcmpun
 *fill*         0x10003bca        0x2 
 .text.__wrap___aeabi_i2d
                0x10003bcc       0x38 CMakeFiles/lab5_nosys.dir/Users/KuangYi/Desktop/EmbeddedSystems/pico/pico-sdk/src/rp2_common/pico_double/double_aeabi.S.obj
                0x10003bcc                __wrap___aeabi_ui2d
                0x10003bd4                __wrap___aeabi_i2d
 .text.__wrap___aeabi_d2iz
                0x10003c04       0x48 CMakeFiles/lab5_nosys.dir/Users/KuangYi/Desktop/EmbeddedSystems/pico/pico-sdk/src/rp2_common/pico_double/double_aeabi.S.obj
                0x10003c04                __wrap___aeabi_d2iz
                0x10003c04                double2int_z
 .text.__wrap___aeabi_d2uiz
                0x10003c4c       0x10 CMakeFiles/lab5_nosys.dir/Users/KuangYi/Desktop/EmbeddedSystems/pico/pico-sdk/src/rp2_common/pico_double/double_aeabi.S.obj
                0x10003c4c                double2uint
                0x10003c4c                __wrap___aeabi_d2uiz
 .text.missing_double_func_shim
                0x10003c5c        0xc CMakeFiles/lab5_nosys.dir/Users/KuangYi/Desktop/EmbeddedSystems/pico/pico-sdk/src/rp2_common/pico_double/double_init_rom.c.obj
 .text.__aeabi_double_init
                0x10003c68       0x94 CMakeFiles/lab5_nosys.dir/Users/KuangYi/Desktop/EmbeddedSystems/pico/pico-sdk/src/rp2_common/pico_double/double_init_rom.c.obj
                0x10003c68                __aeabi_double_init
 .text.double_table_shim_on_use_helper
                0x10003cfc       0x2c CMakeFiles/lab5_nosys.dir/Users/KuangYi/Desktop/EmbeddedSystems/pico/pico-sdk/src/rp2_common/pico_double/double_v1_rom_shim.S.obj
                0x10003cfc                double_table_shim_on_use_helper
 .text.__wrap___aeabi_farithmetic
                0x10003d28       0x48 CMakeFiles/lab5_nosys.dir/Users/KuangYi/Desktop/EmbeddedSystems/pico/pico-sdk/src/rp2_common/pico_float/float_aeabi.S.obj
                0x10003d28                __wrap___aeabi_frsub
                0x10003d2e                __wrap___aeabi_fsub
                0x10003d34                __wrap___aeabi_fadd
                0x10003d3a                __wrap___aeabi_fdiv
                0x10003d62                __wrap___aeabi_fmul
 .text.__wrap___aeabi_ui2f
                0x10003d70        0xa CMakeFiles/lab5_nosys.dir/Users/KuangYi/Desktop/EmbeddedSystems/pico/pico-sdk/src/rp2_common/pico_float/float_aeabi.S.obj
                0x10003d70                __wrap___aeabi_ui2f
 *fill*         0x10003d7a        0x2 
 .text.__wrap___aeabi_i2f
                0x10003d7c       0x44 CMakeFiles/lab5_nosys.dir/Users/KuangYi/Desktop/EmbeddedSystems/pico/pico-sdk/src/rp2_common/pico_float/float_aeabi.S.obj
                0x10003d7c                __wrap___aeabi_i2f
 .text.__wrap___aeabi_f2d
                0x10003dc0        0xc CMakeFiles/lab5_nosys.dir/Users/KuangYi/Desktop/EmbeddedSystems/pico/pico-sdk/src/rp2_common/pico_float/float_aeabi.S.obj
                0x10003dc0                __wrap___aeabi_f2d
 .text.missing_float_func_shim
                0x10003dcc        0xc CMakeFiles/lab5_nosys.dir/Users/KuangYi/Desktop/EmbeddedSystems/pico/pico-sdk/src/rp2_common/pico_float/float_init_rom.c.obj
 .text.__aeabi_float_init
                0x10003dd8       0x5c CMakeFiles/lab5_nosys.dir/Users/KuangYi/Desktop/EmbeddedSystems/pico/pico-sdk/src/rp2_common/pico_float/float_init_rom.c.obj
                0x10003dd8                __aeabi_float_init
 .text          0x10003e34       0x10 CMakeFiles/lab5_nosys.dir/Users/KuangYi/Desktop/EmbeddedSystems/pico/pico-sdk/src/rp2_common/pico_mem_ops/mem_ops_aeabi.S.obj
                0x10003e34                __aeabi_mem_init
 .text.memset   0x10003e44        0xc CMakeFiles/lab5_nosys.dir/Users/KuangYi/Desktop/EmbeddedSystems/pico/pico-sdk/src/rp2_common/pico_mem_ops/mem_ops_aeabi.S.obj
                0x10003e44                __wrap_memset
 .text.memcpy   0x10003e50        0xc CMakeFiles/lab5_nosys.dir/Users/KuangYi/Desktop/EmbeddedSystems/pico/pico-sdk/src/rp2_common/pico_mem_ops/mem_ops_aeabi.S.obj
                0x10003e50                __wrap___aeabi_memcpy
                0x10003e50                __wrap_memcpy
 .text.stdio_out_chars_crlf
                0x10003e5c       0x94 CMakeFiles/lab5_nosys.dir/Users/KuangYi/Desktop/EmbeddedSystems/pico/pico-sdk/src/rp2_common/pico_stdio/stdio.c.obj
 .text.stdio_buffered_printer
                0x10003ef0       0x64 CMakeFiles/lab5_nosys.dir/Users/KuangYi/Desktop/EmbeddedSystems/pico/pico-sdk/src/rp2_common/pico_stdio/stdio.c.obj
 .text.__wrap_putchar
                0x10003f54       0x98 CMakeFiles/lab5_nosys.dir/Users/KuangYi/Desktop/EmbeddedSystems/pico/pico-sdk/src/rp2_common/pico_stdio/stdio.c.obj
                0x10003f54                __wrap_putchar
 .text.__wrap_puts
                0x10003fec       0xe0 CMakeFiles/lab5_nosys.dir/Users/KuangYi/Desktop/EmbeddedSystems/pico/pico-sdk/src/rp2_common/pico_stdio/stdio.c.obj
                0x10003fec                __wrap_puts
 .text.stdio_set_driver_enabled
                0x100040cc       0x30 CMakeFiles/lab5_nosys.dir/Users/KuangYi/Desktop/EmbeddedSystems/pico/pico-sdk/src/rp2_common/pico_stdio/stdio.c.obj
                0x100040cc                stdio_set_driver_enabled
 .text.__wrap_vprintf
                0x100040fc       0xd4 CMakeFiles/lab5_nosys.dir/Users/KuangYi/Desktop/EmbeddedSystems/pico/pico-sdk/src/rp2_common/pico_stdio/stdio.c.obj
                0x100040fc                __wrap_vprintf
 .text.__wrap_printf
                0x100041d0       0x18 CMakeFiles/lab5_nosys.dir/Users/KuangYi/Desktop/EmbeddedSystems/pico/pico-sdk/src/rp2_common/pico_stdio/stdio.c.obj
                0x100041d0                __wrap_printf
 .text.stdio_init_all
                0x100041e8        0xc CMakeFiles/lab5_nosys.dir/Users/KuangYi/Desktop/EmbeddedSystems/pico/pico-sdk/src/rp2_common/pico_stdio/stdio.c.obj
                0x100041e8                stdio_init_all
 .text.stdio_uart_out_chars
                0x100041f4       0x4c CMakeFiles/lab5_nosys.dir/Users/KuangYi/Desktop/EmbeddedSystems/pico/pico-sdk/src/rp2_common/pico_stdio_uart/stdio_uart.c.obj
 .text.stdio_uart_in_chars
                0x10004240       0x90 CMakeFiles/lab5_nosys.dir/Users/KuangYi/Desktop/EmbeddedSystems/pico/pico-sdk/src/rp2_common/pico_stdio_uart/stdio_uart.c.obj
                0x10004240                stdio_uart_in_chars
 .text.on_uart_rx
                0x100042d0       0x28 CMakeFiles/lab5_nosys.dir/Users/KuangYi/Desktop/EmbeddedSystems/pico/pico-sdk/src/rp2_common/pico_stdio_uart/stdio_uart.c.obj
 .text.stdio_uart_set_chars_available_callback
                0x100042f8       0x8c CMakeFiles/lab5_nosys.dir/Users/KuangYi/Desktop/EmbeddedSystems/pico/pico-sdk/src/rp2_common/pico_stdio_uart/stdio_uart.c.obj
 .text.stdio_uart_init
                0x10004384       0x48 CMakeFiles/lab5_nosys.dir/Users/KuangYi/Desktop/EmbeddedSystems/pico/pico-sdk/src/rp2_common/pico_stdio_uart/stdio_uart.c.obj
                0x10004384                stdio_uart_init
 .text.pvPortMalloc
                0x100043cc      0x17c CMakeFiles/lab5_nosys.dir/Users/KuangYi/Desktop/EmbeddedSystems/pico/FreeRTOS-Kernel/portable/MemMang/heap_4.c.obj
                0x100043cc                pvPortMalloc
 .text.vPortFree
                0x10004548       0x94 CMakeFiles/lab5_nosys.dir/Users/KuangYi/Desktop/EmbeddedSystems/pico/FreeRTOS-Kernel/portable/MemMang/heap_4.c.obj
                0x10004548                vPortFree
 .text.vPortSVCHandler
                0x100045dc        0x4 CMakeFiles/lab5_nosys.dir/Users/KuangYi/Desktop/EmbeddedSystems/pico/FreeRTOS-Kernel/portable/ThirdParty/GCC/RP2040/port.c.obj
                0x100045dc                vPortSVCHandler
 .text.vPortStartFirstTask
                0x100045e0       0x38 CMakeFiles/lab5_nosys.dir/Users/KuangYi/Desktop/EmbeddedSystems/pico/FreeRTOS-Kernel/portable/ThirdParty/GCC/RP2040/port.c.obj
 .text.prvFIFOInterruptHandler
                0x10004618       0x2c CMakeFiles/lab5_nosys.dir/Users/KuangYi/Desktop/EmbeddedSystems/pico/FreeRTOS-Kernel/portable/ThirdParty/GCC/RP2040/port.c.obj
 *fill*         0x10004644        0xc 
 .text.xPortPendSVHandler
                0x10004650       0x78 CMakeFiles/lab5_nosys.dir/Users/KuangYi/Desktop/EmbeddedSystems/pico/FreeRTOS-Kernel/portable/ThirdParty/GCC/RP2040/port.c.obj
                0x10004650                xPortPendSVHandler
 .text.xPortSysTickHandler
                0x100046c8       0x2c CMakeFiles/lab5_nosys.dir/Users/KuangYi/Desktop/EmbeddedSystems/pico/FreeRTOS-Kernel/portable/ThirdParty/GCC/RP2040/port.c.obj
                0x100046c8                xPortSysTickHandler
 .text.prvTaskExitError
                0x100046f4        0x8 CMakeFiles/lab5_nosys.dir/Users/KuangYi/Desktop/EmbeddedSystems/pico/FreeRTOS-Kernel/portable/ThirdParty/GCC/RP2040/port.c.obj
 .text.pxPortInitialiseStack
                0x100046fc       0x20 CMakeFiles/lab5_nosys.dir/Users/KuangYi/Desktop/EmbeddedSystems/pico/FreeRTOS-Kernel/portable/ThirdParty/GCC/RP2040/port.c.obj
                0x100046fc                pxPortInitialiseStack
 .text.vPortYield
                0x1000471c       0x18 CMakeFiles/lab5_nosys.dir/Users/KuangYi/Desktop/EmbeddedSystems/pico/FreeRTOS-Kernel/portable/ThirdParty/GCC/RP2040/port.c.obj
                0x1000471c                vPortYield
 .text.vPortEnableInterrupts
                0x10004734       0x30 CMakeFiles/lab5_nosys.dir/Users/KuangYi/Desktop/EmbeddedSystems/pico/FreeRTOS-Kernel/portable/ThirdParty/GCC/RP2040/port.c.obj
                0x10004734                vPortEnableInterrupts
 .text.vYieldCore
                0x10004764        0xc CMakeFiles/lab5_nosys.dir/Users/KuangYi/Desktop/EmbeddedSystems/pico/FreeRTOS-Kernel/portable/ThirdParty/GCC/RP2040/port.c.obj
                0x10004764                vYieldCore
 .text.vPortSetupTimerInterrupt
                0x10004770       0x34 CMakeFiles/lab5_nosys.dir/Users/KuangYi/Desktop/EmbeddedSystems/pico/FreeRTOS-Kernel/portable/ThirdParty/GCC/RP2040/port.c.obj
                0x10004770                vPortSetupTimerInterrupt
 .text.xPortStartSchedulerOnCore.isra.0
                0x100047a4       0xac CMakeFiles/lab5_nosys.dir/Users/KuangYi/Desktop/EmbeddedSystems/pico/FreeRTOS-Kernel/portable/ThirdParty/GCC/RP2040/port.c.obj
 .text.prvDisableInterruptsAndPortStartSchedulerOnCore
                0x10004850        0xc CMakeFiles/lab5_nosys.dir/Users/KuangYi/Desktop/EmbeddedSystems/pico/FreeRTOS-Kernel/portable/ThirdParty/GCC/RP2040/port.c.obj
 .text.xPortStartScheduler
                0x1000485c       0x28 CMakeFiles/lab5_nosys.dir/Users/KuangYi/Desktop/EmbeddedSystems/pico/FreeRTOS-Kernel/portable/ThirdParty/GCC/RP2040/port.c.obj
                0x1000485c                xPortStartScheduler
 .text.ulPortLockGetCurrentOwnerId
                0x10004884       0x30 CMakeFiles/lab5_nosys.dir/Users/KuangYi/Desktop/EmbeddedSystems/pico/FreeRTOS-Kernel/portable/ThirdParty/GCC/RP2040/port.c.obj
                0x10004884                ulPortLockGetCurrentOwnerId
 .text.vPortLockInternalSpinUnlockWithNotify
                0x100048b4       0x84 CMakeFiles/lab5_nosys.dir/Users/KuangYi/Desktop/EmbeddedSystems/pico/FreeRTOS-Kernel/portable/ThirdParty/GCC/RP2040/port.c.obj
                0x100048b4                vPortLockInternalSpinUnlockWithNotify
 .text.xPortLockInternalSpinUnlockWithBestEffortWaitOrTimeout
                0x10004938       0xec CMakeFiles/lab5_nosys.dir/Users/KuangYi/Desktop/EmbeddedSystems/pico/FreeRTOS-Kernel/portable/ThirdParty/GCC/RP2040/port.c.obj
                0x10004938                xPortLockInternalSpinUnlockWithBestEffortWaitOrTimeout
 .text.startup.prvRuntimeInitializer
                0x10004a24       0x10 CMakeFiles/lab5_nosys.dir/Users/KuangYi/Desktop/EmbeddedSystems/pico/FreeRTOS-Kernel/portable/ThirdParty/GCC/RP2040/port.c.obj
 .text.vEventGroupSetBitsCallback
                0x10004a34       0x90 CMakeFiles/lab5_nosys.dir/Users/KuangYi/Desktop/EmbeddedSystems/pico/FreeRTOS-Kernel/event_groups.c.obj
                0x10004a34                vEventGroupSetBitsCallback
 .text.xEventGroupCreate
                0x10004ac4       0x18 CMakeFiles/lab5_nosys.dir/Users/KuangYi/Desktop/EmbeddedSystems/pico/FreeRTOS-Kernel/event_groups.c.obj
                0x10004ac4                xEventGroupCreate
 .text.xEventGroupWaitBits
                0x10004adc       0xb8 CMakeFiles/lab5_nosys.dir/Users/KuangYi/Desktop/EmbeddedSystems/pico/FreeRTOS-Kernel/event_groups.c.obj
                0x10004adc                xEventGroupWaitBits
 .text.xEventGroupSetBits
                0x10004b94       0x94 CMakeFiles/lab5_nosys.dir/Users/KuangYi/Desktop/EmbeddedSystems/pico/FreeRTOS-Kernel/event_groups.c.obj
                0x10004b94                xEventGroupSetBits
 .text.xEventGroupSetBitsFromISR
                0x10004c28       0x18 CMakeFiles/lab5_nosys.dir/Users/KuangYi/Desktop/EmbeddedSystems/pico/FreeRTOS-Kernel/event_groups.c.obj
                0x10004c28                xEventGroupSetBitsFromISR
 .text.vListInitialise
                0x10004c40       0x18 CMakeFiles/lab5_nosys.dir/Users/KuangYi/Desktop/EmbeddedSystems/pico/FreeRTOS-Kernel/list.c.obj
                0x10004c40                vListInitialise
 .text.vListInitialiseItem
                0x10004c58        0x8 CMakeFiles/lab5_nosys.dir/Users/KuangYi/Desktop/EmbeddedSystems/pico/FreeRTOS-Kernel/list.c.obj
                0x10004c58                vListInitialiseItem
 .text.vListInsertEnd
                0x10004c60       0x18 CMakeFiles/lab5_nosys.dir/Users/KuangYi/Desktop/EmbeddedSystems/pico/FreeRTOS-Kernel/list.c.obj
                0x10004c60                vListInsertEnd
 .text.vListInsert
                0x10004c78       0x30 CMakeFiles/lab5_nosys.dir/Users/KuangYi/Desktop/EmbeddedSystems/pico/FreeRTOS-Kernel/list.c.obj
                0x10004c78                vListInsert
 .text.uxListRemove
                0x10004ca8       0x24 CMakeFiles/lab5_nosys.dir/Users/KuangYi/Desktop/EmbeddedSystems/pico/FreeRTOS-Kernel/list.c.obj
                0x10004ca8                uxListRemove
 .text.prvUnlockQueue
                0x10004ccc      0x180 CMakeFiles/lab5_nosys.dir/Users/KuangYi/Desktop/EmbeddedSystems/pico/FreeRTOS-Kernel/queue.c.obj
 .text.prvNotifyQueueSetContainer
                0x10004e4c       0x88 CMakeFiles/lab5_nosys.dir/Users/KuangYi/Desktop/EmbeddedSystems/pico/FreeRTOS-Kernel/queue.c.obj
 .text.xQueueGenericCreate
                0x10004ed4       0x6c CMakeFiles/lab5_nosys.dir/Users/KuangYi/Desktop/EmbeddedSystems/pico/FreeRTOS-Kernel/queue.c.obj
                0x10004ed4                xQueueGenericCreate
 .text.xQueueGenericSend
                0x10004f40      0x1cc CMakeFiles/lab5_nosys.dir/Users/KuangYi/Desktop/EmbeddedSystems/pico/FreeRTOS-Kernel/queue.c.obj
                0x10004f40                xQueueGenericSend
 .text.xQueueGenericSendFromISR
                0x1000510c      0x124 CMakeFiles/lab5_nosys.dir/Users/KuangYi/Desktop/EmbeddedSystems/pico/FreeRTOS-Kernel/queue.c.obj
                0x1000510c                xQueueGenericSendFromISR
 .text.xQueueReceive
                0x10005230      0x124 CMakeFiles/lab5_nosys.dir/Users/KuangYi/Desktop/EmbeddedSystems/pico/FreeRTOS-Kernel/queue.c.obj
                0x10005230                xQueueReceive
 .text.vQueueAddToRegistry
                0x10005354       0x60 CMakeFiles/lab5_nosys.dir/Users/KuangYi/Desktop/EmbeddedSystems/pico/FreeRTOS-Kernel/queue.c.obj
                0x10005354                vQueueAddToRegistry
 .text.vQueueWaitForMessageRestricted
                0x100053b4       0x48 CMakeFiles/lab5_nosys.dir/Users/KuangYi/Desktop/EmbeddedSystems/pico/FreeRTOS-Kernel/queue.c.obj
                0x100053b4                vQueueWaitForMessageRestricted
 .text.xStreamBufferGenericCreate
                0x100053fc       0x44 CMakeFiles/lab5_nosys.dir/Users/KuangYi/Desktop/EmbeddedSystems/pico/FreeRTOS-Kernel/stream_buffer.c.obj
                0x100053fc                xStreamBufferGenericCreate
 .text.xStreamBufferSend
                0x10005440      0x1b0 CMakeFiles/lab5_nosys.dir/Users/KuangYi/Desktop/EmbeddedSystems/pico/FreeRTOS-Kernel/stream_buffer.c.obj
                0x10005440                xStreamBufferSend
 .text.xStreamBufferReceive
                0x100055f0      0x168 CMakeFiles/lab5_nosys.dir/Users/KuangYi/Desktop/EmbeddedSystems/pico/FreeRTOS-Kernel/stream_buffer.c.obj
                0x100055f0                xStreamBufferReceive
 .text.prvMinimalIdleTask
                0x10005758       0x18 CMakeFiles/lab5_nosys.dir/Users/KuangYi/Desktop/EmbeddedSystems/pico/FreeRTOS-Kernel/tasks.c.obj
 .text.prvAddCurrentTaskToDelayedList
                0x10005770       0xe0 CMakeFiles/lab5_nosys.dir/Users/KuangYi/Desktop/EmbeddedSystems/pico/FreeRTOS-Kernel/tasks.c.obj
 .text.prvCheckForRunStateChange.part.0
                0x10005850      0x194 CMakeFiles/lab5_nosys.dir/Users/KuangYi/Desktop/EmbeddedSystems/pico/FreeRTOS-Kernel/tasks.c.obj
 .text.vTaskSuspendAll.part.0
                0x100059e4       0xf0 CMakeFiles/lab5_nosys.dir/Users/KuangYi/Desktop/EmbeddedSystems/pico/FreeRTOS-Kernel/tasks.c.obj
 .text.prvYieldForTask
                0x10005ad4       0xe0 CMakeFiles/lab5_nosys.dir/Users/KuangYi/Desktop/EmbeddedSystems/pico/FreeRTOS-Kernel/tasks.c.obj
 .text.vTaskSuspendAll
                0x10005bb4      0x100 CMakeFiles/lab5_nosys.dir/Users/KuangYi/Desktop/EmbeddedSystems/pico/FreeRTOS-Kernel/tasks.c.obj
                0x10005bb4                vTaskSuspendAll
 .text.xTaskGetTickCount
                0x10005cb4        0xc CMakeFiles/lab5_nosys.dir/Users/KuangYi/Desktop/EmbeddedSystems/pico/FreeRTOS-Kernel/tasks.c.obj
                0x10005cb4                xTaskGetTickCount
 .text.vTaskSwitchContext
                0x10005cc0      0x340 CMakeFiles/lab5_nosys.dir/Users/KuangYi/Desktop/EmbeddedSystems/pico/FreeRTOS-Kernel/tasks.c.obj
                0x10005cc0                vTaskSwitchContext
 .text.vTaskPlaceOnEventList
                0x10006000       0xe0 CMakeFiles/lab5_nosys.dir/Users/KuangYi/Desktop/EmbeddedSystems/pico/FreeRTOS-Kernel/tasks.c.obj
                0x10006000                vTaskPlaceOnEventList
 .text.vTaskPlaceOnUnorderedEventList
                0x100060e0       0x48 CMakeFiles/lab5_nosys.dir/Users/KuangYi/Desktop/EmbeddedSystems/pico/FreeRTOS-Kernel/tasks.c.obj
                0x100060e0                vTaskPlaceOnUnorderedEventList
 .text.vTaskPlaceOnEventListRestricted
                0x10006128      0x100 CMakeFiles/lab5_nosys.dir/Users/KuangYi/Desktop/EmbeddedSystems/pico/FreeRTOS-Kernel/tasks.c.obj
                0x10006128                vTaskPlaceOnEventListRestricted
 .text.xTaskRemoveFromEventList
                0x10006228      0x154 CMakeFiles/lab5_nosys.dir/Users/KuangYi/Desktop/EmbeddedSystems/pico/FreeRTOS-Kernel/tasks.c.obj
                0x10006228                xTaskRemoveFromEventList
 .text.vTaskSetTimeOutState
                0x1000637c      0x1ec CMakeFiles/lab5_nosys.dir/Users/KuangYi/Desktop/EmbeddedSystems/pico/FreeRTOS-Kernel/tasks.c.obj
                0x1000637c                vTaskSetTimeOutState
 .text.vTaskInternalSetTimeOutState
                0x10006568       0x18 CMakeFiles/lab5_nosys.dir/Users/KuangYi/Desktop/EmbeddedSystems/pico/FreeRTOS-Kernel/tasks.c.obj
                0x10006568                vTaskInternalSetTimeOutState
 .text.xTaskCheckForTimeOut
                0x10006580      0x280 CMakeFiles/lab5_nosys.dir/Users/KuangYi/Desktop/EmbeddedSystems/pico/FreeRTOS-Kernel/tasks.c.obj
                0x10006580                xTaskCheckForTimeOut
 .text.vTaskMissedYield
                0x10006800       0x14 CMakeFiles/lab5_nosys.dir/Users/KuangYi/Desktop/EmbeddedSystems/pico/FreeRTOS-Kernel/tasks.c.obj
                0x10006800                vTaskMissedYield
 .text.xTaskGetCurrentTaskHandle
                0x10006814       0x1c CMakeFiles/lab5_nosys.dir/Users/KuangYi/Desktop/EmbeddedSystems/pico/FreeRTOS-Kernel/tasks.c.obj
                0x10006814                xTaskGetCurrentTaskHandle
 .text.xTaskGetSchedulerState
                0x10006830      0x1ec CMakeFiles/lab5_nosys.dir/Users/KuangYi/Desktop/EmbeddedSystems/pico/FreeRTOS-Kernel/tasks.c.obj
                0x10006830                xTaskGetSchedulerState
 .text.xTaskPriorityDisinherit
                0x10006a1c       0x58 CMakeFiles/lab5_nosys.dir/Users/KuangYi/Desktop/EmbeddedSystems/pico/FreeRTOS-Kernel/tasks.c.obj
                0x10006a1c                xTaskPriorityDisinherit
 .text.vTaskYieldWithinAPI
                0x10006a74       0x34 CMakeFiles/lab5_nosys.dir/Users/KuangYi/Desktop/EmbeddedSystems/pico/FreeRTOS-Kernel/tasks.c.obj
                0x10006a74                vTaskYieldWithinAPI
 .text.vTaskEnterCritical
                0x10006aa8      0x10c CMakeFiles/lab5_nosys.dir/Users/KuangYi/Desktop/EmbeddedSystems/pico/FreeRTOS-Kernel/tasks.c.obj
                0x10006aa8                vTaskEnterCritical
 .text.vTaskExitCritical
                0x10006bb4       0xe4 CMakeFiles/lab5_nosys.dir/Users/KuangYi/Desktop/EmbeddedSystems/pico/FreeRTOS-Kernel/tasks.c.obj
                0x10006bb4                vTaskExitCritical
 .text.prvIdleTask
                0x10006c98      0x188 CMakeFiles/lab5_nosys.dir/Users/KuangYi/Desktop/EmbeddedSystems/pico/FreeRTOS-Kernel/tasks.c.obj
 .text.xTaskCreateAffinitySet
                0x10006e20      0x290 CMakeFiles/lab5_nosys.dir/Users/KuangYi/Desktop/EmbeddedSystems/pico/FreeRTOS-Kernel/tasks.c.obj
                0x10006e20                xTaskCreateAffinitySet
 .text.xTaskCreate
                0x100070b0       0x1c CMakeFiles/lab5_nosys.dir/Users/KuangYi/Desktop/EmbeddedSystems/pico/FreeRTOS-Kernel/tasks.c.obj
                0x100070b0                xTaskCreate
 .text.vTaskStartScheduler
                0x100070cc       0xbc CMakeFiles/lab5_nosys.dir/Users/KuangYi/Desktop/EmbeddedSystems/pico/FreeRTOS-Kernel/tasks.c.obj
                0x100070cc                vTaskStartScheduler
 .text.xTaskIncrementTick
                0x10007188      0x218 CMakeFiles/lab5_nosys.dir/Users/KuangYi/Desktop/EmbeddedSystems/pico/FreeRTOS-Kernel/tasks.c.obj
                0x10007188                xTaskIncrementTick
 .text.xTaskResumeAll.part.0
                0x100073a0      0x118 CMakeFiles/lab5_nosys.dir/Users/KuangYi/Desktop/EmbeddedSystems/pico/FreeRTOS-Kernel/tasks.c.obj
 .text.xTaskResumeAll
                0x100074b8       0x18 CMakeFiles/lab5_nosys.dir/Users/KuangYi/Desktop/EmbeddedSystems/pico/FreeRTOS-Kernel/tasks.c.obj
                0x100074b8                xTaskResumeAll
 .text.vTaskDelay
                0x100074d0       0x70 CMakeFiles/lab5_nosys.dir/Users/KuangYi/Desktop/EmbeddedSystems/pico/FreeRTOS-Kernel/tasks.c.obj
                0x100074d0                vTaskDelay
 .text.vTaskRemoveFromUnorderedEventList
                0x10007540       0x50 CMakeFiles/lab5_nosys.dir/Users/KuangYi/Desktop/EmbeddedSystems/pico/FreeRTOS-Kernel/tasks.c.obj
                0x10007540                vTaskRemoveFromUnorderedEventList
 .text.uxTaskResetEventItemValue
                0x10007590       0x48 CMakeFiles/lab5_nosys.dir/Users/KuangYi/Desktop/EmbeddedSystems/pico/FreeRTOS-Kernel/tasks.c.obj
                0x10007590                uxTaskResetEventItemValue
 .text.xTaskGenericNotifyWait
                0x100075d8      0x138 CMakeFiles/lab5_nosys.dir/Users/KuangYi/Desktop/EmbeddedSystems/pico/FreeRTOS-Kernel/tasks.c.obj
                0x100075d8                xTaskGenericNotifyWait
 .text.xTaskGenericNotify
                0x10007710      0x2e0 CMakeFiles/lab5_nosys.dir/Users/KuangYi/Desktop/EmbeddedSystems/pico/FreeRTOS-Kernel/tasks.c.obj
                0x10007710                xTaskGenericNotify
 .text.xTaskGenericNotifyStateClear
                0x100079f0      0x22c CMakeFiles/lab5_nosys.dir/Users/KuangYi/Desktop/EmbeddedSystems/pico/FreeRTOS-Kernel/tasks.c.obj
                0x100079f0                xTaskGenericNotifyStateClear
 .text.prvSwitchTimerLists
                0x10007c1c       0x94 CMakeFiles/lab5_nosys.dir/Users/KuangYi/Desktop/EmbeddedSystems/pico/FreeRTOS-Kernel/timers.c.obj
 .text.prvTimerTask
                0x10007cb0      0x24c CMakeFiles/lab5_nosys.dir/Users/KuangYi/Desktop/EmbeddedSystems/pico/FreeRTOS-Kernel/timers.c.obj
 .text.xTimerCreateTimerTask
                0x10007efc       0x8c CMakeFiles/lab5_nosys.dir/Users/KuangYi/Desktop/EmbeddedSystems/pico/FreeRTOS-Kernel/timers.c.obj
                0x10007efc                xTimerCreateTimerTask
 .text.xTimerPendFunctionCallFromISR
                0x10007f88       0x28 CMakeFiles/lab5_nosys.dir/Users/KuangYi/Desktop/EmbeddedSystems/pico/FreeRTOS-Kernel/timers.c.obj
                0x10007f88                xTimerPendFunctionCallFromISR
 .text.core1_trampoline
                0x10007fb0        0x4 CMakeFiles/lab5_nosys.dir/Users/KuangYi/Desktop/EmbeddedSystems/pico/pico-sdk/src/rp2_common/pico_multicore/multicore.c.obj
 .text.core1_wrapper
                0x10007fb4        0xc CMakeFiles/lab5_nosys.dir/Users/KuangYi/Desktop/EmbeddedSystems/pico/pico-sdk/src/rp2_common/pico_multicore/multicore.c.obj
                0x10007fb4                core1_wrapper
 .text.multicore_launch_core1_raw
                0x10007fc0       0x84 CMakeFiles/lab5_nosys.dir/Users/KuangYi/Desktop/EmbeddedSystems/pico/pico-sdk/src/rp2_common/pico_multicore/multicore.c.obj
                0x10007fc0                multicore_launch_core1_raw
 .text.multicore_launch_core1
                0x10008044       0x58 CMakeFiles/lab5_nosys.dir/Users/KuangYi/Desktop/EmbeddedSystems/pico/pico-sdk/src/rp2_common/pico_multicore/multicore.c.obj
                0x10008044                multicore_launch_core1
 .text.adc_init
                0x1000809c       0x38 CMakeFiles/lab5_nosys.dir/Users/KuangYi/Desktop/EmbeddedSystems/pico/pico-sdk/src/rp2_common/hardware_adc/adc.c.obj
                0x1000809c                adc_init
 .text.strlen   0x100080d4       0x5c /Applications/ArmGNUToolchain/12.3.rel1/arm-none-eabi/bin/../lib/gcc/arm-none-eabi/12.3.1/../../../../arm-none-eabi/lib/thumb/v6-m/nofp/libc.a(libc_a-strlen-stub.o)
                0x100080d4                strlen
 *(.fini)
 .fini          0x10008130        0x4 /Applications/ArmGNUToolchain/12.3.rel1/arm-none-eabi/bin/../lib/gcc/arm-none-eabi/12.3.1/thumb/v6-m/nofp/crti.o
                0x10008130                _fini
 *fill*         0x10008134        0x4 
 .fini.__stub   0x10008138       0x50 linker stubs
 *crtbegin.o(.ctors)
 *crtbegin?.o(.ctors)
 *(EXCLUDE_FILE(*crtend.o *crtend?.o) .ctors)
 *(SORT_BY_NAME(.ctors.*))
 *(.ctors)
 *crtbegin.o(.dtors)
 *crtbegin?.o(.dtors)
 *(EXCLUDE_FILE(*crtend.o *crtend?.o) .dtors)
 *(SORT_BY_NAME(.dtors.*))
 *(.dtors)
 *(.eh_frame*)
 .eh_frame      0x10008188        0x0 /Applications/ArmGNUToolchain/12.3.rel1/arm-none-eabi/bin/../lib/gcc/arm-none-eabi/12.3.1/thumb/v6-m/nofp/crtbegin.o
                0x10008188                        . = ALIGN (0x4)

.glue_7         0x10008188        0x0
 .glue_7        0x10008188        0x0 linker stubs

.glue_7t        0x10008188        0x0
 .glue_7t       0x10008188        0x0 linker stubs

.vfp11_veneer   0x10008188        0x0
 .vfp11_veneer  0x10008188        0x0 linker stubs

.v4_bx          0x10008188        0x0
 .v4_bx         0x10008188        0x0 linker stubs

.iplt           0x10008188        0x0
 .iplt          0x10008188        0x0 /Applications/ArmGNUToolchain/12.3.rel1/arm-none-eabi/bin/../lib/gcc/arm-none-eabi/12.3.1/thumb/v6-m/nofp/crtbegin.o

.rodata         0x10008188      0x490
 *(EXCLUDE_FILE(*libm.a: *libc.a:*lib_a-mem*.o *libgcc.a:) .rodata*)
 .rodata.printerTask.str1.4
                0x10008188       0xa3 CMakeFiles/lab5_nosys.dir/2201354.c.obj
 *fill*         0x1000822b        0x1 
 .rodata.vLaunch.str1.4
                0x1000822c       0x4a CMakeFiles/lab5_nosys.dir/2201354.c.obj
 *fill*         0x10008276        0x2 
 .rodata.main.str1.4
                0x10008278       0x2c CMakeFiles/lab5_nosys.dir/2201354.c.obj
 .rodata.spin_lock_claim.str1.4
                0x100082a4       0x1f CMakeFiles/lab5_nosys.dir/Users/KuangYi/Desktop/EmbeddedSystems/pico/pico-sdk/src/rp2_common/hardware_sync/sync.c.obj
 *fill*         0x100082c3        0x1 
 .rodata.hardware_alarm_claim.str1.4
                0x100082c4       0x22 CMakeFiles/lab5_nosys.dir/Users/KuangYi/Desktop/EmbeddedSystems/pico/pico-sdk/src/rp2_common/hardware_timer/timer.c.obj
 *fill*         0x100082e6        0x2 
 .rodata.panic.str1.4
                0x100082e8       0x12 CMakeFiles/lab5_nosys.dir/Users/KuangYi/Desktop/EmbeddedSystems/pico/pico-sdk/src/rp2_common/pico_runtime/runtime.c.obj
 *fill*         0x100082fa        0x2 
 .rodata.panic_unsupported.str1.4
                0x100082fc        0xe CMakeFiles/lab5_nosys.dir/Users/KuangYi/Desktop/EmbeddedSystems/pico/pico-sdk/src/rp2_common/pico_runtime/runtime.c.obj
 *fill*         0x1000830a        0x2 
 .rodata.hard_assertion_failure.str1.4
                0x1000830c        0xc CMakeFiles/lab5_nosys.dir/Users/KuangYi/Desktop/EmbeddedSystems/pico/pico-sdk/src/rp2_common/pico_runtime/runtime.c.obj
 .rodata._ftoa.str1.4
                0x10008318       0x15 CMakeFiles/lab5_nosys.dir/Users/KuangYi/Desktop/EmbeddedSystems/pico/pico-sdk/src/rp2_common/pico_printf/printf.c.obj
 *fill*         0x1000832d        0x3 
 .rodata._vsnprintf
                0x10008330      0x19c CMakeFiles/lab5_nosys.dir/Users/KuangYi/Desktop/EmbeddedSystems/pico/pico-sdk/src/rp2_common/pico_printf/printf.c.obj
 *fill*         0x100084cc        0x4 
 .rodata.pow10.0
                0x100084d0       0x50 CMakeFiles/lab5_nosys.dir/Users/KuangYi/Desktop/EmbeddedSystems/pico/pico-sdk/src/rp2_common/pico_printf/printf.c.obj
 .rodata.missing_double_func_shim.str1.4
                0x10008520       0x18 CMakeFiles/lab5_nosys.dir/Users/KuangYi/Desktop/EmbeddedSystems/pico/pico-sdk/src/rp2_common/pico_double/double_init_rom.c.obj
 .rodata.missing_float_func_shim.str1.4
                0x10008538       0x18 CMakeFiles/lab5_nosys.dir/Users/KuangYi/Desktop/EmbeddedSystems/pico/pico-sdk/src/rp2_common/pico_float/float_init_rom.c.obj
                                  0x1 (size before relaxing)
 .rodata.str1.4
                0x10008538       0x40 CMakeFiles/lab5_nosys.dir/Users/KuangYi/Desktop/EmbeddedSystems/pico/pico-sdk/src/rp2_common/pico_standard_link/binary_info.c.obj
 .rodata.__bi_81
                0x10008578        0xc CMakeFiles/lab5_nosys.dir/Users/KuangYi/Desktop/EmbeddedSystems/pico/pico-sdk/src/rp2_common/pico_standard_link/binary_info.c.obj
 .rodata.__bi_75
                0x10008584        0xc CMakeFiles/lab5_nosys.dir/Users/KuangYi/Desktop/EmbeddedSystems/pico/pico-sdk/src/rp2_common/pico_standard_link/binary_info.c.obj
 .rodata.__bi_44
                0x10008590        0xc CMakeFiles/lab5_nosys.dir/Users/KuangYi/Desktop/EmbeddedSystems/pico/pico-sdk/src/rp2_common/pico_standard_link/binary_info.c.obj
 .rodata.crlf_str.0
                0x1000859c        0x2 CMakeFiles/lab5_nosys.dir/Users/KuangYi/Desktop/EmbeddedSystems/pico/pico-sdk/src/rp2_common/pico_stdio/stdio.c.obj
 *fill*         0x1000859e        0x2 
 .rodata.str1.4
                0x100085a0       0x2c CMakeFiles/lab5_nosys.dir/Users/KuangYi/Desktop/EmbeddedSystems/pico/pico-sdk/src/rp2_common/pico_stdio_uart/stdio_uart.c.obj
 .rodata.__bi_33.4
                0x100085cc        0xc CMakeFiles/lab5_nosys.dir/Users/KuangYi/Desktop/EmbeddedSystems/pico/pico-sdk/src/rp2_common/pico_stdio_uart/stdio_uart.c.obj
 .rodata.__bi_34.5
                0x100085d8        0x8 CMakeFiles/lab5_nosys.dir/Users/KuangYi/Desktop/EmbeddedSystems/pico/pico-sdk/src/rp2_common/pico_stdio_uart/stdio_uart.c.obj
 .rodata.prvTimerTask
                0x100085e0       0x28 CMakeFiles/lab5_nosys.dir/Users/KuangYi/Desktop/EmbeddedSystems/pico/FreeRTOS-Kernel/timers.c.obj
 .rodata.xTimerCreateTimerTask.str1.4
                0x10008608       0x10 CMakeFiles/lab5_nosys.dir/Users/KuangYi/Desktop/EmbeddedSystems/pico/FreeRTOS-Kernel/timers.c.obj
                0x10008618                        . = ALIGN (0x4)
 *(SORT_BY_ALIGNMENT(SORT_BY_NAME(.flashdata*)))
                0x10008618                        . = ALIGN (0x4)

.ARM.extab
 *(.ARM.extab* .gnu.linkonce.armextab.*)
                0x10008618                        __exidx_start = .

.ARM.exidx
 *(.ARM.exidx* .gnu.linkonce.armexidx.*)
                0x10008618                        __exidx_end = .
                0x10008618                        . = ALIGN (0x4)
                0x10008618                        __binary_info_start = .

.binary_info    0x10008618       0x24
 *(.binary_info.keep.*)
 .binary_info.keep.__bi_ptr81
                0x10008618        0x4 CMakeFiles/lab5_nosys.dir/Users/KuangYi/Desktop/EmbeddedSystems/pico/pico-sdk/src/rp2_common/pico_standard_link/binary_info.c.obj
 .binary_info.keep.__bi_ptr75
                0x1000861c        0x4 CMakeFiles/lab5_nosys.dir/Users/KuangYi/Desktop/EmbeddedSystems/pico/pico-sdk/src/rp2_common/pico_standard_link/binary_info.c.obj
 .binary_info.keep.__bi_ptr50
                0x10008620        0x4 CMakeFiles/lab5_nosys.dir/Users/KuangYi/Desktop/EmbeddedSystems/pico/pico-sdk/src/rp2_common/pico_standard_link/binary_info.c.obj
 .binary_info.keep.__bi_ptr44
                0x10008624        0x4 CMakeFiles/lab5_nosys.dir/Users/KuangYi/Desktop/EmbeddedSystems/pico/pico-sdk/src/rp2_common/pico_standard_link/binary_info.c.obj
 .binary_info.keep.__bi_ptr38
                0x10008628        0x4 CMakeFiles/lab5_nosys.dir/Users/KuangYi/Desktop/EmbeddedSystems/pico/pico-sdk/src/rp2_common/pico_standard_link/binary_info.c.obj
 .binary_info.keep.__bi_ptr30
                0x1000862c        0x4 CMakeFiles/lab5_nosys.dir/Users/KuangYi/Desktop/EmbeddedSystems/pico/pico-sdk/src/rp2_common/pico_standard_link/binary_info.c.obj
 .binary_info.keep.__bi_ptr22
                0x10008630        0x4 CMakeFiles/lab5_nosys.dir/Users/KuangYi/Desktop/EmbeddedSystems/pico/pico-sdk/src/rp2_common/pico_standard_link/binary_info.c.obj
 *(.binary_info.*)
 .binary_info.__bi_ptr34
                0x10008634        0x4 CMakeFiles/lab5_nosys.dir/Users/KuangYi/Desktop/EmbeddedSystems/pico/pico-sdk/src/rp2_common/pico_stdio_uart/stdio_uart.c.obj
 .binary_info.__bi_ptr33
                0x10008638        0x4 CMakeFiles/lab5_nosys.dir/Users/KuangYi/Desktop/EmbeddedSystems/pico/pico-sdk/src/rp2_common/pico_stdio_uart/stdio_uart.c.obj
                0x1000863c                        __binary_info_end = .

.rel.dyn        0x1000863c        0x0
 .rel.iplt      0x1000863c        0x0 /Applications/ArmGNUToolchain/12.3.rel1/arm-none-eabi/bin/../lib/gcc/arm-none-eabi/12.3.1/thumb/v6-m/nofp/crtbegin.o
                0x1000863c                        . = ALIGN (0x4)

.ram_vector_table
                0x20000000       0xc0
 *(.ram_vector_table)
 .ram_vector_table
                0x20000000       0xc0 CMakeFiles/lab5_nosys.dir/Users/KuangYi/Desktop/EmbeddedSystems/pico/pico-sdk/src/rp2_common/pico_runtime/runtime.c.obj
                0x20000000                ram_vector_table

.data           0x200000c0      0x30c load address 0x1000863c
                0x200000c0                        __data_start__ = .
 *(vtable)
 *(.time_critical*)
 .time_critical.flash_init_boot2_copyout
                0x200000c0       0x30 CMakeFiles/lab5_nosys.dir/Users/KuangYi/Desktop/EmbeddedSystems/pico/pico-sdk/src/rp2_common/hardware_flash/flash.c.obj
 .time_critical.flash_enable_xip_via_boot2
                0x200000f0        0xc CMakeFiles/lab5_nosys.dir/Users/KuangYi/Desktop/EmbeddedSystems/pico/pico-sdk/src/rp2_common/hardware_flash/flash.c.obj
 .time_critical.flash_cs_force
                0x200000fc       0x38 CMakeFiles/lab5_nosys.dir/Users/KuangYi/Desktop/EmbeddedSystems/pico/pico-sdk/src/rp2_common/hardware_flash/flash.c.obj
 .time_critical.flash_do_cmd
                0x20000134       0xc0 CMakeFiles/lab5_nosys.dir/Users/KuangYi/Desktop/EmbeddedSystems/pico/pico-sdk/src/rp2_common/hardware_flash/flash.c.obj
                0x20000134                flash_do_cmd
 .time_critical.mutex_try_enter_block_until
                0x200001f4       0xa0 CMakeFiles/lab5_nosys.dir/Users/KuangYi/Desktop/EmbeddedSystems/pico/pico-sdk/src/common/pico_sync/mutex.c.obj
                0x200001f4                mutex_try_enter_block_until
 .time_critical.mutex_exit
                0x20000294       0x20 CMakeFiles/lab5_nosys.dir/Users/KuangYi/Desktop/EmbeddedSystems/pico/pico-sdk/src/common/pico_sync/mutex.c.obj
                0x20000294                mutex_exit
 *(.text*)
 .text          0x200002b4        0x4 /Applications/ArmGNUToolchain/12.3.rel1/arm-none-eabi/bin/../lib/gcc/arm-none-eabi/12.3.1/thumb/v6-m/nofp/libgcc.a(_dvmd_tls.o)
                0x200002b4                __aeabi_ldiv0
                0x200002b4                __aeabi_idiv0
 .text.__stub   0x200002b8       0x30 linker stubs
                0x200002e8                        . = ALIGN (0x4)
 *(.rodata*)
                0x200002e8                        . = ALIGN (0x4)
 *(.data*)
 .data.striped_spin_lock_num
                0x200002e8        0x1 CMakeFiles/lab5_nosys.dir/Users/KuangYi/Desktop/EmbeddedSystems/pico/pico-sdk/src/rp2_common/hardware_sync/sync.c.obj
 *fill*         0x200002e9        0x3 
 .data          0x200002ec       0x48 CMakeFiles/lab5_nosys.dir/Users/KuangYi/Desktop/EmbeddedSystems/pico/pico-sdk/src/rp2_common/hardware_irq/irq_handler_chain.S.obj
                0x200002ec                irq_handler_chain_slots
                0x2000031c                irq_handler_chain_first_slot
                0x20000326                irq_handler_chain_remove_tail
 .data.default_alarm_pool
                0x20000334       0x18 CMakeFiles/lab5_nosys.dir/Users/KuangYi/Desktop/EmbeddedSystems/pico/pico-sdk/src/common/pico_time/time.c.obj
 .data.default_alarm_pool_heap
                0x2000034c       0x10 CMakeFiles/lab5_nosys.dir/Users/KuangYi/Desktop/EmbeddedSystems/pico/pico-sdk/src/common/pico_time/time.c.obj
 *fill*         0x2000035c        0x4 
 .data.aeabi_bits_funcs
                0x20000360       0x10 CMakeFiles/lab5_nosys.dir/Users/KuangYi/Desktop/EmbeddedSystems/pico/pico-sdk/src/rp2_common/pico_bit_ops/bit_ops_aeabi.S.obj
                0x20000360                aeabi_bits_funcs
                0x20000370                aeabi_bits_funcs_end
 .data.aeabi_mem_funcs
                0x20000370       0x10 CMakeFiles/lab5_nosys.dir/Users/KuangYi/Desktop/EmbeddedSystems/pico/pico-sdk/src/rp2_common/pico_mem_ops/mem_ops_aeabi.S.obj
                0x20000370                aeabi_mem_funcs
                0x20000380                aeabi_mem_funcs_end
 .data.stdio_uart
                0x20000380       0x18 CMakeFiles/lab5_nosys.dir/Users/KuangYi/Desktop/EmbeddedSystems/pico/pico-sdk/src/rp2_common/pico_stdio_uart/stdio_uart.c.obj
                0x20000380                stdio_uart
 .data.ucPrimaryCoreNum
                0x20000398        0x1 CMakeFiles/lab5_nosys.dir/Users/KuangYi/Desktop/EmbeddedSystems/pico/FreeRTOS-Kernel/portable/ThirdParty/GCC/RP2040/port.c.obj
 *fill*         0x20000399        0x3 
 .data.uxTopUsedPriority
                0x2000039c        0x4 CMakeFiles/lab5_nosys.dir/Users/KuangYi/Desktop/EmbeddedSystems/pico/FreeRTOS-Kernel/tasks.c.obj
                0x2000039c                uxTopUsedPriority
                0x200003a0                        . = ALIGN (0x4)
 *(.after_data.*)
                0x200003a0                        . = ALIGN (0x4)
                0x200003a0                        PROVIDE (__mutex_array_start = .)
 *(SORT_BY_NAME(.mutex_array.*))
 *(.mutex_array)
 .mutex_array   0x200003a0        0x8 CMakeFiles/lab5_nosys.dir/Users/KuangYi/Desktop/EmbeddedSystems/pico/pico-sdk/src/rp2_common/pico_malloc/pico_malloc.c.obj
 .mutex_array   0x200003a8        0x8 CMakeFiles/lab5_nosys.dir/Users/KuangYi/Desktop/EmbeddedSystems/pico/pico-sdk/src/rp2_common/pico_stdio/stdio.c.obj
                0x200003b0                        PROVIDE (__mutex_array_end = .)
                0x200003b0                        . = ALIGN (0x4)
                0x200003b0                        PROVIDE (__preinit_array_start = .)
 *(SORT_BY_NAME(.preinit_array.*))
 .preinit_array.00001
                0x200003b0        0x4 CMakeFiles/lab5_nosys.dir/Users/KuangYi/Desktop/EmbeddedSystems/pico/pico-sdk/src/rp2_common/pico_mem_ops/mem_ops_aeabi.S.obj
 .preinit_array.00010
                0x200003b4        0x4 CMakeFiles/lab5_nosys.dir/Users/KuangYi/Desktop/EmbeddedSystems/pico/pico-sdk/src/rp2_common/pico_bit_ops/bit_ops_aeabi.S.obj
 .preinit_array.00020
                0x200003b8        0x4 CMakeFiles/lab5_nosys.dir/Users/KuangYi/Desktop/EmbeddedSystems/pico/pico-sdk/src/rp2_common/pico_double/double_aeabi.S.obj
 .preinit_array.00020
                0x200003bc        0x4 CMakeFiles/lab5_nosys.dir/Users/KuangYi/Desktop/EmbeddedSystems/pico/pico-sdk/src/rp2_common/pico_float/float_aeabi.S.obj
 *(.preinit_array)
                0x200003c0                        PROVIDE (__preinit_array_end = .)
                0x200003c0                        . = ALIGN (0x4)
                0x200003c0                        PROVIDE (__init_array_start = .)
 *(SORT_BY_NAME(.init_array.*))
 *(.init_array)
 .init_array    0x200003c0        0x4 /Applications/ArmGNUToolchain/12.3.rel1/arm-none-eabi/bin/../lib/gcc/arm-none-eabi/12.3.1/thumb/v6-m/nofp/crtbegin.o
 .init_array    0x200003c4        0x4 CMakeFiles/lab5_nosys.dir/Users/KuangYi/Desktop/EmbeddedSystems/pico/pico-sdk/src/rp2_common/pico_unique_id/unique_id.c.obj
 .init_array    0x200003c8        0x4 CMakeFiles/lab5_nosys.dir/Users/KuangYi/Desktop/EmbeddedSystems/pico/FreeRTOS-Kernel/portable/ThirdParty/GCC/RP2040/port.c.obj
                0x200003cc                        PROVIDE (__init_array_end = .)
                0x200003cc                        . = ALIGN (0x4)
                [!provide]                        PROVIDE (__fini_array_start = .)
 *(SORT_BY_NAME(.fini_array.*))
 *(.fini_array)
                [!provide]                        PROVIDE (__fini_array_end = .)
 *(.jcr)
                0x200003cc                        . = ALIGN (0x4)
                0x200003cc                        __data_end__ = .
                0x1000863c                        __etext = LOADADDR (.data)

.tm_clone_table
                0x200003cc        0x0 load address 0x10008948
 .tm_clone_table
                0x200003cc        0x0 /Applications/ArmGNUToolchain/12.3.rel1/arm-none-eabi/bin/../lib/gcc/arm-none-eabi/12.3.1/thumb/v6-m/nofp/crtbegin.o
 .tm_clone_table
                0x200003cc        0x0 /Applications/ArmGNUToolchain/12.3.rel1/arm-none-eabi/bin/../lib/gcc/arm-none-eabi/12.3.1/thumb/v6-m/nofp/crtend.o

.igot.plt       0x200003cc        0x0 load address 0x10008948
 .igot.plt      0x200003cc        0x0 /Applications/ArmGNUToolchain/12.3.rel1/arm-none-eabi/bin/../lib/gcc/arm-none-eabi/12.3.1/thumb/v6-m/nofp/crtbegin.o

.uninitialized_data
                0x200003cc        0x0 load address 0x10008948
                0x200003cc                        . = ALIGN (0x4)
 *(.uninitialized_data*)

.scratch_x      0x20040000        0x0 load address 0x10008948
                0x20040000                        __scratch_x_start__ = .
 *(.scratch_x.*)
                0x20040000                        . = ALIGN (0x4)
                0x20040000                        __scratch_x_end__ = .
                0x10008948                        __scratch_x_source__ = LOADADDR (.scratch_x)

.scratch_y      0x20041000        0x0 load address 0x10008948
                0x20041000                        __scratch_y_start__ = .
 *(.scratch_y.*)
                0x20041000                        . = ALIGN (0x4)
                0x20041000                        __scratch_y_end__ = .
                0x10008948                        __scratch_y_source__ = LOADADDR (.scratch_y)

.bss            0x200003d0    0x2090c
                0x200003d0                        . = ALIGN (0x4)
                0x200003d0                        __bss_start__ = .
 *(SORT_BY_ALIGNMENT(SORT_BY_NAME(.bss*)))
 .bss.configured_freq
                0x200003d0       0x28 CMakeFiles/lab5_nosys.dir/Users/KuangYi/Desktop/EmbeddedSystems/pico/pico-sdk/src/rp2_common/hardware_clocks/clocks.c.obj
 .bss.default_alarm_pool_entries
                0x200003f8      0x100 CMakeFiles/lab5_nosys.dir/Users/KuangYi/Desktop/EmbeddedSystems/pico/pico-sdk/src/common/pico_time/time.c.obj
 .bss.sd_table  0x200004f8      0x100 CMakeFiles/lab5_nosys.dir/Users/KuangYi/Desktop/EmbeddedSystems/pico/pico-sdk/src/rp2_common/pico_double/double_init_rom.c.obj
                0x200004f8                sd_table
 .bss.xQueueRegistry
                0x200005f8       0x40 CMakeFiles/lab5_nosys.dir/Users/KuangYi/Desktop/EmbeddedSystems/pico/FreeRTOS-Kernel/queue.c.obj
                0x200005f8                xQueueRegistry
 .bss.alarm_callbacks
                0x20000638       0x10 CMakeFiles/lab5_nosys.dir/Users/KuangYi/Desktop/EmbeddedSystems/pico/pico-sdk/src/rp2_common/hardware_timer/timer.c.obj
 .bss.boot2_copyout
                0x20000648      0x100 CMakeFiles/lab5_nosys.dir/Users/KuangYi/Desktop/EmbeddedSystems/pico/pico-sdk/src/rp2_common/hardware_flash/flash.c.obj
 .bss.chars_available_callback
                0x20000748        0x4 CMakeFiles/lab5_nosys.dir/Users/KuangYi/Desktop/EmbeddedSystems/pico/pico-sdk/src/rp2_common/pico_stdio_uart/stdio_uart.c.obj
 .bss.chars_available_param
                0x2000074c        0x4 CMakeFiles/lab5_nosys.dir/Users/KuangYi/Desktop/EmbeddedSystems/pico/pico-sdk/src/rp2_common/pico_stdio_uart/stdio_uart.c.obj
 .bss.claimed   0x20000750        0x4 CMakeFiles/lab5_nosys.dir/Users/KuangYi/Desktop/EmbeddedSystems/pico/pico-sdk/src/rp2_common/hardware_sync/sync.c.obj
 .bss.count.0   0x20000754        0x4 CMakeFiles/lab5_nosys.dir/2201354.c.obj
 .bss.count.1   0x20000758        0x4 CMakeFiles/lab5_nosys.dir/2201354.c.obj
 .bss.data.2    0x2000075c       0x28 CMakeFiles/lab5_nosys.dir/2201354.c.obj
 .bss.default_alarm_pool_entry_ids_high
                0x20000784       0x10 CMakeFiles/lab5_nosys.dir/Users/KuangYi/Desktop/EmbeddedSystems/pico/pico-sdk/src/common/pico_time/time.c.obj
 .bss.default_alarm_pool_heap_nodes
                0x20000794       0x30 CMakeFiles/lab5_nosys.dir/Users/KuangYi/Desktop/EmbeddedSystems/pico/pico-sdk/src/common/pico_time/time.c.obj
 .bss.drivers   0x200007c4        0x4 CMakeFiles/lab5_nosys.dir/Users/KuangYi/Desktop/EmbeddedSystems/pico/pico-sdk/src/rp2_common/pico_stdio/stdio.c.obj
 .bss.filter    0x200007c8        0x4 CMakeFiles/lab5_nosys.dir/Users/KuangYi/Desktop/EmbeddedSystems/pico/pico-sdk/src/rp2_common/pico_stdio/stdio.c.obj
 .bss.index.3   0x200007cc        0x4 CMakeFiles/lab5_nosys.dir/2201354.c.obj
 .bss.lazy_vsnprintf
                0x200007d0        0x4 CMakeFiles/lab5_nosys.dir/Users/KuangYi/Desktop/EmbeddedSystems/pico/pico-sdk/src/rp2_common/pico_printf/printf.c.obj
 .bss.movingAverageBufferPrint
                0x200007d4        0x4 CMakeFiles/lab5_nosys.dir/2201354.c.obj
 .bss.object.0  0x200007d8       0x18 /Applications/ArmGNUToolchain/12.3.rel1/arm-none-eabi/bin/../lib/gcc/arm-none-eabi/12.3.1/thumb/v6-m/nofp/crtbegin.o
 .bss.pools     0x200007f0       0x10 CMakeFiles/lab5_nosys.dir/Users/KuangYi/Desktop/EmbeddedSystems/pico/pico-sdk/src/common/pico_time/time.c.obj
 .bss.pxCurrentTCBs
                0x20000800        0x8 CMakeFiles/lab5_nosys.dir/Users/KuangYi/Desktop/EmbeddedSystems/pico/FreeRTOS-Kernel/tasks.c.obj
                0x20000800                pxCurrentTCBs
 .bss.pxCurrentTimerList
                0x20000808        0x4 CMakeFiles/lab5_nosys.dir/Users/KuangYi/Desktop/EmbeddedSystems/pico/FreeRTOS-Kernel/timers.c.obj
 .bss.pxDelayedTaskList
                0x2000080c        0x4 CMakeFiles/lab5_nosys.dir/Users/KuangYi/Desktop/EmbeddedSystems/pico/FreeRTOS-Kernel/tasks.c.obj
 .bss.pxEnd     0x20000810        0x4 CMakeFiles/lab5_nosys.dir/Users/KuangYi/Desktop/EmbeddedSystems/pico/FreeRTOS-Kernel/portable/MemMang/heap_4.c.obj
 .bss.pxOverflowDelayedTaskList
                0x20000814        0x4 CMakeFiles/lab5_nosys.dir/Users/KuangYi/Desktop/EmbeddedSystems/pico/FreeRTOS-Kernel/tasks.c.obj
 .bss.pxOverflowTimerList
                0x20000818        0x4 CMakeFiles/lab5_nosys.dir/Users/KuangYi/Desktop/EmbeddedSystems/pico/FreeRTOS-Kernel/timers.c.obj
 .bss.pxReadyTasksLists
                0x2000081c      0x280 CMakeFiles/lab5_nosys.dir/Users/KuangYi/Desktop/EmbeddedSystems/pico/FreeRTOS-Kernel/tasks.c.obj
 .bss.pxYieldSpinLock
                0x20000a9c        0x8 CMakeFiles/lab5_nosys.dir/Users/KuangYi/Desktop/EmbeddedSystems/pico/FreeRTOS-Kernel/portable/ThirdParty/GCC/RP2040/port.c.obj
 .bss.retrieved_id
                0x20000aa4        0x8 CMakeFiles/lab5_nosys.dir/Users/KuangYi/Desktop/EmbeddedSystems/pico/pico-sdk/src/rp2_common/pico_unique_id/unique_id.c.obj
 .bss.sf_clz_func
                0x20000aac        0x4 CMakeFiles/lab5_nosys.dir/Users/KuangYi/Desktop/EmbeddedSystems/pico/pico-sdk/src/rp2_common/pico_double/double_init_rom.c.obj
                0x20000aac                sf_clz_func
 .bss.sf_table  0x20000ab0      0x100 CMakeFiles/lab5_nosys.dir/Users/KuangYi/Desktop/EmbeddedSystems/pico/pico-sdk/src/rp2_common/pico_float/float_init_rom.c.obj
                0x20000ab0                sf_table
 .bss.simpleAverageBufferPrint
                0x20000bb0        0x4 CMakeFiles/lab5_nosys.dir/2201354.c.obj
 .bss.sleep_notifier
                0x20000bb4        0x4 CMakeFiles/lab5_nosys.dir/Users/KuangYi/Desktop/EmbeddedSystems/pico/pico-sdk/src/common/pico_time/time.c.obj
 .bss.target_hi
                0x20000bb8       0x10 CMakeFiles/lab5_nosys.dir/Users/KuangYi/Desktop/EmbeddedSystems/pico/pico-sdk/src/rp2_common/hardware_timer/timer.c.obj
 .bss.temperatureToMovingTask
                0x20000bc8        0x4 CMakeFiles/lab5_nosys.dir/2201354.c.obj
 .bss.temperatureToSimpleTask
                0x20000bcc        0x4 CMakeFiles/lab5_nosys.dir/2201354.c.obj
 .bss.uart_char_to_line_feed
                0x20000bd0        0x4 CMakeFiles/lab5_nosys.dir/Users/KuangYi/Desktop/EmbeddedSystems/pico/pico-sdk/src/rp2_common/hardware_uart/uart.c.obj
                0x20000bd0                uart_char_to_line_feed
 .bss.uart_instance
                0x20000bd4        0x4 CMakeFiles/lab5_nosys.dir/Users/KuangYi/Desktop/EmbeddedSystems/pico/pico-sdk/src/rp2_common/pico_stdio_uart/stdio_uart.c.obj
 .bss.ucHeap    0x20000bd8    0x20000 CMakeFiles/lab5_nosys.dir/Users/KuangYi/Desktop/EmbeddedSystems/pico/FreeRTOS-Kernel/portable/MemMang/heap_4.c.obj
 .bss.ucOwnedByCore.1
                0x20020bd8        0x2 CMakeFiles/lab5_nosys.dir/Users/KuangYi/Desktop/EmbeddedSystems/pico/FreeRTOS-Kernel/tasks.c.obj
 *fill*         0x20020bda        0x2 
 .bss.ucRecursionCountByLock.0
                0x20020bdc        0x2 CMakeFiles/lab5_nosys.dir/Users/KuangYi/Desktop/EmbeddedSystems/pico/FreeRTOS-Kernel/tasks.c.obj
 *fill*         0x20020bde        0x2 
 .bss.ulYieldSpinLockSaveValue
                0x20020be0        0x8 CMakeFiles/lab5_nosys.dir/Users/KuangYi/Desktop/EmbeddedSystems/pico/FreeRTOS-Kernel/portable/ThirdParty/GCC/RP2040/port.c.obj
 .bss.uxCurrentNumberOfTasks
                0x20020be8        0x4 CMakeFiles/lab5_nosys.dir/Users/KuangYi/Desktop/EmbeddedSystems/pico/FreeRTOS-Kernel/tasks.c.obj
 .bss.uxDeletedTasksWaitingCleanUp
                0x20020bec        0x4 CMakeFiles/lab5_nosys.dir/Users/KuangYi/Desktop/EmbeddedSystems/pico/FreeRTOS-Kernel/tasks.c.obj
 .bss.uxSchedulerSuspended
                0x20020bf0        0x4 CMakeFiles/lab5_nosys.dir/Users/KuangYi/Desktop/EmbeddedSystems/pico/FreeRTOS-Kernel/tasks.c.obj
 .bss.uxTaskNumber
                0x20020bf4        0x4 CMakeFiles/lab5_nosys.dir/Users/KuangYi/Desktop/EmbeddedSystems/pico/FreeRTOS-Kernel/tasks.c.obj
 .bss.uxTopReadyPriority
                0x20020bf8        0x4 CMakeFiles/lab5_nosys.dir/Users/KuangYi/Desktop/EmbeddedSystems/pico/FreeRTOS-Kernel/tasks.c.obj
 .bss.xActiveTimerList1
                0x20020bfc       0x14 CMakeFiles/lab5_nosys.dir/Users/KuangYi/Desktop/EmbeddedSystems/pico/FreeRTOS-Kernel/timers.c.obj
 .bss.xActiveTimerList2
                0x20020c10       0x14 CMakeFiles/lab5_nosys.dir/Users/KuangYi/Desktop/EmbeddedSystems/pico/FreeRTOS-Kernel/timers.c.obj
 .bss.xBlockAllocatedBit
                0x20020c24        0x4 CMakeFiles/lab5_nosys.dir/Users/KuangYi/Desktop/EmbeddedSystems/pico/FreeRTOS-Kernel/portable/MemMang/heap_4.c.obj
 .bss.xDelayedTaskList1
                0x20020c28       0x14 CMakeFiles/lab5_nosys.dir/Users/KuangYi/Desktop/EmbeddedSystems/pico/FreeRTOS-Kernel/tasks.c.obj
 .bss.xDelayedTaskList2
                0x20020c3c       0x14 CMakeFiles/lab5_nosys.dir/Users/KuangYi/Desktop/EmbeddedSystems/pico/FreeRTOS-Kernel/tasks.c.obj
 .bss.xEventGroup
                0x20020c50        0x4 CMakeFiles/lab5_nosys.dir/Users/KuangYi/Desktop/EmbeddedSystems/pico/FreeRTOS-Kernel/portable/ThirdParty/GCC/RP2040/port.c.obj
 .bss.xFreeBytesRemaining
                0x20020c54        0x4 CMakeFiles/lab5_nosys.dir/Users/KuangYi/Desktop/EmbeddedSystems/pico/FreeRTOS-Kernel/portable/MemMang/heap_4.c.obj
 .bss.xIdleTaskHandle
                0x20020c58        0x8 CMakeFiles/lab5_nosys.dir/Users/KuangYi/Desktop/EmbeddedSystems/pico/FreeRTOS-Kernel/tasks.c.obj
 .bss.xLastTime.0
                0x20020c60        0x4 CMakeFiles/lab5_nosys.dir/Users/KuangYi/Desktop/EmbeddedSystems/pico/FreeRTOS-Kernel/timers.c.obj
 .bss.xMinimumEverFreeBytesRemaining
                0x20020c64        0x4 CMakeFiles/lab5_nosys.dir/Users/KuangYi/Desktop/EmbeddedSystems/pico/FreeRTOS-Kernel/portable/MemMang/heap_4.c.obj
 .bss.xNextTaskUnblockTime
                0x20020c68        0x4 CMakeFiles/lab5_nosys.dir/Users/KuangYi/Desktop/EmbeddedSystems/pico/FreeRTOS-Kernel/tasks.c.obj
 .bss.xNumOfOverflows
                0x20020c6c        0x4 CMakeFiles/lab5_nosys.dir/Users/KuangYi/Desktop/EmbeddedSystems/pico/FreeRTOS-Kernel/tasks.c.obj
 .bss.xNumberOfSuccessfulAllocations
                0x20020c70        0x4 CMakeFiles/lab5_nosys.dir/Users/KuangYi/Desktop/EmbeddedSystems/pico/FreeRTOS-Kernel/portable/MemMang/heap_4.c.obj
 .bss.xNumberOfSuccessfulFrees
                0x20020c74        0x4 CMakeFiles/lab5_nosys.dir/Users/KuangYi/Desktop/EmbeddedSystems/pico/FreeRTOS-Kernel/portable/MemMang/heap_4.c.obj
 .bss.xPendedTicks
                0x20020c78        0x4 CMakeFiles/lab5_nosys.dir/Users/KuangYi/Desktop/EmbeddedSystems/pico/FreeRTOS-Kernel/tasks.c.obj
 .bss.xPendingReadyList
                0x20020c7c       0x14 CMakeFiles/lab5_nosys.dir/Users/KuangYi/Desktop/EmbeddedSystems/pico/FreeRTOS-Kernel/tasks.c.obj
 .bss.xSchedulerRunning
                0x20020c90        0x4 CMakeFiles/lab5_nosys.dir/Users/KuangYi/Desktop/EmbeddedSystems/pico/FreeRTOS-Kernel/tasks.c.obj
 .bss.xStart    0x20020c94        0x8 CMakeFiles/lab5_nosys.dir/Users/KuangYi/Desktop/EmbeddedSystems/pico/FreeRTOS-Kernel/portable/MemMang/heap_4.c.obj
 .bss.xSuspendedTaskList
                0x20020c9c       0x14 CMakeFiles/lab5_nosys.dir/Users/KuangYi/Desktop/EmbeddedSystems/pico/FreeRTOS-Kernel/tasks.c.obj
 .bss.xTasksWaitingTermination
                0x20020cb0       0x14 CMakeFiles/lab5_nosys.dir/Users/KuangYi/Desktop/EmbeddedSystems/pico/FreeRTOS-Kernel/tasks.c.obj
 .bss.xTickCount
                0x20020cc4        0x4 CMakeFiles/lab5_nosys.dir/Users/KuangYi/Desktop/EmbeddedSystems/pico/FreeRTOS-Kernel/tasks.c.obj
 .bss.xTimerQueue
                0x20020cc8        0x4 CMakeFiles/lab5_nosys.dir/Users/KuangYi/Desktop/EmbeddedSystems/pico/FreeRTOS-Kernel/timers.c.obj
 .bss.xTimerTaskHandle
                0x20020ccc        0x4 CMakeFiles/lab5_nosys.dir/Users/KuangYi/Desktop/EmbeddedSystems/pico/FreeRTOS-Kernel/timers.c.obj
 .bss.xYieldPendings
                0x20020cd0        0x8 CMakeFiles/lab5_nosys.dir/Users/KuangYi/Desktop/EmbeddedSystems/pico/FreeRTOS-Kernel/tasks.c.obj
 .bss.boot2_copyout_valid
                0x20020cd8        0x1 CMakeFiles/lab5_nosys.dir/Users/KuangYi/Desktop/EmbeddedSystems/pico/pico-sdk/src/rp2_common/hardware_flash/flash.c.obj
 .bss.claimed   0x20020cd9        0x1 CMakeFiles/lab5_nosys.dir/Users/KuangYi/Desktop/EmbeddedSystems/pico/pico-sdk/src/rp2_common/hardware_timer/timer.c.obj
 .bss.irq_hander_chain_free_slot_head
                0x20020cda        0x1 CMakeFiles/lab5_nosys.dir/Users/KuangYi/Desktop/EmbeddedSystems/pico/pico-sdk/src/rp2_common/hardware_irq/irq.c.obj
 .bss.timer_callbacks_pending
                0x20020cdb        0x1 CMakeFiles/lab5_nosys.dir/Users/KuangYi/Desktop/EmbeddedSystems/pico/pico-sdk/src/rp2_common/hardware_timer/timer.c.obj
 *(COMMON)
                0x20020cdc                        . = ALIGN (0x4)
                0x20020cdc                        __bss_end__ = .

.heap           0x20020cdc      0x800
                0x20020cdc                        __end__ = .
                0x20020cdc                        end = __end__
 *(.heap*)
 .heap          0x20020cdc      0x800 CMakeFiles/lab5_nosys.dir/Users/KuangYi/Desktop/EmbeddedSystems/pico/pico-sdk/src/rp2_common/pico_standard_link/crt0.S.obj
                0x200214dc                        __HeapLimit = .

.stack1_dummy   0x20040000      0x800
 *(.stack1*)
 .stack1        0x20040000      0x800 CMakeFiles/lab5_nosys.dir/Users/KuangYi/Desktop/EmbeddedSystems/pico/pico-sdk/src/rp2_common/pico_multicore/multicore.c.obj

.stack_dummy    0x20041000      0x800
 *(.stack*)
 .stack         0x20041000      0x800 CMakeFiles/lab5_nosys.dir/Users/KuangYi/Desktop/EmbeddedSystems/pico/pico-sdk/src/rp2_common/pico_standard_link/crt0.S.obj

.flash_end      0x10008948        0x0
                0x10008948                        PROVIDE (__flash_binary_end = .)
                0x20040000                        __StackLimit = (ORIGIN (RAM) + LENGTH (RAM))
                0x20041000                        __StackOneTop = (ORIGIN (SCRATCH_X) + LENGTH (SCRATCH_X))
                0x20042000                        __StackTop = (ORIGIN (SCRATCH_Y) + LENGTH (SCRATCH_Y))
                0x20040800                        __StackOneBottom = (__StackOneTop - SIZEOF (.stack1_dummy))
                0x20041800                        __StackBottom = (__StackTop - SIZEOF (.stack_dummy))
                0x20042000                        PROVIDE (__stack = __StackTop)
                0x00000001                        ASSERT ((__StackLimit >= __HeapLimit), region RAM overflowed)
                0x00000001                        ASSERT (((__binary_info_header_end - __logical_binary_start) <= 0x100), Binary info must be in first 256 bytes of the binary)
LOAD CMakeFiles/lab5_nosys.dir/2201354.c.obj
LOAD CMakeFiles/lab5_nosys.dir/Users/KuangYi/Desktop/EmbeddedSystems/pico/pico-sdk/lib/lwip/contrib/apps/ping/ping.c.obj
LOAD CMakeFiles/lab5_nosys.dir/Users/KuangYi/Desktop/EmbeddedSystems/pico/pico-sdk/src/rp2_common/pico_lwip/lwip_nosys.c.obj
LOAD CMakeFiles/lab5_nosys.dir/Users/KuangYi/Desktop/EmbeddedSystems/pico/pico-sdk/src/rp2_common/pico_async_context/async_context_base.c.obj
LOAD CMakeFiles/lab5_nosys.dir/Users/KuangYi/Desktop/EmbeddedSystems/pico/pico-sdk/src/rp2_common/pico_platform/platform.c.obj
LOAD CMakeFiles/lab5_nosys.dir/Users/KuangYi/Desktop/EmbeddedSystems/pico/pico-sdk/src/rp2_common/pico_rand/rand.c.obj
LOAD CMakeFiles/lab5_nosys.dir/Users/KuangYi/Desktop/EmbeddedSystems/pico/pico-sdk/src/rp2_common/pico_unique_id/unique_id.c.obj
LOAD CMakeFiles/lab5_nosys.dir/Users/KuangYi/Desktop/EmbeddedSystems/pico/pico-sdk/src/rp2_common/hardware_flash/flash.c.obj
LOAD CMakeFiles/lab5_nosys.dir/Users/KuangYi/Desktop/EmbeddedSystems/pico/pico-sdk/src/rp2_common/hardware_claim/claim.c.obj
LOAD CMakeFiles/lab5_nosys.dir/Users/KuangYi/Desktop/EmbeddedSystems/pico/pico-sdk/src/rp2_common/hardware_sync/sync.c.obj
LOAD CMakeFiles/lab5_nosys.dir/Users/KuangYi/Desktop/EmbeddedSystems/pico/pico-sdk/src/rp2_common/pico_bootrom/bootrom.c.obj
LOAD CMakeFiles/lab5_nosys.dir/Users/KuangYi/Desktop/EmbeddedSystems/pico/pico-sdk/src/rp2_common/hardware_clocks/clocks.c.obj
LOAD CMakeFiles/lab5_nosys.dir/Users/KuangYi/Desktop/EmbeddedSystems/pico/pico-sdk/src/rp2_common/hardware_gpio/gpio.c.obj
LOAD CMakeFiles/lab5_nosys.dir/Users/KuangYi/Desktop/EmbeddedSystems/pico/pico-sdk/src/rp2_common/hardware_irq/irq.c.obj
LOAD CMakeFiles/lab5_nosys.dir/Users/KuangYi/Desktop/EmbeddedSystems/pico/pico-sdk/src/rp2_common/hardware_irq/irq_handler_chain.S.obj
LOAD CMakeFiles/lab5_nosys.dir/Users/KuangYi/Desktop/EmbeddedSystems/pico/pico-sdk/src/common/pico_sync/sem.c.obj
LOAD CMakeFiles/lab5_nosys.dir/Users/KuangYi/Desktop/EmbeddedSystems/pico/pico-sdk/src/common/pico_sync/lock_core.c.obj
LOAD CMakeFiles/lab5_nosys.dir/Users/KuangYi/Desktop/EmbeddedSystems/pico/pico-sdk/src/common/pico_sync/mutex.c.obj
LOAD CMakeFiles/lab5_nosys.dir/Users/KuangYi/Desktop/EmbeddedSystems/pico/pico-sdk/src/common/pico_sync/critical_section.c.obj
LOAD CMakeFiles/lab5_nosys.dir/Users/KuangYi/Desktop/EmbeddedSystems/pico/pico-sdk/src/common/pico_time/time.c.obj
LOAD CMakeFiles/lab5_nosys.dir/Users/KuangYi/Desktop/EmbeddedSystems/pico/pico-sdk/src/common/pico_time/timeout_helper.c.obj
LOAD CMakeFiles/lab5_nosys.dir/Users/KuangYi/Desktop/EmbeddedSystems/pico/pico-sdk/src/rp2_common/hardware_timer/timer.c.obj
LOAD CMakeFiles/lab5_nosys.dir/Users/KuangYi/Desktop/EmbeddedSystems/pico/pico-sdk/src/common/pico_util/datetime.c.obj
LOAD CMakeFiles/lab5_nosys.dir/Users/KuangYi/Desktop/EmbeddedSystems/pico/pico-sdk/src/common/pico_util/pheap.c.obj
LOAD CMakeFiles/lab5_nosys.dir/Users/KuangYi/Desktop/EmbeddedSystems/pico/pico-sdk/src/common/pico_util/queue.c.obj
LOAD CMakeFiles/lab5_nosys.dir/Users/KuangYi/Desktop/EmbeddedSystems/pico/pico-sdk/src/rp2_common/hardware_pll/pll.c.obj
LOAD CMakeFiles/lab5_nosys.dir/Users/KuangYi/Desktop/EmbeddedSystems/pico/pico-sdk/src/rp2_common/hardware_vreg/vreg.c.obj
LOAD CMakeFiles/lab5_nosys.dir/Users/KuangYi/Desktop/EmbeddedSystems/pico/pico-sdk/src/rp2_common/hardware_watchdog/watchdog.c.obj
LOAD CMakeFiles/lab5_nosys.dir/Users/KuangYi/Desktop/EmbeddedSystems/pico/pico-sdk/src/rp2_common/hardware_xosc/xosc.c.obj
LOAD CMakeFiles/lab5_nosys.dir/Users/KuangYi/Desktop/EmbeddedSystems/pico/pico-sdk/lib/lwip/src/core/init.c.obj
LOAD CMakeFiles/lab5_nosys.dir/Users/KuangYi/Desktop/EmbeddedSystems/pico/pico-sdk/lib/lwip/src/core/def.c.obj
LOAD CMakeFiles/lab5_nosys.dir/Users/KuangYi/Desktop/EmbeddedSystems/pico/pico-sdk/lib/lwip/src/core/dns.c.obj
LOAD CMakeFiles/lab5_nosys.dir/Users/KuangYi/Desktop/EmbeddedSystems/pico/pico-sdk/lib/lwip/src/core/inet_chksum.c.obj
LOAD CMakeFiles/lab5_nosys.dir/Users/KuangYi/Desktop/EmbeddedSystems/pico/pico-sdk/lib/lwip/src/core/ip.c.obj
LOAD CMakeFiles/lab5_nosys.dir/Users/KuangYi/Desktop/EmbeddedSystems/pico/pico-sdk/lib/lwip/src/core/mem.c.obj
LOAD CMakeFiles/lab5_nosys.dir/Users/KuangYi/Desktop/EmbeddedSystems/pico/pico-sdk/lib/lwip/src/core/memp.c.obj
LOAD CMakeFiles/lab5_nosys.dir/Users/KuangYi/Desktop/EmbeddedSystems/pico/pico-sdk/lib/lwip/src/core/netif.c.obj
LOAD CMakeFiles/lab5_nosys.dir/Users/KuangYi/Desktop/EmbeddedSystems/pico/pico-sdk/lib/lwip/src/core/pbuf.c.obj
LOAD CMakeFiles/lab5_nosys.dir/Users/KuangYi/Desktop/EmbeddedSystems/pico/pico-sdk/lib/lwip/src/core/raw.c.obj
LOAD CMakeFiles/lab5_nosys.dir/Users/KuangYi/Desktop/EmbeddedSystems/pico/pico-sdk/lib/lwip/src/core/stats.c.obj
LOAD CMakeFiles/lab5_nosys.dir/Users/KuangYi/Desktop/EmbeddedSystems/pico/pico-sdk/lib/lwip/src/core/sys.c.obj
LOAD CMakeFiles/lab5_nosys.dir/Users/KuangYi/Desktop/EmbeddedSystems/pico/pico-sdk/lib/lwip/src/core/altcp.c.obj
LOAD CMakeFiles/lab5_nosys.dir/Users/KuangYi/Desktop/EmbeddedSystems/pico/pico-sdk/lib/lwip/src/core/altcp_alloc.c.obj
LOAD CMakeFiles/lab5_nosys.dir/Users/KuangYi/Desktop/EmbeddedSystems/pico/pico-sdk/lib/lwip/src/core/altcp_tcp.c.obj
LOAD CMakeFiles/lab5_nosys.dir/Users/KuangYi/Desktop/EmbeddedSystems/pico/pico-sdk/lib/lwip/src/core/tcp.c.obj
LOAD CMakeFiles/lab5_nosys.dir/Users/KuangYi/Desktop/EmbeddedSystems/pico/pico-sdk/lib/lwip/src/core/tcp_in.c.obj
LOAD CMakeFiles/lab5_nosys.dir/Users/KuangYi/Desktop/EmbeddedSystems/pico/pico-sdk/lib/lwip/src/core/tcp_out.c.obj
LOAD CMakeFiles/lab5_nosys.dir/Users/KuangYi/Desktop/EmbeddedSystems/pico/pico-sdk/lib/lwip/src/core/timeouts.c.obj
LOAD CMakeFiles/lab5_nosys.dir/Users/KuangYi/Desktop/EmbeddedSystems/pico/pico-sdk/lib/lwip/src/core/udp.c.obj
LOAD CMakeFiles/lab5_nosys.dir/Users/KuangYi/Desktop/EmbeddedSystems/pico/pico-sdk/lib/lwip/src/core/ipv4/autoip.c.obj
LOAD CMakeFiles/lab5_nosys.dir/Users/KuangYi/Desktop/EmbeddedSystems/pico/pico-sdk/lib/lwip/src/core/ipv4/dhcp.c.obj
LOAD CMakeFiles/lab5_nosys.dir/Users/KuangYi/Desktop/EmbeddedSystems/pico/pico-sdk/lib/lwip/src/core/ipv4/etharp.c.obj
LOAD CMakeFiles/lab5_nosys.dir/Users/KuangYi/Desktop/EmbeddedSystems/pico/pico-sdk/lib/lwip/src/core/ipv4/icmp.c.obj
LOAD CMakeFiles/lab5_nosys.dir/Users/KuangYi/Desktop/EmbeddedSystems/pico/pico-sdk/lib/lwip/src/core/ipv4/igmp.c.obj
LOAD CMakeFiles/lab5_nosys.dir/Users/KuangYi/Desktop/EmbeddedSystems/pico/pico-sdk/lib/lwip/src/core/ipv4/ip4_frag.c.obj
LOAD CMakeFiles/lab5_nosys.dir/Users/KuangYi/Desktop/EmbeddedSystems/pico/pico-sdk/lib/lwip/src/core/ipv4/ip4.c.obj
LOAD CMakeFiles/lab5_nosys.dir/Users/KuangYi/Desktop/EmbeddedSystems/pico/pico-sdk/lib/lwip/src/core/ipv4/ip4_addr.c.obj
LOAD CMakeFiles/lab5_nosys.dir/Users/KuangYi/Desktop/EmbeddedSystems/pico/pico-sdk/lib/lwip/src/core/ipv4/acd.c.obj
LOAD CMakeFiles/lab5_nosys.dir/Users/KuangYi/Desktop/EmbeddedSystems/pico/pico-sdk/lib/lwip/src/core/ipv6/dhcp6.c.obj
LOAD CMakeFiles/lab5_nosys.dir/Users/KuangYi/Desktop/EmbeddedSystems/pico/pico-sdk/lib/lwip/src/core/ipv6/ethip6.c.obj
LOAD CMakeFiles/lab5_nosys.dir/Users/KuangYi/Desktop/EmbeddedSystems/pico/pico-sdk/lib/lwip/src/core/ipv6/icmp6.c.obj
LOAD CMakeFiles/lab5_nosys.dir/Users/KuangYi/Desktop/EmbeddedSystems/pico/pico-sdk/lib/lwip/src/core/ipv6/inet6.c.obj
LOAD CMakeFiles/lab5_nosys.dir/Users/KuangYi/Desktop/EmbeddedSystems/pico/pico-sdk/lib/lwip/src/core/ipv6/ip6.c.obj
LOAD CMakeFiles/lab5_nosys.dir/Users/KuangYi/Desktop/EmbeddedSystems/pico/pico-sdk/lib/lwip/src/core/ipv6/ip6_addr.c.obj
LOAD CMakeFiles/lab5_nosys.dir/Users/KuangYi/Desktop/EmbeddedSystems/pico/pico-sdk/lib/lwip/src/core/ipv6/ip6_frag.c.obj
LOAD CMakeFiles/lab5_nosys.dir/Users/KuangYi/Desktop/EmbeddedSystems/pico/pico-sdk/lib/lwip/src/core/ipv6/mld6.c.obj
LOAD CMakeFiles/lab5_nosys.dir/Users/KuangYi/Desktop/EmbeddedSystems/pico/pico-sdk/lib/lwip/src/core/ipv6/nd6.c.obj
LOAD CMakeFiles/lab5_nosys.dir/Users/KuangYi/Desktop/EmbeddedSystems/pico/pico-sdk/lib/lwip/src/api/api_lib.c.obj
LOAD CMakeFiles/lab5_nosys.dir/Users/KuangYi/Desktop/EmbeddedSystems/pico/pico-sdk/lib/lwip/src/api/api_msg.c.obj
LOAD CMakeFiles/lab5_nosys.dir/Users/KuangYi/Desktop/EmbeddedSystems/pico/pico-sdk/lib/lwip/src/api/err.c.obj
LOAD CMakeFiles/lab5_nosys.dir/Users/KuangYi/Desktop/EmbeddedSystems/pico/pico-sdk/lib/lwip/src/api/if_api.c.obj
LOAD CMakeFiles/lab5_nosys.dir/Users/KuangYi/Desktop/EmbeddedSystems/pico/pico-sdk/lib/lwip/src/api/netbuf.c.obj
LOAD CMakeFiles/lab5_nosys.dir/Users/KuangYi/Desktop/EmbeddedSystems/pico/pico-sdk/lib/lwip/src/api/netdb.c.obj
LOAD CMakeFiles/lab5_nosys.dir/Users/KuangYi/Desktop/EmbeddedSystems/pico/pico-sdk/lib/lwip/src/api/netifapi.c.obj
LOAD CMakeFiles/lab5_nosys.dir/Users/KuangYi/Desktop/EmbeddedSystems/pico/pico-sdk/lib/lwip/src/api/sockets.c.obj
LOAD CMakeFiles/lab5_nosys.dir/Users/KuangYi/Desktop/EmbeddedSystems/pico/pico-sdk/lib/lwip/src/api/tcpip.c.obj
LOAD CMakeFiles/lab5_nosys.dir/Users/KuangYi/Desktop/EmbeddedSystems/pico/pico-sdk/lib/lwip/src/netif/ethernet.c.obj
LOAD CMakeFiles/lab5_nosys.dir/Users/KuangYi/Desktop/EmbeddedSystems/pico/pico-sdk/lib/lwip/src/netif/bridgeif.c.obj
LOAD CMakeFiles/lab5_nosys.dir/Users/KuangYi/Desktop/EmbeddedSystems/pico/pico-sdk/lib/lwip/src/netif/bridgeif_fdb.c.obj
LOAD CMakeFiles/lab5_nosys.dir/Users/KuangYi/Desktop/EmbeddedSystems/pico/pico-sdk/lib/lwip/src/netif/slipif.c.obj
LOAD CMakeFiles/lab5_nosys.dir/Users/KuangYi/Desktop/EmbeddedSystems/pico/pico-sdk/lib/lwip/src/netif/lowpan6_common.c.obj
LOAD CMakeFiles/lab5_nosys.dir/Users/KuangYi/Desktop/EmbeddedSystems/pico/pico-sdk/lib/lwip/src/netif/lowpan6.c.obj
LOAD CMakeFiles/lab5_nosys.dir/Users/KuangYi/Desktop/EmbeddedSystems/pico/pico-sdk/lib/lwip/src/netif/lowpan6_ble.c.obj
LOAD CMakeFiles/lab5_nosys.dir/Users/KuangYi/Desktop/EmbeddedSystems/pico/pico-sdk/lib/lwip/src/netif/zepif.c.obj
LOAD CMakeFiles/lab5_nosys.dir/Users/KuangYi/Desktop/EmbeddedSystems/pico/pico-sdk/lib/lwip/src/netif/ppp/auth.c.obj
LOAD CMakeFiles/lab5_nosys.dir/Users/KuangYi/Desktop/EmbeddedSystems/pico/pico-sdk/lib/lwip/src/netif/ppp/ccp.c.obj
LOAD CMakeFiles/lab5_nosys.dir/Users/KuangYi/Desktop/EmbeddedSystems/pico/pico-sdk/lib/lwip/src/netif/ppp/chap-md5.c.obj
LOAD CMakeFiles/lab5_nosys.dir/Users/KuangYi/Desktop/EmbeddedSystems/pico/pico-sdk/lib/lwip/src/netif/ppp/chap_ms.c.obj
LOAD CMakeFiles/lab5_nosys.dir/Users/KuangYi/Desktop/EmbeddedSystems/pico/pico-sdk/lib/lwip/src/netif/ppp/chap-new.c.obj
LOAD CMakeFiles/lab5_nosys.dir/Users/KuangYi/Desktop/EmbeddedSystems/pico/pico-sdk/lib/lwip/src/netif/ppp/demand.c.obj
LOAD CMakeFiles/lab5_nosys.dir/Users/KuangYi/Desktop/EmbeddedSystems/pico/pico-sdk/lib/lwip/src/netif/ppp/eap.c.obj
LOAD CMakeFiles/lab5_nosys.dir/Users/KuangYi/Desktop/EmbeddedSystems/pico/pico-sdk/lib/lwip/src/netif/ppp/ecp.c.obj
LOAD CMakeFiles/lab5_nosys.dir/Users/KuangYi/Desktop/EmbeddedSystems/pico/pico-sdk/lib/lwip/src/netif/ppp/eui64.c.obj
LOAD CMakeFiles/lab5_nosys.dir/Users/KuangYi/Desktop/EmbeddedSystems/pico/pico-sdk/lib/lwip/src/netif/ppp/fsm.c.obj
LOAD CMakeFiles/lab5_nosys.dir/Users/KuangYi/Desktop/EmbeddedSystems/pico/pico-sdk/lib/lwip/src/netif/ppp/ipcp.c.obj